******************************************************************************
            TI ARM Clang Linker PC v3.2.2                      
******************************************************************************
>> Linked Tue Dec 17 14:59:26 2024

OUTPUT FILE NAME:   <oob_peripheral_basic_ble_LP_EM_CC2340R5_freertos_ticlang.out>
ENTRY POINT SYMBOL: "resetISR"  address: 0002a275


MEMORY CONFIGURATION

         name            origin    length      used     unused   attr    fill
----------------------  --------  ---------  --------  --------  ----  --------
  FLASH                 00000000   0007c000  0002fee0  0004c120  R  X
  NVS_SLOT              0007c000   00004000  00004000  00000000  R  X
  SRAM                  20000000   00009000  00008794  0000086c  RW X
  S2RRAM                40098000   00001000  00000000  00001000  RW  
  CCFG                  4e020000   00000800  00000800  00000000  R   
  LOG_DATA              90000000   00040000  00000000  00040000  R   
  LOG_PTR               94000008   00040000  00000000  00040000  R   


SEGMENT ALLOCATION MAP

run origin  load origin   length   init length attrs members
----------  ----------- ---------- ----------- ----- -------
00000000    00000000    0002fee4   0002fee4    r-x
  00000000    00000000    0000008c   0000008c    r-- .resetVecs
  00000090    00000090    0002b0c8   0002b0c8    r-x .text
  0002b158    0002b158    00004790   00004790    r-- .rodata
  0002f8e8    0002f8e8    000005fc   000005fc    r-- .cinit
0007c000    0007c000    00004000   00000000    rw-
  0007c000    0007c000    00004000   00000000    rw- .TI.bound:flashBuf0
20000400    20000400    00000020   00000000    rw-
  20000400    20000400    00000010   00000000    rw- .TI.bound:dmaChannel0ControlTableEntry
  20000410    20000410    00000010   00000000    rw- .TI.bound:dmaChannel1ControlTableEntry
20000440    20000440    00000020   00000000    rw-
  20000440    20000440    00000010   00000000    rw- .TI.bound:dmaChannel4ControlTableEntry
  20000450    20000450    00000010   00000000    rw- .TI.bound:dmaChannel5ControlTableEntry
20000460    20000460    000083aa   00000000    rw-
  20000460    20000460    000070a6   00000000    rw- .bss
  20007508    20007508    00001302   00000000    rw- .data
20008ce0    20008ce0    00000320   00000000    rw-
  20008ce0    20008ce0    00000320   00000000    rw- .stack
4e020000    4e020000    00000800   00000800    r--
  4e020000    4e020000    00000800   00000800    r-- .ccfg


SECTION ALLOCATION MAP

 output                                  attributes/
section   page    origin      length       input sections
--------  ----  ----------  ----------   ----------------
.resetVecs 
*          0    00000000    0000008c     
                  00000000    0000008c     ti_freertos_config.o (.resetVecs)

.binit     0    00000000    00000000     

.text      0    00000090    0002b0c8     
                  00000090    00000c50     rcl_cc23x0r5.a : ble5.c.obj (.text.RCL_Handler_BLE5_adv)
                  00000ce0    0000092c     OneLib.a : OneLib_LL_ble.obj (.text.llProcessPeripheralControlPacket)
                  0000160c    000007b0     StackWrapper.a : StackWrapper_Host_gapbondmgr.obj (.text.GAPBondMgr_ProcessGAPMsg)
                  00001dbc    000005c4     OneLib.a : OneLib_LL_ll_peripheral_end_causes.obj (.text.llProcessPeripheralControlProcedures)
                  00002380    00000594              : OneLib_LL_ll_adv_end_causes.obj (.text.llAdv_TaskConnect)
                  00002914    00000510     nvocmp.o (.text.NVOCMP_compactPage)
                  00002e24    000004d8     nvocmp.o (.text.NVOCMP_initNvApi)
                  000032fc    000004ac     rcl_cc23x0r5.a : ble5.c.obj (.text.RCL_Handler_BLE5_conn)
                  000037a8    00000414     OneLib.a : OneLib_LL_ll_ae.obj (.text.llSetupExtAdvLegacy)
                  00003bbc    000003c8     app_simple_gatt.o (.text.SimpleGatt_changeCB)
                  00003f84    00000388     OneLib.a : OneLib_LL_ll_peripheral_end_causes.obj (.text.llPeripheral_TaskEnd)
                  0000430c    00000380     ecc.a : scalarMul.c.obj (.text.SCALARMUL_core)
                  0000468c    00000378     StackWrapper.a : StackWrapper_Host_gapbondmgr.obj (.text.GAPBondMgr_SetParameter)
                  00004a04    00000354     OneLib.a : OneLib_LL_ll_scheduler.obj (.text.llScheduler)
                  00004d58    0000034c     ti_freertos_config.o (.text.doPrint)
                  000050a4    00000330     ecc.a : scalarMul.c.obj (.text.ATOMICPATTERN)
                  000053d4    00000328     OneLib.a : OneLib_LL_ll_peripheral_end_causes.obj (.text.llSetupNextPeripheralEvent)
                  000056fc    00000310     ecc.a : lowlevelapi_m0_gnu.s.obj (.text)
                  00005a0c    000002f0     OneLib.a : OneLib_LL_ll.obj (.text.LE_SetExtAdvEnable)
                  00005cfc    000002e0     ecc.a : ECCSW.c.obj (.text.ECCSW_ECDSAVerify)
                  00005fdc    000002c8     rcl_cc23x0r5.a : LRF.c.obj (.text.LRF_applySettings)
                  000062a4    000002a4     OneLib.a : OneLib_LL_ll.obj (.text.LE_SetExtAdvParams)
                  00006548    000002a0     rcl_cc23x0r5.a : LRFCC23X0.c.obj (.text.LRF_programFrequency)
                  000067e8    00000284     StackWrapper.a : StackWrapper_Host_gapbondmgr.obj (.text.GAPBondMgr_ProcessEvent)
                  00006a6c    00000260     OneLib.a : OneLib_LL_ll_common.obj (.text.llAllocConnId)
                  00006ccc    0000023c              : OneLib_Host_Profiles_gattservapp.obj (.text.GATTServApp_ReadAttr)
                  00006f08    00000228              : OneLib_HCI_hci_event.obj (.text.LL_EnhancedConnectionCompleteCback)
                  00007130    00000228     nvocmp.o (.text.NVOCMP_addItem)
                  00007358    00000228     rcl_cc23x0r5.a : adc_noise.c.obj (.text.RCL_Handler_ADC_Noise_getNoise)
                  00007580    00000228     OneLib.a : OneLib_LL_ll_common.obj (.text.llRealignConn)
                  000077a8    00000220              : OneLib_LL_ll_isr.obj (.text.llRxEntryDoneEventHandleStateConnection)
                  000079c8    0000021c     drivers_cc23x0r5.a : AESCCMLPF3.c.obj (.text.AESCCMLPF3_processSegmentedCBCMAC)
                  00007be4    0000021c     OneLib.a : OneLib_Host_GATT_gatt_client.obj (.text.gattClientProcessMsgCB)
                  00007e00    00000218     rcl_cc23x0r5.a : LRFCC23X0.c.obj (.text.LRF_temperatureCompensateTrim)
                  00008018    00000218                    : RCL.c.obj (.text.rclCommandHwi)
                  00008230    00000214     drivers_cc23x0r5.a : UART2LPF3.c.obj (.text.UART2LPF3_hwiIntFxn)
                  00008444    00000200     OneLib.a : OneLib_Host_SM_sm_rsppairing.obj (.text.smResponderSendNextKeyInfo)
                  00008644    000001e4              : OneLib_Host_SM_sm_pairing.obj (.text.smSavePairInfo)
                  00008828    000001d8     ecc.a : scalarMul.c.obj (.text.INVERT)
                  00008a00    000001d8     drivers_cc23x0r5.a : RNGLPF3RF.c.obj (.text.RNGLPF3RF_conditionNoiseToGenerateSeed)
                  00008bd8    000001d8     ti_freertos_config.o (.text.mq_open)
                  00008db0    000001d4     OneLib.a : OneLib_LL_ll.obj (.text.LL_Reset)
                  00008f84    000001d4     rcl_cc23x0r5.a : LRFCC23X0.c.obj (.text.LRF_setupRadio)
                  00009158    000001cc     OneLib.a : OneLib_LL_ll_common.obj (.text.llProcessPeripheralConnectionCreated)
                  00009324    000001c4              : OneLib_Host_GAP_gap_advertiser.obj (.text.GapAdv_create)
                  000094e8    000001c4              : OneLib_Host_GAP_gap_advertiser.obj (.text.gapAdv_controllerCb)
                  000096ac    000001c0     drivers_cc23x0r5.a : AESCMACLPF3.c.obj (.text.AESCMACLPF3_startOperation)
                  0000986c    000001c0     OneLib.a : OneLib_LL_ll.obj (.text.LL_AddDeviceToResolvingList)
                  00009a2c    000001bc              : OneLib_LL_ll_adv_end_causes.obj (.text.llExtAdv_PostProcess)
                  00009be8    000001b0              : OneLib_Host_GAP_gap_task.obj (.text.gapProcessBLEEvents)
                  00009d98    000001a8     drivers_cc23x0r5.a : ECDHLPF3SW.c.obj (.text.ECDH_computeSharedSecret)
                  00009f40    000001a8     ecc.a : scalarMul.c.obj (.text.JACADD)
                  0000a0e8    000001a4           : scalarMul25519.c.obj (.text.X25519_core)
                  0000a28c    000001a0     ti_freertos_config.o (.text.PowerCC23X0_standbyPolicy)
                  0000a42c    0000019c     OneLib.a : OneLib_LL_ll.obj (.text.LL_Init)
                  0000a5c8    0000019c     drivers_cc23x0r5.a : UART2LPF3.c.obj (.text.UART2LPF3_initHw)
                  0000a764    00000194     StackWrapper.a : StackWrapper_OSAL_osal.obj (.text.osal_run_system)
                  0000a8f8    00000192     libclang_rt.builtins.a : adddf3.S.obj (.text.adddf3_subdf3)
                  0000aa8a    00000002     ti_drivers_config.o (.text.Board_initHook)
                  0000aa8c    0000018c     OneLib.a : OneLib_LL_ll_scheduler.obj (.text.llFindStartType)
                  0000ac18    00000184     drivers_cc23x0r5.a : AESCCMLPF3.c.obj (.text.AESCCMLPF3_hwiFxn)
                  0000ad9c    00000180                        : Button.c.obj (.text.Button_clockTimeoutHandler)
                  0000af1c    00000180     OneLib.a : OneLib_LL_ll_isr.obj (.text.LL_rclAdvRxEntryDone)
                  0000b09c    00000180              : OneLib_Host_SM_sm_mgr.obj (.text.sm_f5)
                  0000b21c    0000017c     nvocmp.o (.text.NVOCMP_findItem)
                  0000b398    0000017c     simple_gatt_profile.o (.text.SimpleGattProfile_writeAttrCB)
                  0000b514    0000017c     drivers_cc23x0r5.a : UART2LPF3.c.obj (.text.UART2_open)
                  0000b690    0000017c     StackWrapper.a : StackWrapper_Host_gapbondmgr.obj (.text.gapBondMgrAuthenticate)
                  0000b80c    0000017c     OneLib.a : OneLib_Host_L2CAP_l2cap_task.obj (.text.l2capProcessReq)
                  0000b988    0000017c              : OneLib_Host_SM_sm_task.obj (.text.smProcessHCIBLEMetaEventCode)
                  0000bb04    0000017a     drivers_cc23x0r5.a : AESCCMLPF3.c.obj (.text.AESCCMLPF3_oneStepOperation)
                  0000bc7e    00000002     ble_user_config.o (.text.DefaultAssertCback)
                  0000bc80    00000170     OneLib.a : OneLib_Host_Profiles_gattservapp.obj (.text.gattServApp_ProcessReadByGrpTypeReq)
                  0000bdf0    00000170              : OneLib_LL_ll_data.obj (.text.llDynamicAlloc)
                  0000bf60    0000016e              : OneLib_LL_ll_common.obj (.text.llSelectConn)
                  0000c0ce    00000002     display_cc23x0r5.a : DisplayUart2.c.obj (.text.DisplayUart2Ansi_init)
                  0000c0d0    0000016c     OneLib.a : OneLib_Host_GATT_gatt_server.obj (.text.gattServerProcessMsgCB)
                  0000c23c    0000016c     ti_freertos_config.o (.text.prvTimerTask)
                  0000c3a8    00000168     OneLib.a : OneLib_Host_Profiles_gattservapp.obj (.text.gattServApp_ProcessMsg)
                  0000c510    00000164     StackWrapper.a : StackWrapper_Host_gap.obj (.text.GAP_DeviceInit)
                  0000c674    00000164     drivers_cc23x0r5.a : UART2.c.obj (.text.UART2_writeTimeoutBlocking)
                  0000c7d8    00000160     OneLib.a : OneLib_Host_GAP_gap_task.obj (.text.gapProcessHCICmdCompleteEvt)
                  0000c938    00000160              : OneLib_LL_ll_scheduler.obj (.text.llFindNextSecTask)
                  0000ca98    0000015c              : OneLib_LL_ll.obj (.text.LL_ProcessEvent)
                  0000cbf4    00000158              : OneLib_Host_Profiles_gattservapp.obj (.text.gattServApp_ProcessReadByTypeReq)
                  0000cd4c    00000150     bleapputil_task.o (.text.BLEAppUtil_Task)
                  0000ce9c    00000150     OneLib.a : OneLib_Host_GAP_gap_advertiser.obj (.text.GapAdv_enable)
                  0000cfec    00000150              : OneLib_Host_Profiles_gattservapp.obj (.text.gattServApp_ProcessFindByTypeValueReq)
                  0000d13c    00000150              : OneLib_LL_ll_common.obj (.text.llCombinePDU)
                  0000d28c    00000150     ti_freertos_config.o (.text.xQueueSemaphoreTake)
                  0000d3dc    0000014c     drivers_cc23x0r5.a : RNGLPF3RF.c.obj (.text.RNGLPF3RF_getValidatedNumber)
                  0000d528    0000014c     OneLib.a : OneLib_Host_L2CAP_l2cap_util.obj (.text.l2capReassembleSegment)
                  0000d674    0000014c              : OneLib_LL_ll_common.obj (.text.llCalcConnMaxTimeLength)
                  0000d7c0    0000014c     rcl_cc23x0r5.a : RCL.c.obj (.text.rclStop)
                  0000d90c    00000140     app_connection.o (.text.Connection_ConnEventHandler)
                  0000da4c    00000140     OneLib.a : OneLib_LL_ll_common.obj (.text.llConnCleanup)
                  0000db8c    00000140     rcl_cc23x0r5.a : RCL_Scheduler.c.obj (.text.rclSchedulerProcessCmdStartStopTime)
                  0000dccc    0000013c     StackWrapper.a : StackWrapper_Host_gapbondmgr.obj (.text.gapBondMgrSaveBond)
                  0000de08    00000138     drivers_cc23x0r5.a : NVSLPF3.c.obj (.text.NVSLPF3_write)
                  0000df40    00000134     OneLib.a : OneLib_LL_ll_isr.obj (.text.llLastCmdDoneEventHandleConnectRequest)
                  0000e074    00000130     ecc.a : ECCSW.c.obj (.text.ECCSW_validatePublicKeyWeierstrass)
                  0000e1a4    00000130     OneLib.a : OneLib_LL_ll_common.obj (.text.llGetNextConn)
                  0000e2d4    0000012c              : OneLib_LL_ll_scheduler.obj (.text.llExtAdvSchedSetup)
                  0000e400    0000012a              : OneLib_Host_SM_sm_mgr.obj (.text.sm_CMAC)
                  0000e52a    00000002     drivers_cc23x0r5.a : ECDHLPF3SW.c.obj (.text.ECDH_init)
                  0000e52c    00000128     StackWrapper.a : StackWrapper_Host_gapbondmgr.obj (.text.gapBondMgrEraseBonding)
                  0000e654    00000128     OneLib.a : OneLib_LL_ll_scheduler.obj (.text.llCheckIsSecTaskCollideWithPrimTaskInLsto)
                  0000e77c    00000128     ti_freertos_config.o (.text.xQueueGenericSend)
                  0000e8a4    00000122     icall_POSIX.o (.text.ICall_waitMatch)
                  0000e9c6    00000002     drivers_cc23x0r5.a : ECDSALPF3SW.c.obj (.text.ECDSA_init)
                  0000e9c8    00000120                        : ECDHLPF3SW.c.obj (.text.ECDH_generatePublicKey)
                  0000eae8    0000011c     OneLib.a : OneLib_Host_L2CAP_l2cap_task.obj (.text.l2capProcessRsp)
                  0000ec04    00000118     dev_info_service.o (.text.DevInfo_setParameter)
                  0000ed1c    00000118     ble_stack_api.o (.text.bleStack_initGapBondParams)
                  0000ee34    00000118     OneLib.a : OneLib_Host_Profiles_gattservapp.obj (.text.gattServApp_ProcessReadMultiReq)
                  0000ef4c    00000114     rcl_cc23x0r5.a : ble5.c.obj (.text.RCL_Handler_BLE5_getAuxPtrFromTxBuffer)
                  0000f060    00000114                    : ble5.c.obj (.text.RCL_Handler_BLE5_updateTxBuffers)
                  0000f174    00000114     StackWrapper.a : StackWrapper_OSAL_osal_timers.obj (.text.osalTimerUpdate)
                  0000f288    00000114     ti_freertos_config.o (.text.xQueueReceive)
                  0000f39c    00000110     OneLib.a : OneLib_Host_SM_sm_rsppairing.obj (.text.smpResponderProcessPairingRandom)
                  0000f4ac    0000010c              : OneLib_LL_ll_al.obj (.text.AL_AddEntry)
                  0000f5b8    0000010c     drivers_cc23x0r5.a : UART2LPF3.c.obj (.text.UART2Support_dmaStartRx)
                  0000f6c4    0000010c     OneLib.a : OneLib_Host_GATT_gatt_client.obj (.text.gattProcessMultiReqs)
                  0000f7d0    0000010c              : OneLib_LL_ll_common.obj (.text.llProcessAdvAddrResolutionTimeout)
                  0000f8dc    0000010c     ti_freertos_config.o (.text.prvAddNewTaskToReadyList)
                  0000f9e8    00000108     OneLib.a : OneLib_Host_GATT_gatt_server.obj (.text.GATT_SendRsp)
                  0000faf0    00000108              : OneLib_LL_ll_ae.obj (.text.LE_AE_SetData)
                  0000fbf8    00000108              : OneLib_LL_ll.obj (.text.LL_ConnUpdate)
                  0000fd00    00000108     drivers_cc23x0r5.a : UART2.c.obj (.text.UART2_writeTimeoutNonblocking)
                  0000fe08    00000108     OneLib.a : OneLib_LL_ll_ae.obj (.text.llAddAdvSortedEntry)
                  0000ff10    00000108     ti_freertos_config.o (.text.xTaskIncrementTick)
                  00010018    00000104     OneLib.a : OneLib_Host_SM_sm_mgr.obj (.text.sm_f6)
                  0001011c    00000100     drivers_cc23x0r5.a : AESCTRDRBGXX.c.obj (.text.AESCTRDRBG_reseed)
                  0001021c    00000100     OneLib.a : OneLib_LL_ll.obj (.text.LL_SetPhy)
                  0001031c    00000100              : OneLib_Host_GATT_gatt_server.obj (.text.gattProcessFindInfoReq)
                  0001041c    00000100              : OneLib_Host_GATT_gatt_client.obj (.text.gattProcessReadByType)
                  0001051c    00000100              : OneLib_Host_SM_sm_pairing.obj (.text.smProcessDataMsg)
                  0001061c    00000100     ti_freertos_config.o (.text.xTaskResumeAll)
                  0001071c    000000fe     drivers_cc23x0r5.a : AESCTRDRBGXX.c.obj (.text.AESCTRDRBG_getRandomBytes)
                  0001081a    00000002     driverlib.a : interrupt.c.obj (.text.IntDefaultHandler)
                  0001081c    000000fc     drivers_cc23x0r5.a : AESCTRDRBGXX.c.obj (.text.AESCTRDRBG_construct)
                  00010918    000000fc     app_data.o (.text.GATT_EventHandler)
                  00010a14    000000fc     OneLib.a : OneLib_LL_ll.obj (.text.LL_RemoveDeviceFromResolvingList)
                  00010b10    000000fc     rcl_cc23x0r5.a : ble5.c.obj (.text.RCL_Handler_BLE5_updateAuxPtr)
                  00010c0c    000000fc     OneLib.a : OneLib_LL_ll_ae.obj (.text.llFindNextAdvSet)
                  00010d08    000000f8              : OneLib_Host_GAP_gap_linkmgr.obj (.text.gapPairingCompleteCB)
                  00010e00    000000f8              : OneLib_LL_ll_ae.obj (.text.llBuildExtAdvPacket)
                  00010ef8    000000f8     ti_freertos_config.o (.text.pvPortMalloc)
                  00010ff0    000000f8     OneLib.a : OneLib_Host_SM_sm_rsppairing.obj (.text.smResponderProcessLTKReq)
                  000110e8    000000f4              : OneLib_Host_SM_sm_rsppairing.obj (.text.smpResponderProcessIncoming)
                  000111dc    000000f2     ecc.a : scalarMul.c.obj (.text.SCALARMUL_init)
                  000112ce    00000002     rom_init.o (.text.MAP_LL_SDAA_Init)
                  000112d0    000000f0     OneLib.a : OneLib_Host_GAP_gap_advertiser.obj (.text.GapAdv_loadByHandle)
                  000113c0    000000f0     nvocmp.o (.text.NVOCMP_cleanPage)
                  000114b0    000000f0     ecc.a : scalarMul.c.obj (.text.SCALARMUL_final)
                  000115a0    000000f0     OneLib.a : OneLib_Host_SM_sm_mgr.obj (.text.SM_VerifyAuthenSig)
                  00011690    000000f0     StackWrapper.a : StackWrapper_Host_gapbondmgr.obj (.text.gapBondMgrUpdateCharCfg)
                  00011780    000000f0     OneLib.a : OneLib_Host_SM_sm_mgr.obj (.text.sm_c1new)
                  00011870    000000f0     ti_freertos_config.o (.text.xEventGroupWaitBits)
                  00011960    000000ec     drivers_cc23x0r5.a : AESCCMLPF3.c.obj (.text.AESCCMLPF3_processOneStepCBCMACPolling)
                  00011a4c    000000ec                        : ECDSALPF3SW.c.obj (.text.ECDSA_verify)
                  00011b38    000000ec                        : PowerCC23X0.c.obj (.text.Power_init)
                  00011c24    000000ec     OneLib.a : OneLib_LL_ll_common.obj (.text.llConnExists)
                  00011d10    000000ec     rcl_cc23x0r5.a : RCL.c.obj (.text.rclSchedulerHwi)
                  00011dfc    000000ec     OneLib.a : OneLib_Host_SM_sm_pairing.obj (.text.sm_c1)
                  00011ee8    000000e8              : OneLib_LL_ll_data.obj (.text.llDynamicFree)
                  00011fd0    000000e8     rcl_cc23x0r5.a : RCL.c.obj (.text.rclDispatchHwi)
                  000120b8    000000e8     OneLib.a : OneLib_Host_GAP_gap_linkmgr.obj (.text.sendAuthEvent)
                  000121a0    000000e4     bleapputil_process.o (.text.BLEAppUtil_processGAPEvents)
                  00012284    000000e4     OneLib.a : OneLib_Host_SM_sm_pairing.obj (.text.SM_PasskeyUpdate)
                  00012368    000000e4     libclang_rt.builtins.a : muldf3.S.obj (.text.__muldf3)
                  0001244c    000000e4     OneLib.a : OneLib_Host_Profiles_gapgattserver.obj (.text.ggs_ReadAttrCB)
                  00012530    000000e0     drivers_cc23x0r5.a : Button.c.obj (.text.Button_open)
                  00012610    000000e0     OneLib.a : OneLib_Host_ATT_att_util.obj (.text.attSendMsg)
                  000126f0    000000e0              : OneLib_Host_L2CAP_l2cap_task.obj (.text.l2capProcessConnectReq)
                  000127d0    000000e0              : OneLib_Host_SM_sm_mgr.obj (.text.sm_f4)
                  000128b0    000000e0              : OneLib_Host_SM_sm_mgr.obj (.text.sm_g2)
                  00012990    000000dc     ble_user_config_stack.o (.text.setBleUserConfig)
                  00012a6c    000000d8     OneLib.a : OneLib_HCI_hci_event.obj (.text.LL_ReadLocalP256PublicKeyCompleteEventCback)
                  00012b44    000000d8              : OneLib_LL_ll_scheduler.obj (.text.llAllocTask)
                  00012c1c    000000d8              : OneLib_LL_ll_common.obj (.text.llSendConnEvtCallback)
                  00012cf4    000000d8     ti_freertos_config.o (.text.pthread_create)
                  00012dcc    000000d8     OneLib.a : OneLib_Host_SM_sm_rsppairing.obj (.text.smContPublicKeyExchange)
                  00012ea4    000000d4     drivers_cc23x0r5.a : GPIOLPF3.c.obj (.text.GPIO_init)
                  00012f78    000000d4     OneLib.a : OneLib_LL_ll_ae.obj (.text.LL_GetAdvSet)
                  0001304c    000000d4              : OneLib_HCI_hci_event.obj (.text.LL_PhyUpdateCompleteEventCback)
                  00013120    000000d4     ble_stack_api.o (.text.bleStack_initGatt)
                  000131f4    000000d4     ecc.a : lowlevelapi.c.obj (.text.mSET)
                  000132c8    000000d0     app_pairing.o (.text.Pairing_pairStateHandler)
                  00013398    000000d0     OneLib.a : OneLib_Host_Profiles_gattservapp.obj (.text.gattServApp_IsWriteLong)
                  00013468    000000d0              : OneLib_Host_Profiles_gapgattserver.obj (.text.ggs_WriteAttrCB)
                  00013538    000000d0              : OneLib_Host_SM_sm_pairing.obj (.text.smGenerateAddrInput)
                  00013608    000000cc     StackWrapper.a : StackWrapper_Host_gapbondmgr.obj (.text.GAPBondMgr_FindAddr)
                  000136d4    000000c8     OneLib.a : OneLib_HCI_hci_event.obj (.text.LL_RemoteConnParamReqCback)
                  0001379c    000000c8              : OneLib_LL_ll.obj (.text.LL_TxData)
                  00013864    000000c8     drivers_cc23x0r5.a : PowerCC23X0.c.obj (.text.PowerCC23X0_oscillatorISR)
                  0001392c    000000c8     OneLib.a : OneLib_Host_GAP_gap_advertiser.obj (.text.gapAdv_init)
                  000139f4    000000c8              : OneLib_LL_ll_ae.obj (.text.llSetupExtHdr)
                  00013abc    000000c8     ecc.a : lowlevelapi.c.obj (.text.mINVK)
                  00013b84    000000c4     drivers_cc23x0r5.a : AESCTRLPF3.c.obj (.text.AESCTRLPF3_startOperation)
                  00013c48    000000c4     dev_info_service.o (.text.DevInfo_readAttrCB)
                  00013d0c    000000c4     OneLib.a : OneLib_LL_ll_common.obj (.text.llAlignToNextEvent)
                  00013dd0    000000c4     ti_freertos_config.o (.text.xTaskRemoveFromEventList)
                  00013e94    000000c0     OneLib.a : OneLib_HCI_hci_event.obj (.text.LL_EncLtkReqCback)
                  00013f54    000000c0              : OneLib_HCI_hci_event.obj (.text.LL_GenerateDHKeyCompleteEventCback)
                  00014014    000000c0              : OneLib_LL_ll_privacy.obj (.text.LL_PRIV_UpdateExtALEntry)
                  000140d4    000000c0     drivers_cc23x0r5.a : UART2LPF3.c.obj (.text.UART2Support_dmaStartTx)
                  00014194    000000c0     OneLib.a : OneLib_Host_L2CAP_l2cap_util.obj (.text.l2capSendSegment)
                  00014254    000000c0     StackWrapper.a : StackWrapper_OSAL_osal.obj (.text.osal_set_event)
                  00014314    000000bc     OneLib.a : OneLib_Host_GAP_gap_linkmgr.obj (.text.GAP_Authenticate)
                  000143d0    000000bc              : OneLib_LL_ll_enc.obj (.text.LL_ENC_GenerateDRBGRandNum)
                  0001448c    000000bc              : OneLib_Host_Profiles_gattservapp.obj (.text.gattServApp_ProcessPrepareWriteReq)
                  00014548    000000bc              : OneLib_LL_ll_common.obj (.text.llSetupPhyCtrlPkt)
                  00014604    000000bc              : OneLib_Host_SM_sm_rsppairing.obj (.text.smpResponderSendPairRspEvent)
                  000146c0    000000ba     drivers_cc23x0r5.a : AESCMACLPF3.c.obj (.text.AESCMACLPF3_oneStepOperation)
                  0001477a    00000002     rom_init.o (.text.MAP_LL_SDAA_SampleRXWindow)
                  0001477c    000000b8     OneLib.a : OneLib_Host_GATT_gatt_server.obj (.text.GATT_RegisterService)
                  00014834    000000b8              : OneLib_HCI_hci_event.obj (.text.HCI_NumOfCompletedPacketsEvent)
                  000148ec    000000b8              : OneLib_HCI_hci_event.obj (.text.LL_DataLengthChangeEventCback)
                  000149a4    000000b8              : OneLib_LL_ll.obj (.text.LL_SetDataLen)
                  00014a5c    000000b6     drivers_cc23x0r5.a : AESCTRLPF3.c.obj (.text.AESCTRLPF3_oneStepOperation)
                  00014b12    00000002     rom_init.o (.text.MAP_gapInit_initiatingEnd)
                  00014b14    000000b4     StackWrapper.a : StackWrapper_Host_gapbondmgr.obj (.text.GAPBondMgr_Init)
                  00014bc8    000000b4     OneLib.a : OneLib_Host_GAP_gap_linkmgr.obj (.text.GAP_UpdateLinkParamReqReply)
                  00014c7c    000000b4              : OneLib_HCI_hci_event.obj (.text.LL_ConnParamUpdateCback)
                  00014d30    000000b4     nvocmp.o (.text.NVOCMP_erase)
                  00014de4    000000b4     OneLib.a : OneLib_Host_GAP_gap_linkmgr.obj (.text.gapProcessConnectionCompleteEvt)
                  00014e98    000000b4              : OneLib_Host_L2CAP_l2cap_util.obj (.text.l2capDisconnectAllChannels)
                  00014f4c    000000b0     display_cc23x0r5.a : DisplayUart2.c.obj (.text.DisplayUart2Ansi_vprintf)
                  00014ffc    000000b0     OneLib.a : OneLib_Host_SM_sm_mgr.obj (.text.SM_GenerateAuthenSig)
                  000150ac    000000ac              : OneLib_Host_L2CAP_l2cap_task.obj (.text.L2CAP_Init)
                  00015158    000000ac              : OneLib_LL_ll_isr.obj (.text.LL_rclAdvTxFinished)
                  00015204    000000ac     StackWrapper.a : StackWrapper_Host_gapbondmgr.obj (.text.gapBondMgrEraseLocalInfo)
                  000152b0    000000ac                    : StackWrapper_Host_gapbondmgr.obj (.text.gapBondMgr_syncResolvingList)
                  0001535c    000000aa     OneLib.a : OneLib_LL_ll_common.obj (.text.llApplyParamUpdate)
                  00015406    00000002     rom_init.o (.text.MAP_gapInit_sendConnCancelledEvt)
                  00015408    000000a8     OneLib.a : OneLib_LL_ll.obj (.text.LL_EXT_GetConnInfo)
                  000154b0    000000a8              : OneLib_HCI_hci_data.obj (.text.LL_RxDataCompleteCback)
                  00015558    000000a8              : OneLib_Host_GATT_gatt_client.obj (.text.gattProcessReliableWrites)
                  00015600    000000a8              : OneLib_Host_GATT_gatt_task.obj (.text.gattProcessRxData)
                  000156a8    000000a8              : OneLib_Host_Profiles_gattservapp.obj (.text.gattServApp_HandleConnStatusCB)
                  00015750    000000a8              : OneLib_Host_SM_sm_mgr.obj (.text.generate_subkey)
                  000157f8    000000a8              : OneLib_Host_GAP_linkdb.obj (.text.linkDB_Add)
                  000158a0    000000a8     ti_freertos_config.o (.text.vTaskRemoveFromUnorderedEventList)
                  00015948    000000a8     ti_freertos_config.o (.text.xQueueGenericSendFromISR)
                  000159f0    000000a4     drivers_cc23x0r5.a : AESCCMLPF3.c.obj (.text.AESCCMLPF3_processSegmentedCTR)
                  00015a94    000000a4     OneLib.a : OneLib_Host_Profiles_gattservapp.obj (.text.GATTServApp_Init)
                  00015b38    000000a4              : OneLib_Host_GATT_gatt_task.obj (.text.GATT_bm_alloc)
                  00015bdc    000000a4     rcl_cc23x0r5.a : LRF.c.obj (.text.LRF_TxPowerTable_findValue)
                  00015c80    000000a4     OneLib.a : OneLib_Host_SM_sm_task.obj (.text.SM_ProcessEvent)
                  00015d24    000000a4     StackWrapper.a : StackWrapper_Host_gapbondmgr.obj (.text.gapBondStateStartSecurity)
                  00015dc8    000000a4     OneLib.a : OneLib_LL_ll_scheduler.obj (.text.llFreeTask)
                  00015e6c    000000a4              : OneLib_Host_SM_sm_pairing.obj (.text.smF5Wrapper)
                  00015f10    000000a4              : OneLib_Host_SM_sm_pairing.obj (.text.smProcessEncryptChange)
                  00015fb4    000000a2              : OneLib_Host_GATT_gatt_server.obj (.text.GATT_VerifyWritePermissions)
                  00016056    00000002     rom_init.o (.text.MAP_gapScan_processSessionEndEvt)
                  00016058    000000a2     libclang_rt.builtins.a : udivmoddi4.S.obj (.text)
                  000160fa    00000002     rom_init.o (.text.MAP_gap_CentConnRegister)
                  000160fc    000000a0     OneLib.a : OneLib_HCI_hci_event.obj (.text.LL_EXT_ChanMapUpdateCback)
                  0001619c    000000a0     rcl_cc23x0r5.a : RCL_Scheduler.c.obj (.text.rclSchedulerCancelStopTime)
                  0001623c    0000009c     drivers_cc23x0r5.a : AESECBLPF3.c.obj (.text.AESECBLPF3_startOperation)
                  000162d8    0000009c     app_simple_gatt.o (.text.SimpleGatt_start)
                  00016374    0000009c     StackWrapper.a : StackWrapper_OSAL_osal_cbtimer.obj (.text.cbTimerSetup)
                  00016410    0000009c     ti_freertos_config.o (.text.clock_gettime)
                  000164ac    0000009c     drivers_cc23x0r5.a : NVSLPF3.c.obj (.text.doErase)
                  00016548    0000009c     OneLib.a : OneLib_LL_ll_scheduler.obj (.text.llCmdStartedEventHandle)
                  000165e4    0000009c              : OneLib_LL_ll_ecc.obj (.text.ll_GenerateDHKey)
                  00016680    0000009c              : OneLib_Host_SM_sm_pairing.obj (.text.smGetECCKeys)
                  0001671c    0000009c     ti_freertos_config.o (.text.vTaskSuspend)
                  000167b8    0000009a     drivers_cc23x0r5.a : UART2.c.obj (.text.UART2_writeCancel)
                  00016852    0000009a     OneLib.a : OneLib_Host_Profiles_gattservapp.obj (.text.gattServApp_ProcessWriteReq)
                  000168ec    00000098              : OneLib_LL_ll.obj (.text.LL_SetRandomAddress)
                  00016984    00000098     rcl_cc23x0r5.a : RCL_Buffer.c.obj (.text.RCL_MultiBuffer_RxEntry_next)
                  00016a1c    00000098     OneLib.a : OneLib_Host_Profiles_gattservapp.obj (.text.gattServApp_ProcessReadBlobReq)
                  00016ab4    00000098              : OneLib_Host_Profiles_gattservapp.obj (.text.gattServApp_SetNumPrepareWrites)
                  00016b4c    00000098              : OneLib_LL_ll_common.obj (.text.llFindNextConn)
                  00016be4    00000098     ti_freertos_config.o (.text.vTaskDelete)
                  00016c7c    00000094     OneLib.a : OneLib_HCI_hci_event.obj (.text.HCI_CommandCompleteEvent)
                  00016d10    00000094     icall_POSIX.o (.text.ICall_send)
                  00016da4    00000094     OneLib.a : OneLib_LL_ll_privacy.obj (.text.LL_PRIV_AddExtALEntry)
                  00016e38    00000094     app_menu.o (.text.Menu_doGattWriteCB)
                  00016ecc    00000094     drivers_cc23x0r5.a : NVSLPF3.c.obj (.text.NVSLPF3_open)
                  00016f60    00000094     rcl_cc23x0r5.a : RCL_Scheduler.c.obj (.text.RCL_Scheduler_setStopTimes)
                  00016ff4    00000094     OneLib.a : OneLib_Host_SM_sm_pairing.obj (.text.SM_StartPairing)
                  00017088    00000094     ecc.a : scalarMul.c.obj (.text.SQUAREMULTIPLYWORD)
                  0001711c    00000094     OneLib.a : OneLib_Host_Profiles_gattservapp.obj (.text.gattServApp_ProcessReadReq)
                  000171b0    00000094              : OneLib_Host_L2CAP_l2cap_util.obj (.text.l2capEncapSendData)
                  00017244    00000094              : OneLib_Host_L2CAP_l2cap_util.obj (.text.l2capSendConnectRsp)
                  000172d8    00000094     StackWrapper.a : StackWrapper_OSAL_osal_cbtimer.obj (.text.osal_CbTimerProcessEvent)
                  0001736c    00000094     ti_freertos_config.o (.text.xQueueReceiveFromISR)
                  00017400    00000092     OneLib.a : OneLib_LL_ll_common.obj (.text.llSetupEncRsp)
                  00017492    0000000e              : OneLib_Host_ATT_att_util.obj (.text.ATT_BuildReadByGrpTypeRsp)
                  000174a0    00000092     driverlib.a : aes_ticlang.s.obj (.text)
                  00017532    00000002     rom_init.o (.text.MAP_llDmmDynamicFree)
                  00017534    00000090     display_cc23x0r5.a : DisplayUart2.c.obj (.text.DisplayUart2Ansi_clearLines)
                  000175c4    00000090     OneLib.a : OneLib_Host_GAP_gap_linkmgr.obj (.text.GAP_Bond)
                  00017654    00000090              : OneLib_Host_L2CAP_l2cap_if.obj (.text.L2CAP_SendData)
                  000176e4    00000090     rcl_cc23x0r5.a : RCL_Buffer.c.obj (.text.RCL_MultiBuffer_RxEntry_get)
                  00017774    00000090     drivers_cc23x0r5.a : UART2LPF3.c.obj (.text.UART2_close)
                  00017804    00000090     OneLib.a : OneLib_Host_Profiles_gattservapp.obj (.text.gattServApp_EnqueueReTx)
                  00017894    00000090              : OneLib_LL_ble.obj (.text.llManageControlPacketQueue)
                  00017924    00000090              : OneLib_LL_ll_scheduler.obj (.text.llScheduleTask)
                  000179b4    00000090              : OneLib_LL_ll_ecc.obj (.text.ll_ReadLocalP256PublicKey)
                  00017a44    00000090     osal_icall_ble.o (.text.osalInitTasks)
                  00017ad4    00000090     ti_freertos_config.o (.text.xQueueGenericReset)
                  00017b64    00000090     ecc.a : lowlevelapi.c.obj (.text.zSUB)
                  00017bf4    0000008e     OneLib.a : OneLib_Host_GATT_gatt_task.obj (.text.gattGetPayload)
                  00017c82    0000008e              : OneLib_LL_ll_common.obj (.text.llValidateConnParams)
                  00017d10    0000008c              : OneLib_Host_GAP_gap_linkmgr.obj (.text.GAP_UpdateLinkParamReq)
                  00017d9c    0000008c              : OneLib_Host_GATT_gatt_server.obj (.text.GATT_FindNextAttr)
                  00017e28    0000008c     app_menu.o (.text.Menu_workWithCB)
                  00017eb4    0000008c     rcl_cc23x0r5.a : RCL_AdcNoise.c.obj (.text.RCL_AdcNoise_get_samples_blocking)
                  00017f40    0000008c     OneLib.a : OneLib_Host_GATT_gatt_client.obj (.text.gattClientHandleConnStatusCB)
                  00017fcc    0000008c              : OneLib_Host_GATT_gatt_server.obj (.text.gattServerHandleConnStatusCB)
                  00018058    0000008c              : OneLib_Host_L2CAP_l2cap_util.obj (.text.l2capSendReq)
                  000180e4    0000008c     StackWrapper.a : StackWrapper_OSAL_osal.obj (.text.osal_msg_enqueue_push)
                  00018170    0000008c     OneLib.a : OneLib_Host_SM_sm_pairing.obj (.text.smUpdateEncInfo)
                  000181fc    0000008c     ti_freertos_config.o (.text.vTaskPriorityDisinheritAfterTimeout)
                  00018288    0000008c     ti_freertos_config.o (.text.xQueueGiveFromISR)
                  00018314    0000008c     ti_freertos_config.o (.text.xTaskPriorityInherit)
                  000183a0    0000008a     ecc.a : lowlevelapi.c.obj (.text.zMACC32)
                  0001842a    00000002     rom_init.o (.text.MAP_llDmmSetThreshold)
                  0001842c    00000088     drivers_cc23x0r5.a : AESCTRLPF3.c.obj (.text.AESCTRLPF3_processData)
                  000184b4    00000088     StackWrapper.a : StackWrapper_Host_gapbondmgr.obj (.text.GAPBondMgr_ServiceChangeInd)
                  0001853c    00000088     OneLib.a : OneLib_Host_GATT_gatt_client.obj (.text.GATT_InitClient)
                  000185c4    00000088              : OneLib_HCI_hci_event.obj (.text.HCI_SendCommandCompleteEvent)
                  0001864c    00000088              : OneLib_HCI_hci_event.obj (.text.LL_ChannelSelectionAlgorithmCback)
                  000186d4    00000088              : OneLib_HCI_hci_event.obj (.text.LL_EncChangeCback)
                  0001875c    00000088              : OneLib_LL_ll_privacy.obj (.text.LL_PRIV_FindExtALEntry)
                  000187e4    00000088     nvocmp.o (.text.NVOCMP_getDstPage)
                  0001886c    00000088     StackWrapper.a : StackWrapper_ICallBLE_icall_lite_translation.obj (.text.icall_liteTranslation)
                  000188f4    00000088     OneLib.a : OneLib_Host_SM_sm_rsppairing.obj (.text.smpResponderProcessPairingConfirm)
                  0001897c    00000088     ti_freertos_config.o (.text.vTaskSwitchContext)
                  00018a04    00000088     ti_freertos_config.o (.text.xEventGroupSetBits)
                  00018a8c    00000086     OneLib.a : OneLib_LL_ll.obj (.text.LL_RemoteConnParamReqReply)
                  00018b12    00000086              : OneLib_LL_ll_common.obj (.text.llWriteTxData)
                  00018b98    00000086              : OneLib_Host_SMP_smp.obj (.text.smpBuildPairingReqRsp)
                  00018c1e    00000086              : OneLib_Host_SMP_smp.obj (.text.smpParsePairingReq)
                  00018ca4    00000084              : OneLib_Host_Profiles_gattservapp.obj (.text.GATTServApp_WriteAttr)
                  00018d28    00000084              : OneLib_HCI_hci_event.obj (.text.LL_DisconnectCback)
                  00018dac    00000084              : OneLib_LL_ll_privacy.obj (.text.LL_PRIV_FindPeerInRL)
                  00018e30    00000084              : OneLib_Host_GATT_gatt_client.obj (.text.gattProcessWriteLong)
                  00018eb4    00000084              : OneLib_Host_Profiles_gattservapp.obj (.text.gattServApp_ProcessReliableWrites)
                  00018f38    00000084              : OneLib_Host_L2CAP_l2cap_util.obj (.text.l2capNotifyCreditEvt)
                  00018fbc    00000084              : OneLib_Host_L2CAP_l2cap_task.obj (.text.l2capProcessRxData)
                  00019040    00000084              : OneLib_LL_ll_common.obj (.text.llProcessTxData)
                  000190c4    00000084              : OneLib_LL_ll_common.obj (.text.llSetupConnParamReq)
                  00019148    00000084              : OneLib_LL_ll_common.obj (.text.llSetupConnParamRsp)
                  000191cc    00000084     ti_freertos_config.o (.text.memalign)
                  00019250    00000084     rcl_cc23x0r5.a : RCL_Scheduler.c.obj (.text.rclSchedulerSetNewStopTime)
                  000192d4    00000084     OneLib.a : OneLib_Host_SM_sm_pairing.obj (.text.smGenerateDHKeyCheck)
                  00019358    00000084     driverlib.a : udma.c.obj (.text.uDMASetChannelTransfer)
                  000193dc    00000080     drivers_cc23x0r5.a : AESCTRLPF3.c.obj (.text.AESCTRLPF3_hwiFxn)
                  0001945c    00000080     OneLib.a : OneLib_Host_L2CAP_l2cap_task.obj (.text.L2CAP_ProcessEvent)
                  000194dc    00000080              : OneLib_LL_ll.obj (.text.LL_EXT_GetActiveConnInfo)
                  0001955c    00000080              : OneLib_HCI_hci_event.obj (.text.LL_EncKeyRefreshCback)
                  000195dc    00000080     menu_module.o (.text.MenuModule_printMenuNavBar)
                  0001965c    00000080     simple_gatt_profile.o (.text.SimpleGattProfile_readAttrCB)
                  000196dc    00000080     OneLib.a : OneLib_Host_Profiles_gattservapp.obj (.text.gattServApp_buildReadByTypeRsp)
                  0001975c    00000080              : OneLib_LL_ll_common.obj (.text.llCheckAcceptListUsage)
                  000197dc    00000080              : OneLib_LL_ll_common.obj (.text.llReplaceCtrlPkt)
                  0001985c    00000080              : OneLib_LL_ble.obj (.text.llReplaceRxBuffers)
                  000198dc    00000080     ti_freertos_config.o (.text.prvAddCurrentTaskToDelayedList)
                  0001995c    00000080     OneLib.a : OneLib_Host_SM_sm_task.obj (.text.smProcessHCIBLEEventCode)
                  000199dc    0000007e     ecc.a : scalarMul25519.c.obj (.text.X25519_final)
                  00019a5a    0000007e     OneLib.a : OneLib_LL_ll_common.obj (.text.llSetupLenCtrlPkt)
                  00019ad8    0000007c     ti_freertos_config.o (.text.ClockP_startup)
                  00019b54    0000007c     OneLib.a : OneLib_Host_GATT_gatt_server.obj (.text.GATT_ServiceChangedInd)
                  00019bd0    0000007c              : OneLib_HCI_hci_event.obj (.text.HCI_HardwareErrorEvent)
                  00019c4c    0000007c              : OneLib_Host_L2CAP_l2cap_if.obj (.text.L2CAP_ConnParamUpdateReq)
                  00019cc8    0000007c              : OneLib_HCI_hci_event.obj (.text.LL_AuthPayloadTimeoutExpiredCback)
                  00019d44    0000007c              : OneLib_LL_ll_privacy.obj (.text.LL_PRIV_CheckRLPeerIdEntry)
                  00019dc0    0000007c     ti_freertos_config.o (.text.formatNum)
                  00019e3c    0000007c     StackWrapper.a : StackWrapper_Host_gapbondmgr.obj (.text.gapBondMgr_SyncCharCfg)
                  00019eb8    0000007c     OneLib.a : OneLib_Host_GAP_gap_task.obj (.text.gapProcessOSALMsg)
                  00019f34    0000007c              : OneLib_LL_ll_common.obj (.text.llCBTimer_AptoExpiredCback)
                  00019fb0    0000007c              : OneLib_LL_ll_common.obj (.text.llVerifyConnParamReqParams)
                  0001a02c    0000007c     drivers_cc23x0r5.a : TemperatureLPF3.c.obj (.text.temperatureEventCb)
                  0001a0a8    0000007c     ti_freertos_config.o (.text.xTaskPriorityDisinherit)
                  0001a124    0000007a     OneLib.a : OneLib_Host_GATT_gatt_client.obj (.text.gattResetClientInfo)
                  0001a19e    00000002     rom_init.o (.text.MAP_llHealthUpdate)
                  0001a1a0    00000078     drivers_cc23x0r5.a : AESCMACLPF3.c.obj (.text.AESCMACLPF3_getResult)
                  0001a218    00000078                        : AESECBLPF3.c.obj (.text.AESECB_oneStepEncrypt)
                  0001a290    00000078     ti_freertos_config.o (.text.ClockP_hwiCallback)
                  0001a308    00000078     ecc.a : ECCSW.c.obj (.text.ECCSW_validatePrivateKeyWeierstrass)
                  0001a380    00000078     ti_freertos_config.o (.text.HwiP_construct)
                  0001a3f8    00000078     icall_POSIX.o (.text.ICall_setTimer)
                  0001a470    00000078     OneLib.a : OneLib_LL_ll_enc.obj (.text.LL_ENC_Decrypt)
                  0001a4e8    00000078              : OneLib_LL_ll.obj (.text.LL_EXT_SetMaxDataLen)
                  0001a560    00000078     nvocmp.o (.text.NVOCMP_writeItemApi)
                  0001a5d8    00000078     rcl_cc23x0r5.a : RCL_Scheduler.c.obj (.text.RCL_Scheduler_findStopStatus)
                  0001a650    00000078     simple_gatt_profile.o (.text.SimpleGattProfile_setParameter)
                  0001a6c8    00000078     OneLib.a : OneLib_Host_GAP_gap_perilinkmgr.obj (.text.gapPeriProcessSignalEvt)
                  0001a740    00000078     rcl_cc23x0r5.a : hal_cc23x0.c.obj (.text.hal_init_fsm)
                  0001a7b8    00000078     OneLib.a : OneLib_LL_ll_common.obj (.text.llSetupFeatureSetRsp)
                  0001a830    00000078     StackWrapper.a : StackWrapper_OSAL_osal.obj (.text.osal_msg_receive)
                  0001a8a8    00000078     OneLib.a : OneLib_Host_GAP_gap_linkmgr.obj (.text.sendEstLinkEvent)
                  0001a920    00000078     libc.a : copy_decompress_lzss.c.obj (.text:decompress:lzss)
                  0001a998    00000076     drivers_cc23x0r5.a : AESCTRDRBGXX.c.obj (.text.AESCTRDRBGXX_updateState)
                  0001aa0e    00000076     OneLib.a : OneLib_LL_ll_common.obj (.text.llFragmentPDU)
                  0001aa84    00000076     ti_freertos_config.o (.text.prvCopyDataToQueue)
                  0001aafa    00000002     rom_init.o (.text.MAP_llProcessCentralConnectionCreated)
                  0001aafc    00000074     drivers_cc23x0r5.a : BatMonSupportLPF3.c.obj (.text.BatMonSupportLPF3_init)
                  0001ab70    00000074     StackWrapper.a : StackWrapper_Host_gap.obj (.text.GAP_DeviceInit_validate_params)
                  0001abe4    00000074     OneLib.a : OneLib_Host_Profiles_gattservapp.obj (.text.GATTServApp_ProcessEvent)
                  0001ac58    00000074     icall_POSIX.o (.text.ICall_createRemoteTasksAtRuntime)
                  0001accc    00000074     OneLib.a : OneLib_LL_ll_privacy.obj (.text.LL_PRIV_Init)
                  0001ad40    00000074              : OneLib_Host_L2CAP_l2cap_util.obj (.text.l2capSendCmd)
                  0001adb4    00000074              : OneLib_LL_ll_common.obj (.text.llIsThereACollisionBetweenConn)
                  0001ae28    00000074     ti_freertos_config.o (.text.prvInitialiseNewTask)
                  0001ae9c    00000074     ti_freertos_config.o (.text.prvUnlockQueue)
                  0001af10    00000074     OneLib.a : OneLib_Host_SM_sm_pairing.obj (.text.smOobSCAuthentication)
                  0001af84    00000072              : OneLib_Host_GATT_gatt_server.obj (.text.GATT_VerifyReadPermissions)
                  0001aff6    00000002     rom_init.o (.text.MAP_llProcessCentralControlPacket)
                  0001aff8    00000070     OneLib.a : OneLib_LL_ll_al.obj (.text.AL_FindEntry)
                  0001b068    00000070     app_main.o (.text.App_StackInitDoneHandler)
                  0001b0d8    00000070     OneLib.a : OneLib_Host_GAP_gap_configmgr.obj (.text.GAP_GetDevAddress)
                  0001b148    00000070              : OneLib_Host_GATT_gatt_server.obj (.text.GATT_FindHandleUUID)
                  0001b1b8    00000070              : OneLib_Host_GATT_gatt_server.obj (.text.GATT_InitServer)
                  0001b228    00000070     nvocmp.o (.text.NVOCMP_eraseNvApi)
                  0001b298    00000070     nvocmp.o (.text.NVOCMP_readItemApi)
                  0001b308    00000070     drivers_cc23x0r5.a : PowerCC23X0.c.obj (.text.PowerCC23X0_startHFXT)
                  0001b378    00000070     rcl_cc23x0r5.a : ble5.c.obj (.text.RCL_Handler_BLE5_findRfFreq)
                  0001b3e8    00000070     OneLib.a : OneLib_Host_SM_sm_rsppairing.obj (.text.SM_ResponderInit)
                  0001b458    00000070     simple_gatt_profile.o (.text.SimpleGattProfile_getParameter)
                  0001b4c8    00000070     drivers_cc23x0r5.a : UART2LPF3.c.obj (.text.UART2Support_dmaStopTx)
                  0001b538    00000070     libclang_rt.builtins.a : comparedf2.c.obj (.text.__gedf2)
                  0001b5a8    00000070     StackWrapper.a : StackWrapper_Host_gapbondmgr.obj (.text.gapBondMgrSetStateFlagFromConnhandle)
                  0001b618    00000070     OneLib.a : OneLib_Host_GATT_gatt_client.obj (.text.gattProcessFindInfo)
                  0001b688    00000070     icall_POSIX.o (.text.icall_directAPI)
                  0001b6f8    00000070     OneLib.a : OneLib_Host_L2CAP_l2cap_util.obj (.text.l2capAllocChannel)
                  0001b768    00000070              : OneLib_Host_L2CAP_l2cap_task.obj (.text.l2capProcessOSALMsg)
                  0001b7d8    00000070              : OneLib_LL_ll_common.obj (.text.llCreateCommonFeatureSet)
                  0001b848    00000070              : OneLib_LL_ll_common.obj (.text.llEstimateConnMinTimeLength)
                  0001b8b8    00000070     StackWrapper.a : StackWrapper_OSAL_osal_bufmgr.obj (.text.osal_bm_free)
                  0001b928    00000070                    : StackWrapper_OSAL_osal.obj (.text.osal_event_send)
                  0001b998    00000070     rcl_cc23x0r5.a : RCL_Scheduler.c.obj (.text.rclSchedulerFindEarliestStopTime)
                  0001ba08    00000070                    : RCL.c.obj (.text.scheduleHook)
                  0001ba78    00000070     OneLib.a : OneLib_Host_SM_sm_pairing.obj (.text.smFreePairingParams)
                  0001bae8    0000006c     drivers_cc23x0r5.a : CryptoUtils.c.obj (.text.CryptoUtils_reverseCopyPad)
                  0001bb54    0000006c     display_cc23x0r5.a : DisplayUart2.c.obj (.text.DisplayUart2Ansi_open)
                  0001bbc0    0000006c     OneLib.a : OneLib_Host_Profiles_gapgattserver.obj (.text.GGS_SetParameter)
                  0001bc2c    0000006c     drivers_cc23x0r5.a : GPIOLPF3.c.obj (.text.GPIO_setConfigAndMux)
                  0001bc98    0000006c     OneLib.a : OneLib_LL_ll.obj (.text.LE_RemoveAdvSet)
                  0001bd04    0000006c              : OneLib_LL_ll_enc.obj (.text.LL_ENC_Encrypt)
                  0001bd70    0000006c              : OneLib_HCI_hci_event.obj (.text.LL_ReadRemoteUsedFeaturesCompleteCback)
                  0001bddc    0000006c     nvocmp.o (.text.NVOCMP_getFreeNvApi)
                  0001be48    0000006c     nvocmp.o (.text.NVOCMP_readHeader)
                  0001beb4    0000006c     libclang_rt.builtins.a : comparedf2.c.obj (.text.__ledf2)
                  0001bf20    0000006c     ble_stack_api.o (.text.bleStk_initAdvSet)
                  0001bf8c    0000006c     OneLib.a : OneLib_Host_GAP_gap_perilinkmgr.obj (.text.gapPeriProcessConnUpdateCompleteEvt)
                  0001bff8    0000006c              : OneLib_Host_GAP_gap_task.obj (.text.gapProcessCommandStatusEvt)
                  0001c064    0000006c              : OneLib_Host_GAP_gap_configmgr.obj (.text.gapSendDeviceInitDoneEvent)
                  0001c0d0    0000006c              : OneLib_Host_GATT_gatt_client.obj (.text.gattProcessReadByGrpType)
                  0001c13c    0000006c              : OneLib_Host_L2CAP_l2cap_util.obj (.text.l2capNotifyEvent)
                  0001c1a8    0000006c              : OneLib_Host_GAP_linkdb.obj (.text.linkDB_Authen)
                  0001c214    0000006c              : OneLib_LL_ble.obj (.text.llSetupConnRxDataEntryQueue)
                  0001c280    0000006c              : OneLib_LL_ll_common.obj (.text.llSetupFeatureSetReq)
                  0001c2ec    0000006c              : OneLib_LL_ll_ae.obj (.text.llUpdateSortedAdvList)
                  0001c358    0000006c     ti_freertos_config.o (.text.prvCheckForValidListAndQueue)
                  0001c3c4    0000006c     ti_freertos_config.o (.text.vPortGetHeapStats)
                  0001c430    0000006a     OneLib.a : OneLib_LL_ll_common.obj (.text.llSetNextDataChan)
                  0001c49a    00000002     rom_init.o (.text.MAP_llProcessScanTimeout)
                  0001c49c    00000068     app_data.o (.text.Challenge_EventHandler)
                  0001c504    00000068     drivers_cc23x0r5.a : ECDHLPF3SW.c.obj (.text.ECDHLPF3SW_getKeyResult)
                  0001c56c    00000068     OneLib.a : OneLib_Host_GAP_gap_task.obj (.text.GAP_ProcessEvent)
                  0001c5d4    00000068     icall_POSIX.o (.text.ICall_enrollService)
                  0001c63c    00000068     OneLib.a : OneLib_LL_ll.obj (.text.LE_SetExtAdvData)
                  0001c6a4    00000068              : OneLib_LL_ll.obj (.text.LE_SetExtScanRspData)
                  0001c70c    00000068              : OneLib_LL_ll_enc.obj (.text.LL_AESCCM_Init)
                  0001c774    00000068              : OneLib_LL_ll_enc.obj (.text.LL_AESECB_Init)
                  0001c7dc    00000068              : OneLib_LL_ll_ae.obj (.text.LL_DisableAdvSets)
                  0001c844    00000068              : OneLib_LL_ll.obj (.text.LL_WriteDefaultDataLen)
                  0001c8ac    00000068     rcl_cc23x0r5.a : LRFCC23X0.c.obj (.text.LRF_setTrimCommon)
                  0001c914    00000068     menu_module.o (.text.MenuModule_doInit)
                  0001c97c    00000068     drivers_cc23x0r5.a : PowerCC23X0.c.obj (.text.Power_sleep)
                  0001c9e4    00000068     ti_freertos_config.o (.text._clock_gettimeMono)
                  0001ca4c    00000068     OneLib.a : OneLib_Host_GAP_gap_linkmgr.obj (.text.gapProcessDisconnectCompleteEvt)
                  0001cab4    00000068              : OneLib_Host_GAP_gap_linkmgr.obj (.text.gapSendPairingReqEvent)
                  0001cb1c    00000068              : OneLib_Host_GATT_gatt_client.obj (.text.gattReadByType)
                  0001cb84    00000068              : OneLib_Host_L2CAP_l2cap_util.obj (.text.l2capFindNextSegment)
                  0001cbec    00000068              : OneLib_Host_L2CAP_l2cap_util.obj (.text.l2capParsePacket)
                  0001cc54    00000068              : OneLib_Host_GAP_linkdb.obj (.text.linkDB_Init)
                  0001ccbc    00000068              : OneLib_LL_ll_isr.obj (.text.llLastCmdDoneEventHandleStateAdv)
                  0001cd24    00000068              : OneLib_LL_ll_common.obj (.text.llSetupPauseEncRsp)
                  0001cd8c    00000068              : OneLib_LL_ll_common.obj (.text.llSetupVersionIndReq)
                  0001cdf4    00000068     StackWrapper.a : StackWrapper_OSAL_osal_cbtimer.obj (.text.osal_CbTimerUpdate)
                  0001ce5c    00000068     ti_freertos_config.o (.text.prvIdleTask)
                  0001cec4    00000068     OneLib.a : OneLib_Host_SM_sm_rsppairing.obj (.text.smpResponderProcessCentralID)
                  0001cf2c    00000068              : OneLib_Host_SM_sm_rsppairing.obj (.text.smpResponderProcessPairingDHKeyCheck)
                  0001cf94    00000066     ecc.a : scalarMul.c.obj (.text.GETDIGITL2R)
                  0001cffa    00000066     OneLib.a : OneLib_Host_Profiles_gattservapp.obj (.text.gattServApp_ProcessExecuteWriteReq)
                  0001d060    00000066     ti_freertos_config.o (.text.xTaskCreateStatic)
                  0001d0c6    00000002     rom_init.o (.text.MAP_llSetTaskCentral)
                  0001d0c8    00000064     drivers_cc23x0r5.a : AESCommonLPF3.c.obj (.text.AESCommonLPF3_construct)
                  0001d12c    00000064     bleapputil_init.o (.text.BLEAppUtil_stackInit)
                  0001d190    00000064     ti_freertos_config.o (.text.ClockP_start)
                  0001d1f4    00000064     drivers_cc23x0r5.a : CryptoUtils.c.obj (.text.CryptoUtils_copyPad)
                  0001d258    00000064     OneLib.a : OneLib_HCI_hci_event.obj (.text.HCI_VendorSpecifcCommandCompleteEvent)
                  0001d2bc    00000064     driverlib.a : interrupt.c.obj (.text.IntSetPriority)
                  0001d320    00000064     OneLib.a : OneLib_HCI_hci_event.obj (.text.LL_ReadRemoteVersionInfoCback)
                  0001d384    00000064     rcl_cc23x0r5.a : ble5.c.obj (.text.RCL_Handler_BLE5_updateConnStats)
                  0001d3e8    00000064     drivers_cc23x0r5.a : UART2LPF3.c.obj (.text.UART2Support_dmaStopRx)
                  0001d44c    00000064     StackWrapper.a : StackWrapper_Host_gapbondmgr.obj (.text.gapBondStateDoGATTDisc)
                  0001d4b0    00000064     OneLib.a : OneLib_Host_Profiles_gattservapp.obj (.text.gattServApp_DequeueReTx)
                  0001d514    00000064              : OneLib_Host_L2CAP_l2cap_task.obj (.text.l2capProcessSignal)
                  0001d578    00000064              : OneLib_Host_L2CAP_l2cap_util.obj (.text.l2capSendNextSegment)
                  0001d5dc    00000064              : OneLib_LL_ll_common.obj (.text.llEnqueueCtrlPkt)
                  0001d640    00000064              : OneLib_LL_ll_ae.obj (.text.llSendAdvSetTermEvent)
                  0001d6a4    00000064     ti_freertos_config.o (.text.mq_send)
                  0001d708    00000064     osal_icall_ble.o (.text.stack_main)
                  0001d76c    00000064     ti_freertos_config.o (.text.xTaskCreate)
                  0001d7d0    00000062     libclang_rt.builtins.a : aeabi_dcmp.S.obj (.text.__aeabi_dcmp)
                  0001d832    00000062     StackWrapper.a : StackWrapper_Host_gapbondmgr.obj (.text.gapBondMgrBondReq)
                  0001d894    00000060     drivers_cc23x0r5.a : AESCMACLPF3.c.obj (.text.AESCMACLPF3_hwiFxn)
                  0001d8f4    00000060     OneLib.a : OneLib_Host_ATT_att_util.obj (.text.ATT_ParsePacket)
                  0001d954    00000060     bleapputil_task.o (.text.BLEAppUtil_createBLEAppUtilTask)
                  0001d9b4    00000060     ti_freertos_config.o (.text.ClockP_stop)
                  0001da14    00000060     app_connection.o (.text.Connection_HciGAPEventHandler)
                  0001da74    00000060     StackWrapper.a : StackWrapper_Host_gapbondmgr.obj (.text.GAPBondMgr_Pair)
                  0001dad4    00000060     OneLib.a : OneLib_HCI_hci.obj (.text.HCI_HostNumCompletedPktCmd)
                  0001db34    00000060     icall_POSIX.o (.text.ICall_sendServiceComplete)
                  0001db94    00000060     OneLib.a : OneLib_LL_ll.obj (.text.LL_EncLtkNegReply)
                  0001dbf4    00000060              : OneLib_LL_ll_isr.obj (.text.LL_rclPeripheralCallback)
                  0001dc54    00000060     menu_module.o (.text.MenuModule_displayMenu)
                  0001dcb4    00000060     nvocmp.o (.text.NVOCMP_compactNvApi)
                  0001dd14    00000060     OneLib.a : OneLib_Host_SM_sm_task.obj (.text.SM_GetEccKeys)
                  0001dd74    00000060     StackWrapper.a : StackWrapper_Host_gapbondmgr.obj (.text.gapBondMgrUpdateLruBondList)
                  0001ddd4    00000060     OneLib.a : OneLib_Host_GATT_gatt_client.obj (.text.gattProcessFindByTypeValue)
                  0001de34    00000060              : OneLib_LL_ll_common.obj (.text.llDequeueCtrlPkt)
                  0001de94    00000060              : OneLib_LL_ll_common.obj (.text.llQueryTxQueue)
                  0001def4    00000060              : OneLib_Host_SM_sm_rsppairing.obj (.text.smpResponderProcessPairingPublicKey)
                  0001df54    0000005e              : OneLib_LL_ll_common.obj (.text.llSetupRejectIndExt)
                  0001dfb2    0000005e              : OneLib_LL_ll_common.obj (.text.llSetupTermInd)
                  0001e010    0000005c     drivers_cc23x0r5.a : AESECBLPF3.c.obj (.text.AESECBLPF3_hwiFxn)
                  0001e06c    0000005c     ti_freertos_config.o (.text.ClockP_walkQueueDynamic)
                  0001e0c8    0000005c     drivers_cc23x0r5.a : CryptoResourceLPF3.c.obj (.text.CryptoResourceLPF3_constructRTOSObjects)
                  0001e124    0000005c     OneLib.a : OneLib_Host_GATT_gatt_server.obj (.text.GATT_Indication)
                  0001e180    0000005c     icall_POSIX.o (.text.ICall_workerThreadSendMsg)
                  0001e1dc    0000005c     OneLib.a : OneLib_LL_ll.obj (.text.LL_Disconnect)
                  0001e238    0000005c              : OneLib_LL_ll.obj (.text.LL_SetAddressResolutionEnable)
                  0001e294    0000005c     rcl_cc23x0r5.a : LRFCC23X0.c.obj (.text.LRF_setRxFifoEffSz)
                  0001e2f0    0000005c     app_menu.o (.text.Menu_doGattReadCB)
                  0001e34c    0000005c     nvocmp.o (.text.NVOCMP_checkItem)
                  0001e3a8    0000005c     StackWrapper.a : StackWrapper_Host_sm_ecc.obj (.text.SM_p256KeyCB)
                  0001e404    0000005c     app_main.o (.text.doAttNotification)
                  0001e460    0000005c     StackWrapper.a : StackWrapper_Host_gapbondmgr.obj (.text.gapBondMgr_UpdateCharCfg)
                  0001e4bc    0000005c     OneLib.a : OneLib_Host_GAP_gap_configmgr.obj (.text.gap_ParamsInit)
                  0001e518    0000005c              : OneLib_LL_ll_dfl.obj (.text.llDFLUpdateRanks)
                  0001e574    0000005c     StackWrapper.a : StackWrapper_OSAL_osal_timers.obj (.text.osal_timer_refTimeUpdate)
                  0001e5d0    0000005c     rcl_cc23x0r5.a : RCL.c.obj (.text.rclPowerNotify)
                  0001e62c    0000005c     OneLib.a : OneLib_Host_SM_sm_rsppairing.obj (.text.smResponderAuthStageTwo)
                  0001e688    0000005c     ti_freertos_config.o (.text.xTaskCheckForTimeOut)
                  0001e6e4    0000005a     StackWrapper.a : StackWrapper_Host_gapbondmgr.obj (.text.GapBondMgr_GetPrevAuth)
                  0001e73e    0000005a     nvocmp.o (.text.NVOCMP_verifyCRC)
                  0001e798    0000005a     OneLib.a : OneLib_Host_GAP_gap_devmgr.obj (.text.gapFindADType)
                  0001e7f2    0000005a              : OneLib_LL_ll_common.obj (.text.llValidateConnectIndPkt)
                  0001e84c    00000058     drivers_cc23x0r5.a : AESECBLPF3.c.obj (.text.AESECBLPF3_processData)
                  0001e8a4    00000058     bleapputil_init.o (.text.BLEAppUtil_init)
                  0001e8fc    00000058     drivers_cc23x0r5.a : Button.c.obj (.text.Button_gpioCallbackFxn)
                  0001e954    00000058     app_dev_info.o (.text.DevInfo_start)
                  0001e9ac    00000058     icall_POSIX.o (.text.ICall_fetchMsg)
                  0001ea04    00000058     icall_POSIX.o (.text.ICall_workerThreadEntry)
                  0001ea5c    00000058     OneLib.a : OneLib_LL_ll_enc.obj (.text.LL_ENC_DecryptMsg)
                  0001eab4    00000058              : OneLib_LL_ll_enc.obj (.text.LL_ENC_GenerateDRBGSeedNum)
                  0001eb0c    00000058              : OneLib_LL_ll.obj (.text.LL_GenerateDHKeyCmd)
                  0001eb64    00000058     menu_module.o (.text.MenuModule_displayItem)
                  0001ebbc    00000058     drivers_cc23x0r5.a : PowerCC23X0.c.obj (.text.Power_releaseDependency)
                  0001ec14    00000058                        : PowerCC23X0.c.obj (.text.Power_setDependency)
                  0001ec6c    00000058     rcl_cc23x0r5.a : adc_noise.c.obj (.text.RCL_Handler_Adc_Noise_powerDown)
                  0001ecc4    00000058     libclang_rt.builtins.a : clzsi2.c.obj (.text.__clzsi2)
                  0001ed1c    00000058     StackWrapper.a : StackWrapper_Host_gapbondmgr.obj (.text.gapBondMgrChangeState)
                  0001ed74    00000058     OneLib.a : OneLib_Host_GATT_gatt_client.obj (.text.gattProcessReadLong)
                  0001edcc    00000058              : OneLib_HCI_hci_event.obj (.text.hciInitEventMasks)
                  0001ee24    00000058              : OneLib_LL_ll_common.obj (.text.llAllocatePDU)
                  0001ee7c    00000058              : OneLib_LL_ll_ae.obj (.text.llCompareSecondaryPrimaryTasksQoSParam)
                  0001eed4    00000058              : OneLib_LL_ll_isr.obj (.text.llLastCmdDoneEventHandleStatePeripheral)
                  0001ef2c    00000058              : OneLib_LL_ll_common.obj (.text.llShellSortActiveConns)
                  0001ef84    00000058              : OneLib_LL_ll_common.obj (.text.llTime2Octets)
                  0001efdc    00000058              : OneLib_LL_ll_ecc.obj (.text.ll_eccInit)
                  0001f034    00000058     StackWrapper.a : StackWrapper_OSAL_osal_cbtimer.obj (.text.osal_CbTimerStop)
                  0001f08c    00000058     ti_freertos_config.o (.text.pthread_exit)
                  0001f0e4    00000058     OneLib.a : OneLib_Host_SM_sm_pairing.obj (.text.smDetermineIOCaps)
                  0001f13c    00000058              : OneLib_Host_SM_sm_pairing.obj (.text.smSendPublicKeys)
                  0001f194    00000058     ti_freertos_config.o (.text.vTaskPlaceOnUnorderedEventList)
                  0001f1ec    00000056     libclang_rt.builtins.a : aeabi_idivmod.S.obj (.text.__aeabi_idivmod)
                  0001f242    00000056     OneLib.a : OneLib_Host_GATT_gatt_client.obj (.text.gattFindByTypeValue)
                  0001f298    00000056              : OneLib_Host_GATT_gatt_server.obj (.text.gattProcessReadMultiReq)
                  0001f2ee    00000056              : OneLib_LL_ll_common.obj (.text.llSetupUnknownRsp)
                  0001f344    00000054              : OneLib_Host_ATT_att_client.obj (.text.ATT_WriteReq)
                  0001f398    00000054     ti_drivers_config.o (.text.Board_shutDownExtFlash)
                  0001f3ec    00000054     display_cc23x0r5.a : Display.c.obj (.text.Display_doOpen)
                  0001f440    00000054     StackWrapper.a : StackWrapper_Host_gapbondmgr.obj (.text.GAPBondMgr_SCGetLocalOOBParameters)
                  0001f494    00000054     OneLib.a : OneLib_Host_GAP_gap_perilinkmgr.obj (.text.GAP_SendPeripheralSecurityRequest)
                  0001f4e8    00000054     icall_POSIX.o (.text.ICall_createWorkerThread)
                  0001f53c    00000054     icall_POSIX.o (.text.ICall_registerApp)
                  0001f590    00000054     OneLib.a : OneLib_LL_ll.obj (.text.LE_ClearAdvSets)
                  0001f5e4    00000054              : OneLib_LL_ll_enc.obj (.text.LL_ENC_AES128_Encrypt)
                  0001f638    00000054              : OneLib_LL_ll_privacy.obj (.text.LL_PRIV_ClearExtAL)
                  0001f68c    00000054              : OneLib_LL_ll_privacy.obj (.text.LL_PRIV_GenerateRPA)
                  0001f6e0    00000054     rcl_cc23x0r5.a : LRFCC23X0.c.obj (.text.LRF_readRxFifoWords)
                  0001f734    00000054     rom_init.o (.text.MAP_llInitFeatureSet)
                  0001f788    00000054     menu_module.o (.text.MenuModule_initButtons)
                  0001f7dc    00000054     app_menu.o (.text.Menu_doDisableNotification)
                  0001f830    00000054     app_menu.o (.text.Menu_doEnableNotification)
                  0001f884    00000054     rcl_cc23x0r5.a : RCL.c.obj (.text.RCL_Command_pend)
                  0001f8d8    00000054                    : RCL_Scheduler.c.obj (.text.RCL_Scheduler_setStartStopTimeEarliestStart)
                  0001f92c    00000054     drivers_cc23x0r5.a : UART2.c.obj (.text.UART2_readCancel)
                  0001f980    00000054     OneLib.a : OneLib_Host_GAP_gap_linkmgr.obj (.text.gapPasskeyNeededCB)
                  0001f9d4    00000054              : OneLib_Host_GATT_gatt_task.obj (.text.gattNotifyEvent)
                  0001fa28    00000054              : OneLib_Host_Profiles_gattservapp.obj (.text.gattServApp_EnqueuePrepareWriteReq)
                  0001fa7c    00000054     rcl_cc23x0r5.a : hal_cc23x0.c.obj (.text.hal_check_clear_timer_compare)
                  0001fad0    00000054     OneLib.a : OneLib_LL_ll_common.obj (.text.llGetNextDataChanAlgo1)
                  0001fb24    00000054              : OneLib_LL_ll_scheduler.obj (.text.llLinkSchedSetup)
                  0001fb78    00000054              : OneLib_LL_ll_ae.obj (.text.llNextChanIndex)
                  0001fbcc    00000054              : OneLib_LL_ll_common.obj (.text.llReleaseConnId)
                  0001fc20    00000054              : OneLib_LL_ll_common.obj (.text.llSetCodedMaxTxTime)
                  0001fc74    00000054              : OneLib_LL_ll_common.obj (.text.llSetupStartEncRsp)
                  0001fcc8    00000054              : OneLib_LL_ll_common.obj (.text.llVerifyCodedConnInterval)
                  0001fd1c    00000054     StackWrapper.a : StackWrapper_OSAL_osal_clock.obj (.text.osalAdjustTimer)
                  0001fd70    00000054     OneLib.a : OneLib_Host_SM_sm_rsppairing.obj (.text.smpResponderProcessIdentityAddrInfo)
                  0001fdc4    00000054     ti_freertos_config.o (.text.vTaskStartScheduler)
                  0001fe18    00000054     ti_freertos_config.o (.text.xQueueGenericCreate)
                  0001fe6c    00000052     StackWrapper.a : StackWrapper_Host_gap.obj (.text.GAP_DeviceInit_per_role)
                  0001febe    00000052     OneLib.a : OneLib_Host_GATT_gatt_client.obj (.text.gattPrepareWriteReq)
                  0001ff10    00000052              : OneLib_LL_ble.obj (.text.llMoveTempTxDataEntries)
                  0001ff62    00000052              : OneLib_Host_SMP_smp.obj (.text.smSendSMMsg)
                  0001ffb4    00000050     drivers_cc23x0r5.a : AESCCMLPF3.c.obj (.text.AESCCMLPF3_processB1withAAD)
                  00020004    00000050                        : AESCTRLPF3.c.obj (.text.AESCTRLPF3_configDataDMA)
                  00020054    00000050                        : ECCInitLPF3SW.c.obj (.text.ECCInitLPF3SW_NISTP224)
                  000200a4    00000050                        : ECCInitLPF3SW.c.obj (.text.ECCInitLPF3SW_NISTP256)
                  000200f4    00000050     OneLib.a : OneLib_Host_GAP_gap_linkmgr.obj (.text.GAP_Signable)
                  00020144    00000050              : OneLib_Host_GAP_gap_advertiser.obj (.text.GapAdv_setEventMask)
                  00020194    00000050     StackWrapper.a : StackWrapper_Host_gapbondmgr.obj (.text.GapBondMgr_StartEnc)
                  000201e4    00000050     OneLib.a : OneLib_HCI_hci_event.obj (.text.HCI_CommandStatusEvent)
                  00020234    00000050              : OneLib_HCI_hci_event.obj (.text.HCI_SendControllerToHostEvent)
                  00020284    00000050              : OneLib_HCI_hci_event.obj (.text.LL_ConnParamUpdateRejectCback)
                  000202d4    00000050              : OneLib_LL_ll.obj (.text.LL_initRNGNoise)
                  00020324    00000050     drivers_cc23x0r5.a : RNGLPF3RF.c.obj (.text.RNG_construct)
                  00020374    00000050                        : UDMALPF3.c.obj (.text.UDMALPF3_init)
                  000203c4    00000050     StackWrapper.a : StackWrapper_Host_gapbondmgr.obj (.text.gapBondMgrReadBonds)
                  00020414    00000050                    : StackWrapper_Host_gapbondmgr.obj (.text.gapBondMgr_SupportsCentAddrRes)
                  00020464    00000050     OneLib.a : OneLib_Host_GAP_gap_perilinkmgr.obj (.text.gapPeriProcessConnEvt)
                  000204b4    00000050              : OneLib_Host_GAP_gap_perilinkmgr.obj (.text.gap_PeriConnRegister)
                  00020504    00000050              : OneLib_Host_L2CAP_l2cap_util.obj (.text.l2capAllocConnChannel)
                  00020554    00000050              : OneLib_Host_L2CAP_l2cap_util.obj (.text.l2capSendFCPkt)
                  000205a4    00000050              : OneLib_LL_ll_common.obj (.text.llSetupPingReq)
                  000205f4    00000050              : OneLib_LL_ll_common.obj (.text.llSetupPingRsp)
                  00020644    00000050              : OneLib_Host_SM_sm_pairing.obj (.text.smProcessPairingReq)
                  00020694    00000050              : OneLib_Host_SM_sm_mgr.obj (.text.sm_s1)
                  000206e4    0000004e              : OneLib_Host_ATT_att_util.obj (.text.ATT_CompareUUID)
                  00020732    0000004e     ti_freertos_config.o (.text.realloc)
                  00020780    0000004c     drivers_cc23x0r5.a : AESCommonLPF3.c.obj (.text.AESCommonLPF3_cleanup)
                  000207cc    0000004c     bleapputil_process.o (.text.BLEAppUtil_callEventHandler)
                  00020818    0000004c     ti_drivers_config.o (.text.Board_sendExtFlashByte)
                  00020864    0000004c     OneLib.a : OneLib_Host_GAP_gap_linkmgr.obj (.text.GAP_PasscodeUpdate)
                  000208b0    0000004c              : OneLib_Host_GAP_gap_linkmgr.obj (.text.GAP_TerminateLinkReq)
                  000208fc    0000004c     StackWrapper.a : StackWrapper_Host_gattservapp_util.obj (.text.GATTServApp_ProcessCCCWriteReq)
                  00020948    0000004c     OneLib.a : OneLib_Host_GATT_gatt_server.obj (.text.GATT_Notification)
                  00020994    0000004c              : OneLib_HCI_TL_hci_tl.obj (.text.HCI_Init)
                  000209e0    0000004c              : OneLib_LL_ll.obj (.text.LL_ClearResolvingList)
                  00020a2c    0000004c              : OneLib_LL_ll.obj (.text.LL_EncLtkReply)
                  00020a78    0000004c     driverlib.a : lrfd.c.obj (.text.LRFDApplyClockDependencies)
                  00020ac4    0000004c     rcl_cc23x0r5.a : LRFCC23X0.c.obj (.text.LRF_programTemperatureCompensatedTxPower)
                  00020b10    0000004c                    : LRFCC23X0.c.obj (.text.LRF_writeTxFifoWords)
                  00020b5c    0000004c     app_menu.o (.text.Menu_GattExchangeMTUCB)
                  00020ba8    0000004c     app_peripheral.o (.text.Peripheral_GAPConnEventHandler)
                  00020bf4    0000004c     rcl_cc23x0r5.a : ble5.c.obj (.text.RCL_Handler_BLE5_initAdvScanInitStats)
                  00020c40    0000004c                    : RCL.c.obj (.text.RCL_open)
                  00020c8c    0000004c     OneLib.a : OneLib_LL_ll_common.obj (.text.RfBleDpl_setConnPhy)
                  00020cd8    0000004c              : OneLib_Host_GAP_gap_configmgr.obj (.text.gapReadBufSizeCmdStatus)
                  00020d24    0000004c              : OneLib_Host_Profiles_gattservapp.obj (.text.gattServApp_ClearPrepareWriteQ)
                  00020d70    0000004c              : OneLib_Host_GATT_gatt_client.obj (.text.gattWrite)
                  00020dbc    0000004c              : OneLib_LL_ll_common.obj (.text.llGenPrnE)
                  00020e08    0000004c              : OneLib_LL_ll_common.obj (.text.llProcessChanMap)
                  00020e54    0000004c              : OneLib_LL_ll_ae.obj (.text.llRemoveAdvSortedEntry)
                  00020ea0    0000004c              : OneLib_LL_ll_scheduler.obj (.text.llSelectTaskAdv)
                  00020eec    0000004c              : OneLib_LL_ll_ae.obj (.text.llSendAdvSetEndEvent)
                  00020f38    0000004c              : OneLib_LL_ll_common.obj (.text.llSetStarvationMode)
                  00020f84    0000004c     StackWrapper.a : StackWrapper_OSAL_osal.obj (.text.osal_init_system)
                  00020fd0    0000004c     ti_freertos_config.o (.text.removeThreadKeys)
                  0002101c    0000004c     OneLib.a : OneLib_Host_SM_sm_pairing.obj (.text.smGenerateAddrInput_sPatch)
                  00021068    0000004c              : OneLib_Host_SM_sm_pairing.obj (.text.sm_computeDHKey)
                  000210b4    0000004c     ti_freertos_config.o (.text.vPortFree)
                  00021100    0000004c     ti_freertos_config.o (.text.vTaskStepTick)
                  0002114c    0000004c     ti_freertos_config.o (.text.xTimerCreateTimerTask)
                  00021198    0000004a     rcl_cc23x0r5.a : LRF.c.obj (.text.LRF_loadImage)
                  000211e2    00000002     rom_init.o (.text.MAP_llSetTaskInit)
                  000211e4    0000004a     libclang_rt.builtins.a : fixdfsi.S.obj (.text.__fixdfsi)
                  0002122e    0000004a     ti_freertos_config.o (.text.calloc)
                  00021278    0000004a     OneLib.a : OneLib_LL_ll_common.obj (.text.llGetNextDataChanAlgo2)
                  000212c2    0000004a     ecc.a : lowlevelapi.c.obj (.text.zADD32)
                  0002130c    00000048     drivers_cc23x0r5.a : AESCCMLPF3.c.obj (.text.AESCCMLPF3_processCTRCounterBlock)
                  00021354    00000048                        : AESCCMLPF3.c.obj (.text.AESCCMLPF3_processOneStepCTRPolling)
                  0002139c    00000048     bleapputil_init.o (.text.BLEAppUtil_invokeFunction)
                  000213e4    00000048     ti_freertos_config.o (.text.ClockP_construct)
                  0002142c    00000048     OneLib.a : OneLib_HCI_TL_hci_tl.obj (.text.HCI_ProcessEvent)
                  00021474    00000048     icall_POSIX.o (.text.ICall_newTask)
                  000214bc    00000048     icall_POSIX.o (.text.ICall_wait)
                  00021504    00000048     driverlib.a : interrupt.c.obj (.text.IntSetPend)
                  0002154c    00000048     OneLib.a : OneLib_LL_ll_ae.obj (.text.LL_AE_Init)
                  00021594    00000048              : OneLib_LL_ll.obj (.text.LL_RemoteConnParamReqNegReply)
                  000215dc    00000048              : OneLib_LL_ll.obj (.text.LL_SetResolvablePrivateAddressTimeout)
                  00021624    00000048              : OneLib_LL_ll_isr.obj (.text.LL_rclAdvCallback)
                  0002166c    00000048     nvocmp.o (.text.NVOCMP_loadApiPtrsMin)
                  000216b4    00000048     nvocmp.o (.text.NVOCMP_readItem)
                  000216fc    00000048     drivers_cc23x0r5.a : NVS.c.obj (.text.NVS_open)
                  00021744    00000048                        : PowerCC23X0.c.obj (.text.PowerCC23X0_hfxtAmpsettledTimeout)
                  0002178c    00000048                        : PowerCC23X0.c.obj (.text.PowerLPF3_getHfxtAmpAdjustment)
                  000217d4    00000048     rcl_cc23x0r5.a : RCL.c.obj (.text.RCL_Command_submit)
                  0002181c    00000048                    : ble5.c.obj (.text.RCL_Handler_BLE5_findPbeErrorEndStatus)
                  00021864    00000048     drivers_cc23x0r5.a : Random.c.obj (.text.Random_seedAutomatic)
                  000218ac    00000048                        : RingBuf.c.obj (.text.RingBuf_put)
                  000218f4    00000048                        : SHA2LPF3SW.c.obj (.text.SHA2_construct)
                  0002193c    00000048     simple_gatt_profile.o (.text.SimpleGattProfile_addService)
                  00021984    00000048     ti_freertos_config.o (.text.__aeabi_errno_addr)
                  000219cc    00000048     drivers_cc23x0r5.a : TemperatureLPF3.c.obj (.text.degreesToCode)
                  00021a14    00000048     StackWrapper.a : StackWrapper_Host_gapbondmgr.obj (.text.gapBondStateStartNextGATTDisc)
                  00021a5c    00000048     OneLib.a : OneLib_Host_GAP_gap_linkmgr.obj (.text.gapFreeAuthLink)
                  00021aa4    00000048              : OneLib_Host_GATT_gatt_server.obj (.text.gattProcessReadByGrpTypeReq)
                  00021aec    00000048              : OneLib_Host_L2CAP_l2cap_util.obj (.text.l2capGetCoChannelInfo)
                  00021b34    00000048              : OneLib_Host_L2CAP_l2cap_util.obj (.text.l2capNotifyChannelEstEvt)
                  00021b7c    00000048              : OneLib_Host_L2CAP_l2cap_util.obj (.text.l2capNotifySendSduDoneEvt)
                  00021bc4    00000048              : OneLib_Host_L2CAP_l2cap_util.obj (.text.l2capNotifySignal)
                  00021c0c    00000048              : OneLib_Host_L2CAP_l2cap_util.obj (.text.l2capNumActiveChannnels)
                  00021c54    00000048              : OneLib_Host_L2CAP_l2cap_util.obj (.text.l2capSendPkt)
                  00021c9c    00000048              : OneLib_Host_GAP_linkdb.obj (.text.linkDB_GetInfo)
                  00021ce4    00000048              : OneLib_LL_ll_common.obj (.text.llCalcConnMissCount)
                  00021d2c    00000048              : OneLib_LL_ll_common.obj (.text.llInitFeatureSet)
                  00021d74    00000048              : OneLib_LL_ll_common.obj (.text.llSetPhy)
[...]
20006f68  rclSchedulerState                                
20006fb8  operationCCM                                     
2000701c  RNG_instancePool                                 
2000703c  gapBond_localOobData                             
2000705c  localOobData                                     
2000707c  localPrivKeyMaterial                             
2000709c  remoteOobData                                    
200070bc  req                                              
20007114  CryptoResourceLPF3_hwi                           
20007130  clockHwi                                         
2000714c  gapParams                                        
20007168  connOutput                                       
20007180  rsp                                              
200071c0  operationComputeSharedSecret                     
200071d4  powerAwakeStandbyObj                             
200071e8  powerEnterStandbyObj                             
200071fc  sysTimerTimeouts                                 
20007210  gLtkReqDetails                                   
20007222  deviceFeatureSet                                 
20007234  cryptoKey                                        
20007244  eccParams                                        
20007254  encParamsCCM                                     
20007264  encParamsECB                                     
20007274  localPrivateKey                                  
20007284  localPublicKey                                   
20007294  operationECB                                     
200072a4  operationGeneratePublicKey                       
200072b4  rankFLTable                                      
200072c4  rclState                                         
200072d4  remotePublicKey                                  
200072e4  rxTestOut                                        
200072f4  sharedSecret                                     
20007313  GATTServApp_TaskID                               
20007320  cachedTRNGdata                                   
2000732c  displayUart2Object                               
20007338  llTaskList                                       
20007344  swParamList                                      
20007370  BLEAppUtil_theardEntity                          
20007378  POSIX_args                                       
20007380  RNGLPF3RF_objects                                
20007388  gattReTxList                                     
20007390  llConnEvtNotice                                  
20007398  llConns                                          
200073a0  llRfCmdPreemption                                
200073a8  pBleEvtMask                                      
200073b0  pHciEvtMask                                      
200073b8  pHciEvtMask2                                     
200073c0  peripheralUpdateReq                              
200073c8  privInfo                                         
200073d0  workerThreadEntity                               
200073d8  gapCurrentRandomAddr                             
200073de  buildInfo                                        
200073e0  ownPublicAddr                                    
200073e6  connInitialMaxTxOctets                           
200073e8  ownRandomAddr                                    
200073ee  connInitialMaxTxTime                             
200073f0  ownSavedPublicAddr                               
200073f6  verInfo                                          
200073fc  defaultChannelMap                                
20007401  secondaryAdvChannelMap                           
20007406  connInitialMaxTxTimeCoded                        
20007424  BDAddrPerConnHandle                              
20007428  RemoteTask                                       
2000742c  SysBootMsg                                       
20007430  activeConns                                      
20007434  alTable                                          
20007438  alTableScan                                      
2000743c  appInitDoneHandler                               
20007440  clientInfoTbl                                    
20007444  drbgHandle                                       
20007448  dtmInfo                                          
2000744c  ecdhHandle                                       
20007450  encHandleCCM                                     
20007454  encHandleECB                                     
20007458  errorHandlerCb                                   
2000745c  extStackSettings                                 
20007460  handle_left                                      
20007464  handle_right                                     
20007468  l2capChannels                                    
2000746c  l2capPsm                                         
20007470  linkCmd                                          
20007474  linkDB                                           
20007478  linkParam                                        
2000747c  operationResult                                  
20007480  osal_last_timestamp                              
20007484  osal_max_msecs                                   
20007488  osal_qHead                                       
2000748c  osal_syncHandle                                  
20007490  osal_tickperiod                                  
20007494  pNextAdvSet                                      
20007498  pRfPathComp                                      
2000749c  prepareWritesTbl                                 
200074a0  resolvingList                                    
200074a4  rfHandle                                         
200074a8  serverInfoTbl                                    
200074ac  taskEndAction                                    
200074b0  tasksEvents                                      
200074b4  timerHead                                        
200074b8  trngHandle                                       
200074bc  txDataQ                                          
200074c0  connInitialMaxTxTimeUncoded                      
200074c2  maximumPduSize                                   
200074c4  numHostBufs                                      
200074c6  postRfOperations                                 
200074c8  pwrmgr_attribute                                 
200074ca  supportedMaxRxOctets                             
200074cc  supportedMaxRxTime                               
200074ce  supportedMaxTxOctets                             
200074d0  supportedMaxTxTime                               
200074d2  LL_TaskID                                        
200074d3  NVOCMP_size                                      
200074d4  NVSLPF3_objects                                  
200074d5  adcNoiseHandlerState                             
200074d6  aeCurAdvEnableHandle                             
200074d7  aeCurConnHandle                                  
200074d8  aeCurHandle                                      
200074d9  alSize                                           
200074da  ctrlToHostEnable                                 
200074db  curTxPowerVal                                    
200074dc  defaultPhy                                       
200074dd  extInitIndex                                     
200074de  extScanIndex                                     
200074df  fastTxRespTime                                   
200074e0  gAction                                          
200074e1  gapDeviceAddrMode                                
200074e2  gapTaskID                                        
200074e3  gattNumConns                                     
200074e4  gattTaskID                                       
200074e5  hciGapTaskID                                     
200074e6  hciL2capTaskID                                   
200074e7  hciPTMenabled                                    
200074e8  hciSmpTaskID                                     
200074e9  hciTaskID                                        
200074ea  hciTestTaskID                                    
200074eb  hciVsEvtMask                                     
200074ec  icall_liteTaskId                                 
200074ed  l2capNumChannels                                 
200074ee  l2capTaskID                                      
200074ef  l2cap_gattServAppTaskID                          
200074f0  linkDBNumConns                                   
200074f1  llState                                          
200074f2  maxNumConns                                      
200074f3  maxNumTxDataBufs                                 
200074f4  maxTxPwrForDTM                                   
200074f5  numActiveAdvSets                                 
200074f6  numComplPkts                                     
200074f7  numComplPktsFlush                                
200074f8  numComplPktsLimit                                
200074f9  numTxDataBufs                                    
200074fa  onePktPerEvt                                     
200074fb  osal_entity                                      
200074fc  peripheralAdvHandle_1                            
200074fd  rfFeModeBias                                     
200074fe  rlSize                                           
200074ff  rxFifoFlowCtrl                                   
20007500  scanReqRpt                                       
20007501  secondaryAdvChannelMapPopCount                   
20007502  slOverride                                       
20007503  smGenerateDHKeyStatus                            
20007504  smReadLocalP256PublicKeyStatus                   
20007505  smTaskID                                         
20007778  gapAttrTbl                                       
20007b61  smExpectAppKeysInd                               
20007b62  SM_appTaskID                                     
20007bed  gapAppTaskID                                     
20007bee  gapEndAppTaskID                                  
20007c6a  pRandomAddress                                   
20007cc0  HwiP_swiPIntNum                                  
20007e30  gpioPinConfigs                                   
20007e98  gapBond_removeLRUBond                            
20007e99  gapBond_syncRL                                   
20007eb4  gapBondStateNodeHead                             
20007eb8  gapBond_lruBondList                              
20007ec8  clientCbs                                        
20007edc  gapBond_remoteOobData                            
20007fb8  GATTServApp_att_delayed_req                      
20007fb9  GATTServApp_gatt_no_service_changed              
20007fbc  pAttrValue                                       
20007fc0  gattAttrTbl_gatt_no_service_changed              
20007fd0  gattAttrTbl                                      
200082c3  appTaskID                                        
20008304  sm_eccKeys_sc_host_debug                         
20008344  llUserConfig                                     
200083aa  baseTaskID                                       
200083ac  appMainPeriCentParams                            
200083b4  appMainParams                                    
20008400  dispHandle                                       
20008428  centAddrRes                                      
20008429  resolvablePrivateAddressOnly                     
2000842a  appearance                                       
20008430  periConnParameters                               
20008438  deviceName                                       
2000844e  bleUserCfg_maxPduSize                            
20008450  connectionConnHandler                            
2000845c  connectionHciGAPHandler                          
20008468  PairingecckeyHandler                             
20008474  eccParams_NISTP256                               
20008498  rxDataQ                                          
200084bc  gapProfileRole                                   
200084bd  gapConfig_IRK                                    
200084cd  gapConfig_SRK                                    
200084dd  appearanceCharProps                              
200084de  disconnectImmedConnId                            
200084e0  enckey                                           
20008500  gapParameters                                    
2000851e  l2capMtuSize                                     
20008520  advParams1                                       
2000853c  scanResData1                                     
20008558  dataGATTHandler                                  
20008564  challengeHandler                                 
20008570  pairingPasscodeHandler                           
2000857c  PairingPairStateHandler                          
20008588  peripheralConnHandler                            
20008594  peripheralAdvHandler                             
200085b8  attDeviceName                                    
200085cd  DisplayUart2Ansi_escInitial                      
20008658  maxSupportedAdvSets                              
20008659  aePeripheralSCA                                  
2000865c  advSetList                                       
20008660  extScanInfo                                      
20008664  extInitInfo                                      
2000866c  osal_eventloop_hook                              
20008670  osal_icallMsg_hook                               
20008678  BLEAppUtilLocal_GeneralParams                    
2000867c  BLEAppUtilLocal_PeriCentParams                   
20008680  BLEAppUtil_bondMgrCBs                            
200086b7  gapBondParams                                    
200086c6  llUserConfig_maxPduSize                          
200086c8  pPairingParams                                   
200086cc  pfnResponderCBs                                  
200086d0  pfnInitiatorCBs                                  
200086e0  halSchedFsmCb                                    
200086e4  halDispatchFsmCb                                 
200086e8  halCommandFsmCb                                  
200086ec  bleAppServiceInfoTable                           
200086f8  user0Cfg                                         
2000870d  att_sendRspOnly                                  
2000870e  maxExtAdvDataLen                                 
20008710  advCount                                         
20008711  updateState                                      
20008712  updateHandle                                     
20008713  advInit                                          
20008714  pGapAdvHostInfo                                  
20008718  terminateReason                                  
2000871a  peripheralConnHandle                             
2000871c  pAuthLink                                        
20008720  indTaskId                                        
20008724  pClientSecCBs                                    
20008728  nextHandle                                       
2000872c  pServiceList                                     
20008730  pfnServerProcessMsgCB                            
20008734  pfnClientProcessMsgCB                            
20008738  assertSubcause                                   
20008739  legacyMode                                       
2000873c  halAssertCback                                   
20008740  bm_preReleaseBuffCB                              
20008748  OSAL_timeSeconds                                 
20008750  fXtalInv                                         
20008758  l2capNumDataPkts                                 
20008759  flowCtrlTaskId                                   
2000875a  flowCtrlFwdTaskId                                
2000875b  l2capNumPSM                                      
2000875c  l2capNumCoChannels                               
2000875d  l2capUserConfig                                  
2000875f  advData1                                         
20008766  DisplayUart2Ansi_escClearScreen                  
2000876b  centAddrResCharProps                             
2000876c  BLEAppUtilEventHandlersHead                      
20008770  ICall_dispatcher                                 
20008774  ICall_enterCriticalSection                       
20008778  ICall_leaveCriticalSection                       
2000877c  RNGLPF3RF_noiseConditioningKeyWord0              
20008780  RNGLPF3RF_noiseConditioningKeyWord1              
20008784  RNGLPF3RF_noiseConditioningKeyWord2              
20008788  RNGLPF3RF_noiseConditioningKeyWord3              
2000878c  appAssertCback                                   
20008790  attClientNotifyTxCB                              
20008794  attServerNotifyTxCB                              
2000879c  ggs_AppCBs                                       
200087a0  pAdvDataEntry                                    
200087a4  pGapPeripheralConnCBs                            
200087a8  pRXWindowTask                                    
200087ac  pSmResponderCBs                                  
200087b0  pfnBMAlloc                                       
200087b4  pfnBMFree                                        
200087b8  pfnBondMgrCBs                                    
200087bc  pfnCentralConnCBs                                
200087c0  pfnPeripheralConnCBs                             
200087c4  pxCurrentTCB                                     
200087cc  serviceCBsList                                   
200087d8  smRspWaitingConnHandle                           
200087da  channel2usage                                    
200087db  charVal                                          
200087dc  defaultTxPowerDbm                                
200087e6  deviceNameCharProps                              
200087e7  extScanChanMap                                   
200087e8  gapState                                         
200087e9  gapUnwantedTaskID                                
200087ea  gattAppTaskID                                    
200087f2  l2capFlowCtrlMode                                
200087f3  l2capId                                          
200087f5  linkDB_secureConnectionOnlyMode                  
200087f6  llUnhandleNextIntFlag                            
200087f7  maxNumPrepareWrites                              
200087f8  periConnParamCharProps                           
200087f9  pwrmgr_initialized                               
200087fa  qosDefaultPriorityAdvParameter                   
200087fb  qosDefaultPriorityConnParameter                  
200087fc  randomAddressConfigured                          
200087fd  reqTaskId                                        
200087fe  resolvablePrivateAddressOnlyCharProps            
20008807  smAllowDebugKeysMode                             
20008808  smAppProcessLTKRequest                           
20008809  smAuthenPairingOnlyMode                          
20008ce0  __stack                                          
20009000  __STACK_END                                      
20009000  __STACK_TOP                                      
4e020000  ccfg                                             
4e020000  ti_utils_build_GenMap_sym_CRC_CCFG_BOOT_CFG_begin
4e02000b  ti_utils_build_GenMap_sym_CRC_CCFG_BOOT_CFG_end  
4e020010  ti_utils_build_GenMap_sym_CRC_CCFG_begin         
4e02074b  ti_utils_build_GenMap_sym_CRC_CCFG_end           
4e0207d0  ti_utils_build_GenMap_sym_CRC_CCFG_DEBUG_begin   
4e0207fb  ti_utils_build_GenMap_sym_CRC_CCFG_DEBUG_end     
ffffffff  __TI_pprof_out_hndl                              
ffffffff  __TI_prof_data_size                              
ffffffff  __TI_prof_data_start                             
ffffffff  __binit__                                        
ffffffff  binit                                            
UNDEFED   RCL_Debug_assertProxy                            
UNDEFED   RCL_Profiling_eventHook                          
UNDEFED   __mpu_init                                       
UNDEFED   _system_post_cinit                               

[2264 symbols]
