******************************************************************************
            TI ARM Clang Linker PC v3.2.2                      
******************************************************************************
>> Linked Fri Dec  6 11:51:47 2024

OUTPUT FILE NAME:   <oob_peripheral_basic_ble_LP_EM_CC2340R5_freertos_ticlang.out>
ENTRY POINT SYMBOL: "resetISR"  address: 0002a279


MEMORY CONFIGURATION

         name            origin    length      used     unused   attr    fill
----------------------  --------  ---------  --------  --------  ----  --------
  FLASH                 00000000   0007c000  0002fee4  0004c11c  R  X
  NVS_SLOT              0007c000   00004000  00004000  00000000  R  X
  SRAM                  20000000   00009000  00008794  0000086c  RW X
  S2RRAM                40098000   00001000  00000000  00001000  RW  
  CCFG                  4e020000   00000800  00000800  00000000  R   
  LOG_DATA              90000000   00040000  00000000  00040000  R   
  LOG_PTR               94000008   00040000  00000000  00040000  R   


SEGMENT ALLOCATION MAP

run origin  load origin   length   init length attrs members
----------  ----------- ---------- ----------- ----- -------
00000000    00000000    0002fee8   0002fee8    r-x
  00000000    00000000    0000008c   0000008c    r-- .resetVecs
  00000090    00000090    0002b0d0   0002b0d0    r-x .text
  0002b160    0002b160    00004790   00004790    r-- .rodata
  0002f8f0    0002f8f0    000005f8   000005f8    r-- .cinit
0007c000    0007c000    00004000   00000000    rw-
  0007c000    0007c000    00004000   00000000    rw- .TI.bound:flashBuf0
20000400    20000400    00000020   00000000    rw-
  20000400    20000400    00000010   00000000    rw- .TI.bound:dmaChannel0ControlTableEntry
  20000410    20000410    00000010   00000000    rw- .TI.bound:dmaChannel1ControlTableEntry
20000440    20000440    00000020   00000000    rw-
  20000440    20000440    00000010   00000000    rw- .TI.bound:dmaChannel4ControlTableEntry
  20000450    20000450    00000010   00000000    rw- .TI.bound:dmaChannel5ControlTableEntry
20000460    20000460    000083aa   00000000    rw-
  20000460    20000460    000070a6   00000000    rw- .bss
  20007508    20007508    00001302   00000000    rw- .data
20008ce0    20008ce0    00000320   00000000    rw-
  20008ce0    20008ce0    00000320   00000000    rw- .stack
4e020000    4e020000    00000800   00000800    r--
  4e020000    4e020000    00000800   00000800    r-- .ccfg


SECTION ALLOCATION MAP

 output                                  attributes/
section   page    origin      length       input sections
--------  ----  ----------  ----------   ----------------
.resetVecs 
*          0    00000000    0000008c     
                  00000000    0000008c     ti_freertos_config.o (.resetVecs)

.binit     0    00000000    00000000     

.text      0    00000090    0002b0d0     
                  00000090    00000c50     rcl_cc23x0r5.a : ble5.c.obj (.text.RCL_Handler_BLE5_adv)
                  00000ce0    0000092c     OneLib.a : OneLib_LL_ble.obj (.text.llProcessPeripheralControlPacket)
                  0000160c    000007b0     StackWrapper.a : StackWrapper_Host_gapbondmgr.obj (.text.GAPBondMgr_ProcessGAPMsg)
                  00001dbc    000005c4     OneLib.a : OneLib_LL_ll_peripheral_end_causes.obj (.text.llProcessPeripheralControlProcedures)
                  00002380    00000594              : OneLib_LL_ll_adv_end_causes.obj (.text.llAdv_TaskConnect)
                  00002914    00000510     nvocmp.o (.text.NVOCMP_compactPage)
                  00002e24    000004d8     nvocmp.o (.text.NVOCMP_initNvApi)
                  000032fc    000004ac     rcl_cc23x0r5.a : ble5.c.obj (.text.RCL_Handler_BLE5_conn)
                  000037a8    00000414     OneLib.a : OneLib_LL_ll_ae.obj (.text.llSetupExtAdvLegacy)
                  00003bbc    000003ec     app_simple_gatt.o (.text.SimpleGatt_changeCB)
                  00003fa8    00000388     OneLib.a : OneLib_LL_ll_peripheral_end_causes.obj (.text.llPeripheral_TaskEnd)
                  00004330    00000380     ecc.a : scalarMul.c.obj (.text.SCALARMUL_core)
                  000046b0    00000378     StackWrapper.a : StackWrapper_Host_gapbondmgr.obj (.text.GAPBondMgr_SetParameter)
                  00004a28    00000354     OneLib.a : OneLib_LL_ll_scheduler.obj (.text.llScheduler)
                  00004d7c    0000034c     ti_freertos_config.o (.text.doPrint)
                  000050c8    00000330     ecc.a : scalarMul.c.obj (.text.ATOMICPATTERN)
                  000053f8    00000328     OneLib.a : OneLib_LL_ll_peripheral_end_causes.obj (.text.llSetupNextPeripheralEvent)
                  00005720    00000310     ecc.a : lowlevelapi_m0_gnu.s.obj (.text)
                  00005a30    000002f0     OneLib.a : OneLib_LL_ll.obj (.text.LE_SetExtAdvEnable)
                  00005d20    000002e0     ecc.a : ECCSW.c.obj (.text.ECCSW_ECDSAVerify)
                  00006000    000002c8     rcl_cc23x0r5.a : LRF.c.obj (.text.LRF_applySettings)
                  000062c8    000002a4     OneLib.a : OneLib_LL_ll.obj (.text.LE_SetExtAdvParams)
                  0000656c    000002a0     rcl_cc23x0r5.a : LRFCC23X0.c.obj (.text.LRF_programFrequency)
                  0000680c    00000284     StackWrapper.a : StackWrapper_Host_gapbondmgr.obj (.text.GAPBondMgr_ProcessEvent)
                  00006a90    00000260     OneLib.a : OneLib_LL_ll_common.obj (.text.llAllocConnId)
                  00006cf0    0000023c              : OneLib_Host_Profiles_gattservapp.obj (.text.GATTServApp_ReadAttr)
                  00006f2c    00000228              : OneLib_HCI_hci_event.obj (.text.LL_EnhancedConnectionCompleteCback)
                  00007154    00000228     nvocmp.o (.text.NVOCMP_addItem)
                  0000737c    00000228     rcl_cc23x0r5.a : adc_noise.c.obj (.text.RCL_Handler_ADC_Noise_getNoise)
                  000075a4    00000228     OneLib.a : OneLib_LL_ll_common.obj (.text.llRealignConn)
                  000077cc    00000220              : OneLib_LL_ll_isr.obj (.text.llRxEntryDoneEventHandleStateConnection)
                  000079ec    0000021c     drivers_cc23x0r5.a : AESCCMLPF3.c.obj (.text.AESCCMLPF3_processSegmentedCBCMAC)
                  00007c08    0000021c     OneLib.a : OneLib_Host_GATT_gatt_client.obj (.text.gattClientProcessMsgCB)
                  00007e24    00000218     rcl_cc23x0r5.a : LRFCC23X0.c.obj (.text.LRF_temperatureCompensateTrim)
                  0000803c    00000218                    : RCL.c.obj (.text.rclCommandHwi)
                  00008254    00000214     drivers_cc23x0r5.a : UART2LPF3.c.obj (.text.UART2LPF3_hwiIntFxn)
                  00008468    00000200     OneLib.a : OneLib_Host_SM_sm_rsppairing.obj (.text.smResponderSendNextKeyInfo)
                  00008668    000001e4              : OneLib_Host_SM_sm_pairing.obj (.text.smSavePairInfo)
                  0000884c    000001d8     ecc.a : scalarMul.c.obj (.text.INVERT)
                  00008a24    000001d8     drivers_cc23x0r5.a : RNGLPF3RF.c.obj (.text.RNGLPF3RF_conditionNoiseToGenerateSeed)
                  00008bfc    000001d8     ti_freertos_config.o (.text.mq_open)
                  00008dd4    000001d4     OneLib.a : OneLib_LL_ll.obj (.text.LL_Reset)
                  00008fa8    000001d4     rcl_cc23x0r5.a : LRFCC23X0.c.obj (.text.LRF_setupRadio)
                  0000917c    000001cc     OneLib.a : OneLib_LL_ll_common.obj (.text.llProcessPeripheralConnectionCreated)
                  00009348    000001c4              : OneLib_Host_GAP_gap_advertiser.obj (.text.GapAdv_create)
                  0000950c    000001c4              : OneLib_Host_GAP_gap_advertiser.obj (.text.gapAdv_controllerCb)
                  000096d0    000001c0     drivers_cc23x0r5.a : AESCMACLPF3.c.obj (.text.AESCMACLPF3_startOperation)
                  00009890    000001c0     OneLib.a : OneLib_LL_ll.obj (.text.LL_AddDeviceToResolvingList)
                  00009a50    000001bc              : OneLib_LL_ll_adv_end_causes.obj (.text.llExtAdv_PostProcess)
                  00009c0c    000001b0              : OneLib_Host_GAP_gap_task.obj (.text.gapProcessBLEEvents)
                  00009dbc    000001a8     drivers_cc23x0r5.a : ECDHLPF3SW.c.obj (.text.ECDH_computeSharedSecret)
                  00009f64    000001a8     ecc.a : scalarMul.c.obj (.text.JACADD)
                  0000a10c    000001a4           : scalarMul25519.c.obj (.text.X25519_core)
                  0000a2b0    000001a0     ti_freertos_config.o (.text.PowerCC23X0_standbyPolicy)
                  0000a450    0000019c     OneLib.a : OneLib_LL_ll.obj (.text.LL_Init)
                  0000a5ec    0000019c     drivers_cc23x0r5.a : UART2LPF3.c.obj (.text.UART2LPF3_initHw)
                  0000a788    00000194     StackWrapper.a : StackWrapper_OSAL_osal.obj (.text.osal_run_system)
                  0000a91c    00000192     libclang_rt.builtins.a : adddf3.S.obj (.text.adddf3_subdf3)
                  0000aaae    00000002     ti_drivers_config.o (.text.Board_initHook)
                  0000aab0    0000018c     OneLib.a : OneLib_LL_ll_scheduler.obj (.text.llFindStartType)
                  0000ac3c    00000184     drivers_cc23x0r5.a : AESCCMLPF3.c.obj (.text.AESCCMLPF3_hwiFxn)
                  0000adc0    00000180                        : Button.c.obj (.text.Button_clockTimeoutHandler)
                  0000af40    00000180     OneLib.a : OneLib_LL_ll_isr.obj (.text.LL_rclAdvRxEntryDone)
                  0000b0c0    00000180              : OneLib_Host_SM_sm_mgr.obj (.text.sm_f5)
                  0000b240    0000017c     nvocmp.o (.text.NVOCMP_findItem)
                  0000b3bc    0000017c     simple_gatt_profile.o (.text.SimpleGattProfile_writeAttrCB)
                  0000b538    0000017c     drivers_cc23x0r5.a : UART2LPF3.c.obj (.text.UART2_open)
                  0000b6b4    0000017c     StackWrapper.a : StackWrapper_Host_gapbondmgr.obj (.text.gapBondMgrAuthenticate)
                  0000b830    0000017c     OneLib.a : OneLib_Host_L2CAP_l2cap_task.obj (.text.l2capProcessReq)
                  0000b9ac    0000017c              : OneLib_Host_SM_sm_task.obj (.text.smProcessHCIBLEMetaEventCode)
                  0000bb28    0000017a     drivers_cc23x0r5.a : AESCCMLPF3.c.obj (.text.AESCCMLPF3_oneStepOperation)
                  0000bca2    00000002     ble_user_config.o (.text.DefaultAssertCback)
                  0000bca4    00000170     OneLib.a : OneLib_Host_Profiles_gattservapp.obj (.text.gattServApp_ProcessReadByGrpTypeReq)
                  0000be14    00000170              : OneLib_LL_ll_data.obj (.text.llDynamicAlloc)
                  0000bf84    0000016e              : OneLib_LL_ll_common.obj (.text.llSelectConn)
                  0000c0f2    00000002     display_cc23x0r5.a : DisplayUart2.c.obj (.text.DisplayUart2Ansi_init)
                  0000c0f4    0000016c     OneLib.a : OneLib_Host_GATT_gatt_server.obj (.text.gattServerProcessMsgCB)
                  0000c260    0000016c     ti_freertos_config.o (.text.prvTimerTask)
                  0000c3cc    00000168     OneLib.a : OneLib_Host_Profiles_gattservapp.obj (.text.gattServApp_ProcessMsg)
                  0000c534    00000164     StackWrapper.a : StackWrapper_Host_gap.obj (.text.GAP_DeviceInit)
                  0000c698    00000164     drivers_cc23x0r5.a : UART2.c.obj (.text.UART2_writeTimeoutBlocking)
                  0000c7fc    00000160     OneLib.a : OneLib_Host_GAP_gap_task.obj (.text.gapProcessHCICmdCompleteEvt)
                  0000c95c    00000160              : OneLib_LL_ll_scheduler.obj (.text.llFindNextSecTask)
                  0000cabc    0000015c              : OneLib_LL_ll.obj (.text.LL_ProcessEvent)
                  0000cc18    00000158              : OneLib_Host_Profiles_gattservapp.obj (.text.gattServApp_ProcessReadByTypeReq)
                  0000cd70    00000150     bleapputil_task.o (.text.BLEAppUtil_Task)
                  0000cec0    00000150     OneLib.a : OneLib_Host_GAP_gap_advertiser.obj (.text.GapAdv_enable)
                  0000d010    00000150              : OneLib_Host_Profiles_gattservapp.obj (.text.gattServApp_ProcessFindByTypeValueReq)
                  0000d160    00000150              : OneLib_LL_ll_common.obj (.text.llCombinePDU)
                  0000d2b0    00000150     ti_freertos_config.o (.text.xQueueSemaphoreTake)
                  0000d400    0000014c     drivers_cc23x0r5.a : RNGLPF3RF.c.obj (.text.RNGLPF3RF_getValidatedNumber)
                  0000d54c    0000014c     OneLib.a : OneLib_Host_L2CAP_l2cap_util.obj (.text.l2capReassembleSegment)
                  0000d698    0000014c              : OneLib_LL_ll_common.obj (.text.llCalcConnMaxTimeLength)
                  0000d7e4    0000014c     rcl_cc23x0r5.a : RCL.c.obj (.text.rclStop)
                  0000d930    00000140     app_connection.o (.text.Connection_ConnEventHandler)
                  0000da70    00000140     OneLib.a : OneLib_LL_ll_common.obj (.text.llConnCleanup)
                  0000dbb0    00000140     rcl_cc23x0r5.a : RCL_Scheduler.c.obj (.text.rclSchedulerProcessCmdStartStopTime)
                  0000dcf0    0000013c     StackWrapper.a : StackWrapper_Host_gapbondmgr.obj (.text.gapBondMgrSaveBond)
                  0000de2c    00000138     drivers_cc23x0r5.a : NVSLPF3.c.obj (.text.NVSLPF3_write)
                  0000df64    00000134     OneLib.a : OneLib_LL_ll_isr.obj (.text.llLastCmdDoneEventHandleConnectRequest)
                  0000e098    00000130     ecc.a : ECCSW.c.obj (.text.ECCSW_validatePublicKeyWeierstrass)
                  0000e1c8    00000130     OneLib.a : OneLib_LL_ll_common.obj (.text.llGetNextConn)
                  0000e2f8    0000012c              : OneLib_LL_ll_scheduler.obj (.text.llExtAdvSchedSetup)
                  0000e424    0000012a              : OneLib_Host_SM_sm_mgr.obj (.text.sm_CMAC)
                  0000e54e    00000002     drivers_cc23x0r5.a : ECDHLPF3SW.c.obj (.text.ECDH_init)
                  0000e550    00000128     StackWrapper.a : StackWrapper_Host_gapbondmgr.obj (.text.gapBondMgrEraseBonding)
                  0000e678    00000128     OneLib.a : OneLib_LL_ll_scheduler.obj (.text.llCheckIsSecTaskCollideWithPrimTaskInLsto)
                  0000e7a0    00000128     ti_freertos_config.o (.text.xQueueGenericSend)
                  0000e8c8    00000122     icall_POSIX.o (.text.ICall_waitMatch)
                  0000e9ea    00000002     drivers_cc23x0r5.a : ECDSALPF3SW.c.obj (.text.ECDSA_init)
                  0000e9ec    00000120                        : ECDHLPF3SW.c.obj (.text.ECDH_generatePublicKey)
                  0000eb0c    0000011c     OneLib.a : OneLib_Host_L2CAP_l2cap_task.obj (.text.l2capProcessRsp)
                  0000ec28    00000118     dev_info_service.o (.text.DevInfo_setParameter)
                  0000ed40    00000118     ble_stack_api.o (.text.bleStack_initGapBondParams)
                  0000ee58    00000118     OneLib.a : OneLib_Host_Profiles_gattservapp.obj (.text.gattServApp_ProcessReadMultiReq)
                  0000ef70    00000114     rcl_cc23x0r5.a : ble5.c.obj (.text.RCL_Handler_BLE5_getAuxPtrFromTxBuffer)
                  0000f084    00000114                    : ble5.c.obj (.text.RCL_Handler_BLE5_updateTxBuffers)
                  0000f198    00000114     StackWrapper.a : StackWrapper_OSAL_osal_timers.obj (.text.osalTimerUpdate)
                  0000f2ac    00000114     ti_freertos_config.o (.text.xQueueReceive)
                  0000f3c0    00000110     OneLib.a : OneLib_Host_SM_sm_rsppairing.obj (.text.smpResponderProcessPairingRandom)
                  0000f4d0    0000010c              : OneLib_LL_ll_al.obj (.text.AL_AddEntry)
                  0000f5dc    0000010c     drivers_cc23x0r5.a : UART2LPF3.c.obj (.text.UART2Support_dmaStartRx)
                  0000f6e8    0000010c     OneLib.a : OneLib_Host_GATT_gatt_client.obj (.text.gattProcessMultiReqs)
                  0000f7f4    0000010c              : OneLib_LL_ll_common.obj (.text.llProcessAdvAddrResolutionTimeout)
                  0000f900    0000010c     ti_freertos_config.o (.text.prvAddNewTaskToReadyList)
                  0000fa0c    00000108     OneLib.a : OneLib_Host_GATT_gatt_server.obj (.text.GATT_SendRsp)
                  0000fb14    00000108              : OneLib_LL_ll_ae.obj (.text.LE_AE_SetData)
                  0000fc1c    00000108              : OneLib_LL_ll.obj (.text.LL_ConnUpdate)
                  0000fd24    00000108     drivers_cc23x0r5.a : UART2.c.obj (.text.UART2_writeTimeoutNonblocking)
                  0000fe2c    00000108     OneLib.a : OneLib_LL_ll_ae.obj (.text.llAddAdvSortedEntry)
                  0000ff34    00000108     ti_freertos_config.o (.text.xTaskIncrementTick)
                  0001003c    00000104     OneLib.a : OneLib_Host_SM_sm_mgr.obj (.text.sm_f6)
                  00010140    00000100     drivers_cc23x0r5.a : AESCTRDRBGXX.c.obj (.text.AESCTRDRBG_reseed)
                  00010240    00000100     OneLib.a : OneLib_LL_ll.obj (.text.LL_SetPhy)
                  00010340    00000100              : OneLib_Host_GATT_gatt_server.obj (.text.gattProcessFindInfoReq)
                  00010440    00000100              : OneLib_Host_GATT_gatt_client.obj (.text.gattProcessReadByType)
                  00010540    00000100              : OneLib_Host_SM_sm_pairing.obj (.text.smProcessDataMsg)
                  00010640    00000100     ti_freertos_config.o (.text.xTaskResumeAll)
                  00010740    000000fe     drivers_cc23x0r5.a : AESCTRDRBGXX.c.obj (.text.AESCTRDRBG_getRandomBytes)
                  0001083e    00000002     driverlib.a : interrupt.c.obj (.text.IntDefaultHandler)
                  00010840    000000fc     drivers_cc23x0r5.a : AESCTRDRBGXX.c.obj (.text.AESCTRDRBG_construct)
                  0001093c    000000fc     app_data.o (.text.GATT_EventHandler)
                  00010a38    000000fc     OneLib.a : OneLib_LL_ll.obj (.text.LL_RemoveDeviceFromResolvingList)
                  00010b34    000000fc     rcl_cc23x0r5.a : ble5.c.obj (.text.RCL_Handler_BLE5_updateAuxPtr)
                  00010c30    000000fc     OneLib.a : OneLib_LL_ll_ae.obj (.text.llFindNextAdvSet)
                  00010d2c    000000f8              : OneLib_Host_GAP_gap_linkmgr.obj (.text.gapPairingCompleteCB)
                  00010e24    000000f8              : OneLib_LL_ll_ae.obj (.text.llBuildExtAdvPacket)
                  00010f1c    000000f8     ti_freertos_config.o (.text.pvPortMalloc)
                  00011014    000000f8     OneLib.a : OneLib_Host_SM_sm_rsppairing.obj (.text.smResponderProcessLTKReq)
                  0001110c    000000f4              : OneLib_Host_SM_sm_rsppairing.obj (.text.smpResponderProcessIncoming)
                  00011200    000000f2     ecc.a : scalarMul.c.obj (.text.SCALARMUL_init)
                  000112f2    00000002     rom_init.o (.text.MAP_LL_SDAA_Init)
                  000112f4    000000f0     OneLib.a : OneLib_Host_GAP_gap_advertiser.obj (.text.GapAdv_loadByHandle)
                  000113e4    000000f0     nvocmp.o (.text.NVOCMP_cleanPage)
                  000114d4    000000f0     ecc.a : scalarMul.c.obj (.text.SCALARMUL_final)
                  000115c4    000000f0     OneLib.a : OneLib_Host_SM_sm_mgr.obj (.text.SM_VerifyAuthenSig)
                  000116b4    000000f0     StackWrapper.a : StackWrapper_Host_gapbondmgr.obj (.text.gapBondMgrUpdateCharCfg)
                  000117a4    000000f0     OneLib.a : OneLib_Host_SM_sm_mgr.obj (.text.sm_c1new)
                  00011894    000000f0     ti_freertos_config.o (.text.xEventGroupWaitBits)
                  00011984    000000ec     drivers_cc23x0r5.a : AESCCMLPF3.c.obj (.text.AESCCMLPF3_processOneStepCBCMACPolling)
                  00011a70    000000ec                        : ECDSALPF3SW.c.obj (.text.ECDSA_verify)
                  00011b5c    000000ec                        : PowerCC23X0.c.obj (.text.Power_init)
                  00011c48    000000ec     OneLib.a : OneLib_LL_ll_common.obj (.text.llConnExists)
                  00011d34    000000ec     rcl_cc23x0r5.a : RCL.c.obj (.text.rclSchedulerHwi)
                  00011e20    000000ec     OneLib.a : OneLib_Host_SM_sm_pairing.obj (.text.sm_c1)
                  00011f0c    000000e8              : OneLib_LL_ll_data.obj (.text.llDynamicFree)
                  00011ff4    000000e8     rcl_cc23x0r5.a : RCL.c.obj (.text.rclDispatchHwi)
                  000120dc    000000e8     OneLib.a : OneLib_Host_GAP_gap_linkmgr.obj (.text.sendAuthEvent)
                  000121c4    000000e4     bleapputil_process.o (.text.BLEAppUtil_processGAPEvents)
                  000122a8    000000e4     OneLib.a : OneLib_Host_SM_sm_pairing.obj (.text.SM_PasskeyUpdate)
                  0001238c    000000e4     libclang_rt.builtins.a : muldf3.S.obj (.text.__muldf3)
                  00012470    000000e4     OneLib.a : OneLib_Host_Profiles_gapgattserver.obj (.text.ggs_ReadAttrCB)
                  00012554    000000e0     drivers_cc23x0r5.a : Button.c.obj (.text.Button_open)
                  00012634    000000e0     OneLib.a : OneLib_Host_ATT_att_util.obj (.text.attSendMsg)
                  00012714    000000e0              : OneLib_Host_L2CAP_l2cap_task.obj (.text.l2capProcessConnectReq)
                  000127f4    000000e0              : OneLib_Host_SM_sm_mgr.obj (.text.sm_f4)
                  000128d4    000000e0              : OneLib_Host_SM_sm_mgr.obj (.text.sm_g2)
                  000129b4    000000dc     ble_user_config_stack.o (.text.setBleUserConfig)
                  00012a90    000000d8     OneLib.a : OneLib_HCI_hci_event.obj (.text.LL_ReadLocalP256PublicKeyCompleteEventCback)
                  00012b68    000000d8              : OneLib_LL_ll_scheduler.obj (.text.llAllocTask)
                  00012c40    000000d8              : OneLib_LL_ll_common.obj (.text.llSendConnEvtCallback)
                  00012d18    000000d8     ti_freertos_config.o (.text.pthread_create)
                  00012df0    000000d8     OneLib.a : OneLib_Host_SM_sm_rsppairing.obj (.text.smContPublicKeyExchange)
                  00012ec8    000000d4     drivers_cc23x0r5.a : GPIOLPF3.c.obj (.text.GPIO_init)
                  00012f9c    000000d4     OneLib.a : OneLib_LL_ll_ae.obj (.text.LL_GetAdvSet)
                  00013070    000000d4              : OneLib_HCI_hci_event.obj (.text.LL_PhyUpdateCompleteEventCback)
                  00013144    000000d4     ble_stack_api.o (.text.bleStack_initGatt)
                  00013218    000000d4     ecc.a : lowlevelapi.c.obj (.text.mSET)
                  000132ec    000000d0     app_pairing.o (.text.Pairing_pairStateHandler)
                  000133bc    000000d0     OneLib.a : OneLib_Host_Profiles_gattservapp.obj (.text.gattServApp_IsWriteLong)
                  0001348c    000000d0              : OneLib_Host_Profiles_gapgattserver.obj (.text.ggs_WriteAttrCB)
                  0001355c    000000d0              : OneLib_Host_SM_sm_pairing.obj (.text.smGenerateAddrInput)
                  0001362c    000000cc     StackWrapper.a : StackWrapper_Host_gapbondmgr.obj (.text.GAPBondMgr_FindAddr)
                  000136f8    000000c8     OneLib.a : OneLib_HCI_hci_event.obj (.text.LL_RemoteConnParamReqCback)
                  000137c0    000000c8              : OneLib_LL_ll.obj (.text.LL_TxData)
                  00013888    000000c8     drivers_cc23x0r5.a : PowerCC23X0.c.obj (.text.PowerCC23X0_oscillatorISR)
                  00013950    000000c8     OneLib.a : OneLib_Host_GAP_gap_advertiser.obj (.text.gapAdv_init)
                  00013a18    000000c8              : OneLib_LL_ll_ae.obj (.text.llSetupExtHdr)
                  00013ae0    000000c8     ecc.a : lowlevelapi.c.obj (.text.mINVK)
                  00013ba8    000000c4     drivers_cc23x0r5.a : AESCTRLPF3.c.obj (.text.AESCTRLPF3_startOperation)
                  00013c6c    000000c4     dev_info_service.o (.text.DevInfo_readAttrCB)
                  00013d30    000000c4     OneLib.a : OneLib_LL_ll_common.obj (.text.llAlignToNextEvent)
                  00013df4    000000c4     ti_freertos_config.o (.text.xTaskRemoveFromEventList)
                  00013eb8    000000c0     OneLib.a : OneLib_HCI_hci_event.obj (.text.LL_EncLtkReqCback)
                  00013f78    000000c0              : OneLib_HCI_hci_event.obj (.text.LL_GenerateDHKeyCompleteEventCback)
                  00014038    000000c0              : OneLib_LL_ll_privacy.obj (.text.LL_PRIV_UpdateExtALEntry)
                  000140f8    000000c0     drivers_cc23x0r5.a : UART2LPF3.c.obj (.text.UART2Support_dmaStartTx)
                  000141b8    000000c0     OneLib.a : OneLib_Host_L2CAP_l2cap_util.obj (.text.l2capSendSegment)
                  00014278    000000c0     StackWrapper.a : StackWrapper_OSAL_osal.obj (.text.osal_set_event)
                  00014338    000000bc     OneLib.a : OneLib_Host_GAP_gap_linkmgr.obj (.text.GAP_Authenticate)
                  000143f4    000000bc              : OneLib_LL_ll_enc.obj (.text.LL_ENC_GenerateDRBGRandNum)
                  000144b0    000000bc              : OneLib_Host_Profiles_gattservapp.obj (.text.gattServApp_ProcessPrepareWriteReq)
                  0001456c    000000bc              : OneLib_LL_ll_common.obj (.text.llSetupPhyCtrlPkt)
                  00014628    000000bc              : OneLib_Host_SM_sm_rsppairing.obj (.text.smpResponderSendPairRspEvent)
                  000146e4    000000ba     drivers_cc23x0r5.a : AESCMACLPF3.c.obj (.text.AESCMACLPF3_oneStepOperation)
                  0001479e    00000002     rom_init.o (.text.MAP_LL_SDAA_SampleRXWindow)
                  000147a0    000000b8     OneLib.a : OneLib_Host_GATT_gatt_server.obj (.text.GATT_RegisterService)
                  00014858    000000b8              : OneLib_HCI_hci_event.obj (.text.HCI_NumOfCompletedPacketsEvent)
                  00014910    000000b8              : OneLib_HCI_hci_event.obj (.text.LL_DataLengthChangeEventCback)
                  000149c8    000000b8              : OneLib_LL_ll.obj (.text.LL_SetDataLen)
                  00014a80    000000b6     drivers_cc23x0r5.a : AESCTRLPF3.c.obj (.text.AESCTRLPF3_oneStepOperation)
                  00014b36    00000002     rom_init.o (.text.MAP_gapInit_initiatingEnd)
                  00014b38    000000b4     StackWrapper.a : StackWrapper_Host_gapbondmgr.obj (.text.GAPBondMgr_Init)
                  00014bec    000000b4     OneLib.a : OneLib_Host_GAP_gap_linkmgr.obj (.text.GAP_UpdateLinkParamReqReply)
                  00014ca0    000000b4              : OneLib_HCI_hci_event.obj (.text.LL_ConnParamUpdateCback)
                  00014d54    000000b4     nvocmp.o (.text.NVOCMP_erase)
                  00014e08    000000b4     OneLib.a : OneLib_Host_GAP_gap_linkmgr.obj (.text.gapProcessConnectionCompleteEvt)
                  00014ebc    000000b4              : OneLib_Host_L2CAP_l2cap_util.obj (.text.l2capDisconnectAllChannels)
                  00014f70    000000b0     display_cc23x0r5.a : DisplayUart2.c.obj (.text.DisplayUart2Ansi_vprintf)
                  00015020    000000b0     OneLib.a : OneLib_Host_SM_sm_mgr.obj (.text.SM_GenerateAuthenSig)
                  000150d0    000000ac              : OneLib_Host_L2CAP_l2cap_task.obj (.text.L2CAP_Init)
                  0001517c    000000ac              : OneLib_LL_ll_isr.obj (.text.LL_rclAdvTxFinished)
                  00015228    000000ac     StackWrapper.a : StackWrapper_Host_gapbondmgr.obj (.text.gapBondMgrEraseLocalInfo)
                  000152d4    000000ac                    : StackWrapper_Host_gapbondmgr.obj (.text.gapBondMgr_syncResolvingList)
                  00015380    000000aa     OneLib.a : OneLib_LL_ll_common.obj (.text.llApplyParamUpdate)
                  0001542a    00000002     rom_init.o (.text.MAP_gapInit_sendConnCancelledEvt)
                  0001542c    000000a8     OneLib.a : OneLib_LL_ll.obj (.text.LL_EXT_GetConnInfo)
                  000154d4    000000a8              : OneLib_HCI_hci_data.obj (.text.LL_RxDataCompleteCback)
                  0001557c    000000a8              : OneLib_Host_GATT_gatt_client.obj (.text.gattProcessReliableWrites)
                  00015624    000000a8              : OneLib_Host_GATT_gatt_task.obj (.text.gattProcessRxData)
                  000156cc    000000a8              : OneLib_Host_Profiles_gattservapp.obj (.text.gattServApp_HandleConnStatusCB)
                  00015774    000000a8              : OneLib_Host_SM_sm_mgr.obj (.text.generate_subkey)
                  0001581c    000000a8              : OneLib_Host_GAP_linkdb.obj (.text.linkDB_Add)
                  000158c4    000000a8     ti_freertos_config.o (.text.vTaskRemoveFromUnorderedEventList)
                  0001596c    000000a8     ti_freertos_config.o (.text.xQueueGenericSendFromISR)
                  00015a14    000000a4     drivers_cc23x0r5.a : AESCCMLPF3.c.obj (.text.AESCCMLPF3_processSegmentedCTR)
                  00015ab8    000000a4     OneLib.a : OneLib_Host_Profiles_gattservapp.obj (.text.GATTServApp_Init)
                  00015b5c    000000a4              : OneLib_Host_GATT_gatt_task.obj (.text.GATT_bm_alloc)
                  00015c00    000000a4     rcl_cc23x0r5.a : LRF.c.obj (.text.LRF_TxPowerTable_findValue)
                  00015ca4    000000a4     OneLib.a : OneLib_Host_SM_sm_task.obj (.text.SM_ProcessEvent)
                  00015d48    000000a4     StackWrapper.a : StackWrapper_Host_gapbondmgr.obj (.text.gapBondStateStartSecurity)
                  00015dec    000000a4     OneLib.a : OneLib_LL_ll_scheduler.obj (.text.llFreeTask)
                  00015e90    000000a4              : OneLib_Host_SM_sm_pairing.obj (.text.smF5Wrapper)
                  00015f34    000000a4              : OneLib_Host_SM_sm_pairing.obj (.text.smProcessEncryptChange)
                  00015fd8    000000a2              : OneLib_Host_GATT_gatt_server.obj (.text.GATT_VerifyWritePermissions)
                  0001607a    00000002     rom_init.o (.text.MAP_gapScan_processSessionEndEvt)
                  0001607c    000000a2     libclang_rt.builtins.a : udivmoddi4.S.obj (.text)
                  0001611e    00000002     rom_init.o (.text.MAP_gap_CentConnRegister)
                  00016120    000000a0     OneLib.a : OneLib_HCI_hci_event.obj (.text.LL_EXT_ChanMapUpdateCback)
                  000161c0    000000a0     rcl_cc23x0r5.a : RCL_Scheduler.c.obj (.text.rclSchedulerCancelStopTime)
                  00016260    0000009c     drivers_cc23x0r5.a : AESECBLPF3.c.obj (.text.AESECBLPF3_startOperation)
                  000162fc    0000009c     app_simple_gatt.o (.text.SimpleGatt_start)
                  00016398    0000009c     StackWrapper.a : StackWrapper_OSAL_osal_cbtimer.obj (.text.cbTimerSetup)
                  00016434    0000009c     ti_freertos_config.o (.text.clock_gettime)
                  000164d0    0000009c     drivers_cc23x0r5.a : NVSLPF3.c.obj (.text.doErase)
                  0001656c    0000009c     OneLib.a : OneLib_LL_ll_scheduler.obj (.text.llCmdStartedEventHandle)
                  00016608    0000009c              : OneLib_LL_ll_ecc.obj (.text.ll_GenerateDHKey)
                  000166a4    0000009c              : OneLib_Host_SM_sm_pairing.obj (.text.smGetECCKeys)
                  00016740    0000009c     ti_freertos_config.o (.text.vTaskSuspend)
                  000167dc    0000009a     drivers_cc23x0r5.a : UART2.c.obj (.text.UART2_writeCancel)
                  00016876    0000009a     OneLib.a : OneLib_Host_Profiles_gattservapp.obj (.text.gattServApp_ProcessWriteReq)
                  00016910    00000098              : OneLib_LL_ll.obj (.text.LL_SetRandomAddress)
                  000169a8    00000098     rcl_cc23x0r5.a : RCL_Buffer.c.obj (.text.RCL_MultiBuffer_RxEntry_next)
                  00016a40    00000098     OneLib.a : OneLib_Host_Profiles_gattservapp.obj (.text.gattServApp_ProcessReadBlobReq)
                  00016ad8    00000098              : OneLib_Host_Profiles_gattservapp.obj (.text.gattServApp_SetNumPrepareWrites)
                  00016b70    00000098              : OneLib_LL_ll_common.obj (.text.llFindNextConn)
                  00016c08    00000098     ti_freertos_config.o (.text.vTaskDelete)
                  00016ca0    00000094     OneLib.a : OneLib_HCI_hci_event.obj (.text.HCI_CommandCompleteEvent)
                  00016d34    00000094     icall_POSIX.o (.text.ICall_send)
                  00016dc8    00000094     OneLib.a : OneLib_LL_ll_privacy.obj (.text.LL_PRIV_AddExtALEntry)
                  00016e5c    00000094     app_menu.o (.text.Menu_doGattWriteCB)
                  00016ef0    00000094     drivers_cc23x0r5.a : NVSLPF3.c.obj (.text.NVSLPF3_open)
                  00016f84    00000094     rcl_cc23x0r5.a : RCL_Scheduler.c.obj (.text.RCL_Scheduler_setStopTimes)
                  00017018    00000094     OneLib.a : OneLib_Host_SM_sm_pairing.obj (.text.SM_StartPairing)
                  000170ac    00000094     ecc.a : scalarMul.c.obj (.text.SQUAREMULTIPLYWORD)
                  00017140    00000094     OneLib.a : OneLib_Host_Profiles_gattservapp.obj (.text.gattServApp_ProcessReadReq)
                  000171d4    00000094              : OneLib_Host_L2CAP_l2cap_util.obj (.text.l2capEncapSendData)
                  00017268    00000094              : OneLib_Host_L2CAP_l2cap_util.obj (.text.l2capSendConnectRsp)
                  000172fc    00000094     StackWrapper.a : StackWrapper_OSAL_osal_cbtimer.obj (.text.osal_CbTimerProcessEvent)
                  00017390    00000094     ti_freertos_config.o (.text.xQueueReceiveFromISR)
                  00017424    00000092     OneLib.a : OneLib_LL_ll_common.obj (.text.llSetupEncRsp)
                  000174b6    0000000a     drivers_cc23x0r5.a : AESCCM.c.obj (.text.AESCCM_Operation_init)
                  000174c0    00000092     driverlib.a : aes_ticlang.s.obj (.text)
                  00017552    00000002     rom_init.o (.text.MAP_llDmmDynamicFree)
                  00017554    00000090     display_cc23x0r5.a : DisplayUart2.c.obj (.text.DisplayUart2Ansi_clearLines)
                  000175e4    00000090     OneLib.a : OneLib_Host_GAP_gap_linkmgr.obj (.text.GAP_Bond)
                  00017674    00000090              : OneLib_Host_L2CAP_l2cap_if.obj (.text.L2CAP_SendData)
                  00017704    00000090     rcl_cc23x0r5.a : RCL_Buffer.c.obj (.text.RCL_MultiBuffer_RxEntry_get)
                  00017794    00000090     drivers_cc23x0r5.a : UART2LPF3.c.obj (.text.UART2_close)
                  00017824    00000090     OneLib.a : OneLib_Host_Profiles_gattservapp.obj (.text.gattServApp_EnqueueReTx)
                  000178b4    00000090              : OneLib_LL_ble.obj (.text.llManageControlPacketQueue)
                  00017944    00000090              : OneLib_LL_ll_scheduler.obj (.text.llScheduleTask)
                  000179d4    00000090              : OneLib_LL_ll_ecc.obj (.text.ll_ReadLocalP256PublicKey)
                  00017a64    00000090     osal_icall_ble.o (.text.osalInitTasks)
                  00017af4    00000090     ti_freertos_config.o (.text.xQueueGenericReset)
                  00017b84    00000090     ecc.a : lowlevelapi.c.obj (.text.zSUB)
                  00017c14    0000008e     OneLib.a : OneLib_Host_GATT_gatt_task.obj (.text.gattGetPayload)
                  00017ca2    0000008e              : OneLib_LL_ll_common.obj (.text.llValidateConnParams)
                  00017d30    0000008c              : OneLib_Host_GAP_gap_linkmgr.obj (.text.GAP_UpdateLinkParamReq)
                  00017dbc    0000008c              : OneLib_Host_GATT_gatt_server.obj (.text.GATT_FindNextAttr)
                  00017e48    0000008c     app_menu.o (.text.Menu_workWithCB)
                  00017ed4    0000008c     rcl_cc23x0r5.a : RCL_AdcNoise.c.obj (.text.RCL_AdcNoise_get_samples_blocking)
                  00017f60    0000008c     OneLib.a : OneLib_Host_GATT_gatt_client.obj (.text.gattClientHandleConnStatusCB)
                  00017fec    0000008c              : OneLib_Host_GATT_gatt_server.obj (.text.gattServerHandleConnStatusCB)
                  00018078    0000008c              : OneLib_Host_L2CAP_l2cap_util.obj (.text.l2capSendReq)
                  00018104    0000008c     StackWrapper.a : StackWrapper_OSAL_osal.obj (.text.osal_msg_enqueue_push)
                  00018190    0000008c     OneLib.a : OneLib_Host_SM_sm_pairing.obj (.text.smUpdateEncInfo)
                  0001821c    0000008c     ti_freertos_config.o (.text.vTaskPriorityDisinheritAfterTimeout)
                  000182a8    0000008c     ti_freertos_config.o (.text.xQueueGiveFromISR)
                  00018334    0000008c     ti_freertos_config.o (.text.xTaskPriorityInherit)
                  000183c0    0000008a     ecc.a : lowlevelapi.c.obj (.text.zMACC32)
                  0001844a    00000002     rom_init.o (.text.MAP_llDmmSetThreshold)
                  0001844c    00000088     drivers_cc23x0r5.a : AESCTRLPF3.c.obj (.text.AESCTRLPF3_processData)
                  000184d4    00000088     StackWrapper.a : StackWrapper_Host_gapbondmgr.obj (.text.GAPBondMgr_ServiceChangeInd)
                  0001855c    00000088     OneLib.a : OneLib_Host_GATT_gatt_client.obj (.text.GATT_InitClient)
                  000185e4    00000088              : OneLib_HCI_hci_event.obj (.text.HCI_SendCommandCompleteEvent)
                  0001866c    00000088              : OneLib_HCI_hci_event.obj (.text.LL_ChannelSelectionAlgorithmCback)
                  000186f4    00000088              : OneLib_HCI_hci_event.obj (.text.LL_EncChangeCback)
                  0001877c    00000088              : OneLib_LL_ll_privacy.obj (.text.LL_PRIV_FindExtALEntry)
                  00018804    00000088     nvocmp.o (.text.NVOCMP_getDstPage)
                  0001888c    00000088     StackWrapper.a : StackWrapper_ICallBLE_icall_lite_translation.obj (.text.icall_liteTranslation)
                  00018914    00000088     OneLib.a : OneLib_Host_SM_sm_rsppairing.obj (.text.smpResponderProcessPairingConfirm)
                  0001899c    00000088     ti_freertos_config.o (.text.vTaskSwitchContext)
                  00018a24    00000088     ti_freertos_config.o (.text.xEventGroupSetBits)
                  00018aac    00000086     OneLib.a : OneLib_LL_ll.obj (.text.LL_RemoteConnParamReqReply)
                  00018b32    00000086              : OneLib_LL_ll_common.obj (.text.llWriteTxData)
                  00018bb8    00000086              : OneLib_Host_SMP_smp.obj (.text.smpBuildPairingReqRsp)
                  00018c3e    00000086              : OneLib_Host_SMP_smp.obj (.text.smpParsePairingReq)
                  00018cc4    00000084              : OneLib_Host_Profiles_gattservapp.obj (.text.GATTServApp_WriteAttr)
                  00018d48    00000084              : OneLib_HCI_hci_event.obj (.text.LL_DisconnectCback)
                  00018dcc    00000084              : OneLib_LL_ll_privacy.obj (.text.LL_PRIV_FindPeerInRL)
                  00018e50    00000084              : OneLib_Host_GATT_gatt_client.obj (.text.gattProcessWriteLong)
                  00018ed4    00000084              : OneLib_Host_Profiles_gattservapp.obj (.text.gattServApp_ProcessReliableWrites)
                  00018f58    00000084              : OneLib_Host_L2CAP_l2cap_util.obj (.text.l2capNotifyCreditEvt)
                  00018fdc    00000084              : OneLib_Host_L2CAP_l2cap_task.obj (.text.l2capProcessRxData)
                  00019060    00000084              : OneLib_LL_ll_common.obj (.text.llProcessTxData)
                  000190e4    00000084              : OneLib_LL_ll_common.obj (.text.llSetupConnParamReq)
                  00019168    00000084              : OneLib_LL_ll_common.obj (.text.llSetupConnParamRsp)
                  000191ec    00000084     ti_freertos_config.o (.text.memalign)
                  00019270    00000084     rcl_cc23x0r5.a : RCL_Scheduler.c.obj (.text.rclSchedulerSetNewStopTime)
                  000192f4    00000084     OneLib.a : OneLib_Host_SM_sm_pairing.obj (.text.smGenerateDHKeyCheck)
                  00019378    00000084     driverlib.a : udma.c.obj (.text.uDMASetChannelTransfer)
                  000193fc    00000080     drivers_cc23x0r5.a : AESCTRLPF3.c.obj (.text.AESCTRLPF3_hwiFxn)
                  0001947c    00000080     OneLib.a : OneLib_Host_L2CAP_l2cap_task.obj (.text.L2CAP_ProcessEvent)
                  000194fc    00000080              : OneLib_LL_ll.obj (.text.LL_EXT_GetActiveConnInfo)
                  0001957c    00000080              : OneLib_HCI_hci_event.obj (.text.LL_EncKeyRefreshCback)
                  000195fc    00000080     menu_module.o (.text.MenuModule_printMenuNavBar)
                  0001967c    00000080     simple_gatt_profile.o (.text.SimpleGattProfile_readAttrCB)
                  000196fc    00000080     OneLib.a : OneLib_Host_Profiles_gattservapp.obj (.text.gattServApp_buildReadByTypeRsp)
                  0001977c    00000080              : OneLib_LL_ll_common.obj (.text.llCheckAcceptListUsage)
                  000197fc    00000080              : OneLib_LL_ll_common.obj (.text.llReplaceCtrlPkt)
                  0001987c    00000080              : OneLib_LL_ble.obj (.text.llReplaceRxBuffers)
                  000198fc    00000080     ti_freertos_config.o (.text.prvAddCurrentTaskToDelayedList)
                  0001997c    00000080     OneLib.a : OneLib_Host_SM_sm_task.obj (.text.smProcessHCIBLEEventCode)
                  000199fc    0000007e     ecc.a : scalarMul25519.c.obj (.text.X25519_final)
                  00019a7a    0000007e     OneLib.a : OneLib_LL_ll_common.obj (.text.llSetupLenCtrlPkt)
                  00019af8    0000007c     ti_freertos_config.o (.text.ClockP_startup)
                  00019b74    0000007c     OneLib.a : OneLib_Host_GATT_gatt_server.obj (.text.GATT_ServiceChangedInd)
                  00019bf0    0000007c              : OneLib_HCI_hci_event.obj (.text.HCI_HardwareErrorEvent)
                  00019c6c    0000007c              : OneLib_Host_L2CAP_l2cap_if.obj (.text.L2CAP_ConnParamUpdateReq)
                  00019ce8    0000007c              : OneLib_HCI_hci_event.obj (.text.LL_AuthPayloadTimeoutExpiredCback)
                  00019d64    0000007c              : OneLib_LL_ll_privacy.obj (.text.LL_PRIV_CheckRLPeerIdEntry)
                  00019de0    0000007c     ti_freertos_config.o (.text.formatNum)
                  00019e5c    0000007c     StackWrapper.a : StackWrapper_Host_gapbondmgr.obj (.text.gapBondMgr_SyncCharCfg)
                  00019ed8    0000007c     OneLib.a : OneLib_Host_GAP_gap_task.obj (.text.gapProcessOSALMsg)
                  00019f54    0000007c              : OneLib_LL_ll_common.obj (.text.llCBTimer_AptoExpiredCback)
                  00019fd0    0000007c              : OneLib_LL_ll_common.obj (.text.llVerifyConnParamReqParams)
                  0001a04c    0000007c     drivers_cc23x0r5.a : TemperatureLPF3.c.obj (.text.temperatureEventCb)
                  0001a0c8    0000007c     ti_freertos_config.o (.text.xTaskPriorityDisinherit)
                  0001a144    0000007a     OneLib.a : OneLib_Host_GATT_gatt_client.obj (.text.gattResetClientInfo)
                  0001a1be    00000002     rom_init.o (.text.MAP_llHealthUpdate)
                  0001a1c0    00000078     drivers_cc23x0r5.a : AESCMACLPF3.c.obj (.text.AESCMACLPF3_getResult)
                  0001a238    00000078                        : AESECBLPF3.c.obj (.text.AESECB_oneStepEncrypt)
                  0001a2b0    00000078     ti_freertos_config.o (.text.ClockP_hwiCallback)
                  0001a328    00000078     ecc.a : ECCSW.c.obj (.text.ECCSW_validatePrivateKeyWeierstrass)
                  0001a3a0    00000078     ti_freertos_config.o (.text.HwiP_construct)
                  0001a418    00000078     icall_POSIX.o (.text.ICall_setTimer)
                  0001a490    00000078     OneLib.a : OneLib_LL_ll_enc.obj (.text.LL_ENC_Decrypt)
                  0001a508    00000078              : OneLib_LL_ll.obj (.text.LL_EXT_SetMaxDataLen)
                  0001a580    00000078     nvocmp.o (.text.NVOCMP_writeItemApi)
                  0001a5f8    00000078     rcl_cc23x0r5.a : RCL_Scheduler.c.obj (.text.RCL_Scheduler_findStopStatus)
                  0001a670    00000078     simple_gatt_profile.o (.text.SimpleGattProfile_setParameter)
                  0001a6e8    00000078     OneLib.a : OneLib_Host_GAP_gap_perilinkmgr.obj (.text.gapPeriProcessSignalEvt)
                  0001a760    00000078     rcl_cc23x0r5.a : hal_cc23x0.c.obj (.text.hal_init_fsm)
                  0001a7d8    00000078     OneLib.a : OneLib_LL_ll_common.obj (.text.llSetupFeatureSetRsp)
                  0001a850    00000078     StackWrapper.a : StackWrapper_OSAL_osal.obj (.text.osal_msg_receive)
                  0001a8c8    00000078     OneLib.a : OneLib_Host_GAP_gap_linkmgr.obj (.text.sendEstLinkEvent)
                  0001a940    00000078     libc.a : copy_decompress_lzss.c.obj (.text:decompress:lzss)
                  0001a9b8    00000076     drivers_cc23x0r5.a : AESCTRDRBGXX.c.obj (.text.AESCTRDRBGXX_updateState)
                  0001aa2e    00000076     OneLib.a : OneLib_LL_ll_common.obj (.text.llFragmentPDU)
                  0001aaa4    00000076     ti_freertos_config.o (.text.prvCopyDataToQueue)
                  0001ab1a    00000002     rom_init.o (.text.MAP_llProcessCentralConnectionCreated)
                  0001ab1c    00000074     drivers_cc23x0r5.a : BatMonSupportLPF3.c.obj (.text.BatMonSupportLPF3_init)
                  0001ab90    00000074     StackWrapper.a : StackWrapper_Host_gap.obj (.text.GAP_DeviceInit_validate_params)
                  0001ac04    00000074     OneLib.a : OneLib_Host_Profiles_gattservapp.obj (.text.GATTServApp_ProcessEvent)
                  0001ac78    00000074     icall_POSIX.o (.text.ICall_createRemoteTasksAtRuntime)
                  0001acec    00000074     OneLib.a : OneLib_LL_ll_privacy.obj (.text.LL_PRIV_Init)
                  0001ad60    00000074              : OneLib_Host_L2CAP_l2cap_util.obj (.text.l2capSendCmd)
                  0001add4    00000074              : OneLib_LL_ll_common.obj (.text.llIsThereACollisionBetweenConn)
                  0001ae48    00000074     ti_freertos_config.o (.text.prvInitialiseNewTask)
                  0001aebc    00000074     ti_freertos_config.o (.text.prvUnlockQueue)
                  0001af30    00000074     OneLib.a : OneLib_Host_SM_sm_pairing.obj (.text.smOobSCAuthentication)
                  0001afa4    00000072              : OneLib_Host_GATT_gatt_server.obj (.text.GATT_VerifyReadPermissions)
                  0001b016    00000002     rom_init.o (.text.MAP_llProcessCentralControlPacket)
                  0001b018    00000070     OneLib.a : OneLib_LL_ll_al.obj (.text.AL_FindEntry)
                  0001b088    00000070     app_main.o (.text.App_StackInitDoneHandler)
                  0001b0f8    00000070     OneLib.a : OneLib_Host_GAP_gap_configmgr.obj (.text.GAP_GetDevAddress)
                  0001b168    00000070              : OneLib_Host_GATT_gatt_server.obj (.text.GATT_FindHandleUUID)
                  0001b1d8    00000070              : OneLib_Host_GATT_gatt_server.obj (.text.GATT_InitServer)
                  0001b248    00000070     nvocmp.o (.text.NVOCMP_eraseNvApi)
                  0001b2b8    00000070     nvocmp.o (.text.NVOCMP_readItemApi)
                  0001b328    00000070     drivers_cc23x0r5.a : PowerCC23X0.c.obj (.text.PowerCC23X0_startHFXT)
                  0001b398    00000070     rcl_cc23x0r5.a : ble5.c.obj (.text.RCL_Handler_BLE5_findRfFreq)
                  0001b408    00000070     OneLib.a : OneLib_Host_SM_sm_rsppairing.obj (.text.SM_ResponderInit)
                  0001b478    00000070     simple_gatt_profile.o (.text.SimpleGattProfile_getParameter)
                  0001b4e8    00000070     drivers_cc23x0r5.a : UART2LPF3.c.obj (.text.UART2Support_dmaStopTx)
                  0001b558    00000070     libclang_rt.builtins.a : comparedf2.c.obj (.text.__gedf2)
                  0001b5c8    00000070     StackWrapper.a : StackWrapper_Host_gapbondmgr.obj (.text.gapBondMgrSetStateFlagFromConnhandle)
                  0001b638    00000070     OneLib.a : OneLib_Host_GATT_gatt_client.obj (.text.gattProcessFindInfo)
                  0001b6a8    00000070     icall_POSIX.o (.text.icall_directAPI)
                  0001b718    00000070     OneLib.a : OneLib_Host_L2CAP_l2cap_util.obj (.text.l2capAllocChannel)
                  0001b788    00000070              : OneLib_Host_L2CAP_l2cap_task.obj (.text.l2capProcessOSALMsg)
                  0001b7f8    00000070              : OneLib_LL_ll_common.obj (.text.llCreateCommonFeatureSet)
                  0001b868    00000070              : OneLib_LL_ll_common.obj (.text.llEstimateConnMinTimeLength)
                  0001b8d8    00000070     StackWrapper.a : StackWrapper_OSAL_osal_bufmgr.obj (.text.osal_bm_free)
                  0001b948    00000070                    : StackWrapper_OSAL_osal.obj (.text.osal_event_send)
                  0001b9b8    00000070     rcl_cc23x0r5.a : RCL_Scheduler.c.obj (.text.rclSchedulerFindEarliestStopTime)
                  0001ba28    00000070                    : RCL.c.obj (.text.scheduleHook)
                  0001ba98    00000070     OneLib.a : OneLib_Host_SM_sm_pairing.obj (.text.smFreePairingParams)
                  0001bb08    0000006c     drivers_cc23x0r5.a : CryptoUtils.c.obj (.text.CryptoUtils_reverseCopyPad)
                  0001bb74    0000006c     display_cc23x0r5.a : DisplayUart2.c.obj (.text.DisplayUart2Ansi_open)
                  0001bbe0    0000006c     OneLib.a : OneLib_Host_Profiles_gapgattserver.obj (.text.GGS_SetParameter)
                  0001bc4c    0000006c     drivers_cc23x0r5.a : GPIOLPF3.c.obj (.text.GPIO_setConfigAndMux)
                  0001bcb8    0000006c     OneLib.a : OneLib_LL_ll.obj (.text.LE_RemoveAdvSet)
                  0001bd24    0000006c              : OneLib_LL_ll_enc.obj (.text.LL_ENC_Encrypt)
                  0001bd90    0000006c              : OneLib_HCI_hci_event.obj (.text.LL_ReadRemoteUsedFeaturesCompleteCback)
                  0001bdfc    0000006c     nvocmp.o (.text.NVOCMP_getFreeNvApi)
                  0001be68    0000006c     nvocmp.o (.text.NVOCMP_readHeader)
                  0001bed4    0000006c     libclang_rt.builtins.a : comparedf2.c.obj (.text.__ledf2)
                  0001bf40    0000006c     ble_stack_api.o (.text.bleStk_initAdvSet)
                  0001bfac    0000006c     OneLib.a : OneLib_Host_GAP_gap_perilinkmgr.obj (.text.gapPeriProcessConnUpdateCompleteEvt)
                  0001c018    0000006c              : OneLib_Host_GAP_gap_task.obj (.text.gapProcessCommandStatusEvt)
                  0001c084    0000006c              : OneLib_Host_GAP_gap_configmgr.obj (.text.gapSendDeviceInitDoneEvent)
                  0001c0f0    0000006c              : OneLib_Host_GATT_gatt_client.obj (.text.gattProcessReadByGrpType)
                  0001c15c    0000006c              : OneLib_Host_L2CAP_l2cap_util.obj (.text.l2capNotifyEvent)
                  0001c1c8    0000006c              : OneLib_Host_GAP_linkdb.obj (.text.linkDB_Authen)
                  0001c234    0000006c              : OneLib_LL_ble.obj (.text.llSetupConnRxDataEntryQueue)
                  0001c2a0    0000006c              : OneLib_LL_ll_common.obj (.text.llSetupFeatureSetReq)
                  0001c30c    0000006c              : OneLib_LL_ll_ae.obj (.text.llUpdateSortedAdvList)
                  0001c378    0000006c     ti_freertos_config.o (.text.prvCheckForValidListAndQueue)
                  0001c3e4    0000006c     ti_freertos_config.o (.text.vPortGetHeapStats)
                  0001c450    0000006a     OneLib.a : OneLib_LL_ll_common.obj (.text.llSetNextDataChan)
                  0001c4ba    00000002     rom_init.o (.text.MAP_llProcessScanTimeout)
                  0001c4bc    00000068     app_data.o (.text.Challenge_EventHandler)
                  0001c524    00000068     drivers_cc23x0r5.a : ECDHLPF3SW.c.obj (.text.ECDHLPF3SW_getKeyResult)
                  0001c58c    00000068     OneLib.a : OneLib_Host_GAP_gap_task.obj (.text.GAP_ProcessEvent)
                  0001c5f4    00000068     icall_POSIX.o (.text.ICall_enrollService)
                  0001c65c    00000068     OneLib.a : OneLib_LL_ll.obj (.text.LE_SetExtAdvData)
                  0001c6c4    00000068              : OneLib_LL_ll.obj (.text.LE_SetExtScanRspData)
                  0001c72c    00000068              : OneLib_LL_ll_enc.obj (.text.LL_AESCCM_Init)
                  0001c794    00000068              : OneLib_LL_ll_enc.obj (.text.LL_AESECB_Init)
                  0001c7fc    00000068              : OneLib_LL_ll_ae.obj (.text.LL_DisableAdvSets)
                  0001c864    00000068              : OneLib_LL_ll.obj (.text.LL_WriteDefaultDataLen)
                  0001c8cc    00000068     rcl_cc23x0r5.a : LRFCC23X0.c.obj (.text.LRF_setTrimCommon)
                  0001c934    00000068     menu_module.o (.text.MenuModule_doInit)
                  0001c99c    00000068     drivers_cc23x0r5.a : PowerCC23X0.c.obj (.text.Power_sleep)
                  0001ca04    00000068     ti_freertos_config.o (.text._clock_gettimeMono)
                  0001ca6c    00000068     OneLib.a : OneLib_Host_GAP_gap_linkmgr.obj (.text.gapProcessDisconnectCompleteEvt)
                  0001cad4    00000068              : OneLib_Host_GAP_gap_linkmgr.obj (.text.gapSendPairingReqEvent)
                  0001cb3c    00000068              : OneLib_Host_GATT_gatt_client.obj (.text.gattReadByType)
                  0001cba4    00000068              : OneLib_Host_L2CAP_l2cap_util.obj (.text.l2capFindNextSegment)
                  0001cc0c    00000068              : OneLib_Host_L2CAP_l2cap_util.obj (.text.l2capParsePacket)
                  0001cc74    00000068              : OneLib_Host_GAP_linkdb.obj (.text.linkDB_Init)
                  0001ccdc    00000068              : OneLib_LL_ll_isr.obj (.text.llLastCmdDoneEventHandleStateAdv)
                  0001cd44    00000068              : OneLib_LL_ll_common.obj (.text.llSetupPauseEncRsp)
                  0001cdac    00000068              : OneLib_LL_ll_common.obj (.text.llSetupVersionIndReq)
                  0001ce14    00000068     StackWrapper.a : StackWrapper_OSAL_osal_cbtimer.obj (.text.osal_CbTimerUpdate)
                  0001ce7c    00000068     ti_freertos_config.o (.text.prvIdleTask)
                  0001cee4    00000068     OneLib.a : OneLib_Host_SM_sm_rsppairing.obj (.text.smpResponderProcessCentralID)
                  0001cf4c    00000068              : OneLib_Host_SM_sm_rsppairing.obj (.text.smpResponderProcessPairingDHKeyCheck)
                  0001cfb4    00000066     ecc.a : scalarMul.c.obj (.text.GETDIGITL2R)
                  0001d01a    00000066     OneLib.a : OneLib_Host_Profiles_gattservapp.obj (.text.gattServApp_ProcessExecuteWriteReq)
                  0001d080    00000066     ti_freertos_config.o (.text.xTaskCreateStatic)
                  0001d0e6    00000002     rom_init.o (.text.MAP_llSetTaskCentral)
                  0001d0e8    00000064     drivers_cc23x0r5.a : AESCommonLPF3.c.obj (.text.AESCommonLPF3_construct)
                  0001d14c    00000064     bleapputil_init.o (.text.BLEAppUtil_stackInit)
                  0001d1b0    00000064     ti_freertos_config.o (.text.ClockP_start)
                  0001d214    00000064     drivers_cc23x0r5.a : CryptoUtils.c.obj (.text.CryptoUtils_copyPad)
                  0001d278    00000064     OneLib.a : OneLib_HCI_hci_event.obj (.text.HCI_VendorSpecifcCommandCompleteEvent)
                  0001d2dc    00000064     driverlib.a : interrupt.c.obj (.text.IntSetPriority)
                  0001d340    00000064     OneLib.a : OneLib_HCI_hci_event.obj (.text.LL_ReadRemoteVersionInfoCback)
                  0001d3a4    00000064     rcl_cc23x0r5.a : ble5.c.obj (.text.RCL_Handler_BLE5_updateConnStats)
                  0001d408    00000064     drivers_cc23x0r5.a : UART2LPF3.c.obj (.text.UART2Support_dmaStopRx)
                  0001d46c    00000064     StackWrapper.a : StackWrapper_Host_gapbondmgr.obj (.text.gapBondStateDoGATTDisc)
                  0001d4d0    00000064     OneLib.a : OneLib_Host_Profiles_gattservapp.obj (.text.gattServApp_DequeueReTx)
                  0001d534    00000064              : OneLib_Host_L2CAP_l2cap_task.obj (.text.l2capProcessSignal)
                  0001d598    00000064              : OneLib_Host_L2CAP_l2cap_util.obj (.text.l2capSendNextSegment)
                  0001d5fc    00000064              : OneLib_LL_ll_common.obj (.text.llEnqueueCtrlPkt)
                  0001d660    00000064              : OneLib_LL_ll_ae.obj (.text.llSendAdvSetTermEvent)
                  0001d6c4    00000064     ti_freertos_config.o (.text.mq_send)
                  0001d728    00000064     osal_icall_ble.o (.text.stack_main)
                  0001d78c    00000064     ti_freertos_config.o (.text.xTaskCreate)
                  0001d7f0    00000062     libclang_rt.builtins.a : aeabi_dcmp.S.obj (.text.__aeabi_dcmp)
                  0001d852    00000062     StackWrapper.a : StackWrapper_Host_gapbondmgr.obj (.text.gapBondMgrBondReq)
                  0001d8b4    00000060     drivers_cc23x0r5.a : AESCMACLPF3.c.obj (.text.AESCMACLPF3_hwiFxn)
                  0001d914    00000060     OneLib.a : OneLib_Host_ATT_att_util.obj (.text.ATT_ParsePacket)
                  0001d974    00000060     bleapputil_task.o (.text.BLEAppUtil_createBLEAppUtilTask)
                  0001d9d4    00000060     ti_freertos_config.o (.text.ClockP_stop)
                  0001da34    00000060     app_connection.o (.text.Connection_HciGAPEventHandler)
                  0001da94    00000060     StackWrapper.a : StackWrapper_Host_gapbondmgr.obj (.text.GAPBondMgr_Pair)
                  0001daf4    00000060     OneLib.a : OneLib_HCI_hci.obj (.text.HCI_HostNumCompletedPktCmd)
                  0001db54    00000060     icall_POSIX.o (.text.ICall_sendServiceComplete)
                  0001dbb4    00000060     OneLib.a : OneLib_LL_ll.obj (.text.LL_EncLtkNegReply)
                  0001dc14    00000060              : OneLib_LL_ll_isr.obj (.text.LL_rclPeripheralCallback)
                  0001dc74    00000060     menu_module.o (.text.MenuModule_displayMenu)
                  0001dcd4    00000060     nvocmp.o (.text.NVOCMP_compactNvApi)
                  0001dd34    00000060     OneLib.a : OneLib_Host_SM_sm_task.obj (.text.SM_GetEccKeys)
                  0001dd94    00000060     StackWrapper.a : StackWrapper_Host_gapbondmgr.obj (.text.gapBondMgrUpdateLruBondList)
                  0001ddf4    00000060     OneLib.a : OneLib_Host_GATT_gatt_client.obj (.text.gattProcessFindByTypeValue)
                  0001de54    00000060              : OneLib_LL_ll_common.obj (.text.llDequeueCtrlPkt)
                  0001deb4    00000060              : OneLib_LL_ll_common.obj (.text.llQueryTxQueue)
                  0001df14    00000060              : OneLib_Host_SM_sm_rsppairing.obj (.text.smpResponderProcessPairingPublicKey)
                  0001df74    0000005e              : OneLib_LL_ll_common.obj (.text.llSetupRejectIndExt)
                  0001dfd2    0000005e              : OneLib_LL_ll_common.obj (.text.llSetupTermInd)
                  0001e030    0000005c     drivers_cc23x0r5.a : AESECBLPF3.c.obj (.text.AESECBLPF3_hwiFxn)
                  0001e08c    0000005c     ti_freertos_config.o (.text.ClockP_walkQueueDynamic)
                  0001e0e8    0000005c     drivers_cc23x0r5.a : CryptoResourceLPF3.c.obj (.text.CryptoResourceLPF3_constructRTOSObjects)
                  0001e144    0000005c     OneLib.a : OneLib_Host_GATT_gatt_server.obj (.text.GATT_Indication)
                  0001e1a0    0000005c     icall_POSIX.o (.text.ICall_workerThreadSendMsg)
                  0001e1fc    0000005c     OneLib.a : OneLib_LL_ll.obj (.text.LL_Disconnect)
                  0001e258    0000005c              : OneLib_LL_ll.obj (.text.LL_SetAddressResolutionEnable)
                  0001e2b4    0000005c     rcl_cc23x0r5.a : LRFCC23X0.c.obj (.text.LRF_setRxFifoEffSz)
                  0001e310    0000005c     app_menu.o (.text.Menu_doGattReadCB)
                  0001e36c    0000005c     nvocmp.o (.text.NVOCMP_checkItem)
                  0001e3c8    0000005c     StackWrapper.a : StackWrapper_Host_sm_ecc.obj (.text.SM_p256KeyCB)
                  0001e424    0000005c     app_main.o (.text.doAttNotification)
                  0001e480    0000005c     StackWrapper.a : StackWrapper_Host_gapbondmgr.obj (.text.gapBondMgr_UpdateCharCfg)
                  0001e4dc    0000005c     OneLib.a : OneLib_Host_GAP_gap_configmgr.obj (.text.gap_ParamsInit)
                  0001e538    0000005c              : OneLib_LL_ll_dfl.obj (.text.llDFLUpdateRanks)
                  0001e594    0000005c     StackWrapper.a : StackWrapper_OSAL_osal_timers.obj (.text.osal_timer_refTimeUpdate)
                  0001e5f0    0000005c     rcl_cc23x0r5.a : RCL.c.obj (.text.rclPowerNotify)
                  0001e64c    0000005c     OneLib.a : OneLib_Host_SM_sm_rsppairing.obj (.text.smResponderAuthStageTwo)
                  0001e6a8    0000005c     ti_freertos_config.o (.text.xTaskCheckForTimeOut)
                  0001e704    0000005a     StackWrapper.a : StackWrapper_Host_gapbondmgr.obj (.text.GapBondMgr_GetPrevAuth)
                  0001e75e    0000005a     nvocmp.o (.text.NVOCMP_verifyCRC)
                  0001e7b8    0000005a     OneLib.a : OneLib_Host_GAP_gap_devmgr.obj (.text.gapFindADType)
                  0001e812    0000005a              : OneLib_LL_ll_common.obj (.text.llValidateConnectIndPkt)
                  0001e86c    00000058     drivers_cc23x0r5.a : AESECBLPF3.c.obj (.text.AESECBLPF3_processData)
                  0001e8c4    00000058     bleapputil_init.o (.text.BLEAppUtil_init)
                  0001e91c    00000058     drivers_cc23x0r5.a : Button.c.obj (.text.Button_gpioCallbackFxn)
                  0001e974    00000058     app_dev_info.o (.text.DevInfo_start)
                  0001e9cc    00000058     icall_POSIX.o (.text.ICall_fetchMsg)
                  0001ea24    00000058     icall_POSIX.o (.text.ICall_workerThreadEntry)
                  0001ea7c    00000058     OneLib.a : OneLib_LL_ll_enc.obj (.text.LL_ENC_DecryptMsg)
                  0001ead4    00000058              : OneLib_LL_ll_enc.obj (.text.LL_ENC_GenerateDRBGSeedNum)
                  0001eb2c    00000058              : OneLib_LL_ll.obj (.text.LL_GenerateDHKeyCmd)
                  0001eb84    00000058     menu_module.o (.text.MenuModule_displayItem)
                  0001ebdc    00000058     drivers_cc23x0r5.a : PowerCC23X0.c.obj (.text.Power_releaseDependency)
                  0001ec34    00000058                        : PowerCC23X0.c.obj (.text.Power_setDependency)
                  0001ec8c    00000058     rcl_cc23x0r5.a : adc_noise.c.obj (.text.RCL_Handler_Adc_Noise_powerDown)
                  0001ece4    00000058     libclang_rt.builtins.a : clzsi2.c.obj (.text.__clzsi2)
                  0001ed3c    00000058     StackWrapper.a : StackWrapper_Host_gapbondmgr.obj (.text.gapBondMgrChangeState)
                  0001ed94    00000058     OneLib.a : OneLib_Host_GATT_gatt_client.obj (.text.gattProcessReadLong)
                  0001edec    00000058              : OneLib_HCI_hci_event.obj (.text.hciInitEventMasks)
                  0001ee44    00000058              : OneLib_LL_ll_common.obj (.text.llAllocatePDU)
                  0001ee9c    00000058              : OneLib_LL_ll_ae.obj (.text.llCompareSecondaryPrimaryTasksQoSParam)
                  0001eef4    00000058              : OneLib_LL_ll_isr.obj (.text.llLastCmdDoneEventHandleStatePeripheral)
                  0001ef4c    00000058              : OneLib_LL_ll_common.obj (.text.llShellSortActiveConns)
                  0001efa4    00000058              : OneLib_LL_ll_common.obj (.text.llTime2Octets)
                  0001effc    00000058              : OneLib_LL_ll_ecc.obj (.text.ll_eccInit)
                  0001f054    00000058     StackWrapper.a : StackWrapper_OSAL_osal_cbtimer.obj (.text.osal_CbTimerStop)
                  0001f0ac    00000058     ti_freertos_config.o (.text.pthread_exit)
                  0001f104    00000058     OneLib.a : OneLib_Host_SM_sm_pairing.obj (.text.smDetermineIOCaps)
                  0001f15c    00000058              : OneLib_Host_SM_sm_pairing.obj (.text.smSendPublicKeys)
                  0001f1b4    00000058     ti_freertos_config.o (.text.vTaskPlaceOnUnorderedEventList)
                  0001f20c    00000056     libclang_rt.builtins.a : aeabi_idivmod.S.obj (.text.__aeabi_idivmod)
                  0001f262    00000056     OneLib.a : OneLib_Host_GATT_gatt_client.obj (.text.gattFindByTypeValue)
                  0001f2b8    00000056              : OneLib_Host_GATT_gatt_server.obj (.text.gattProcessReadMultiReq)
                  0001f30e    00000056              : OneLib_LL_ll_common.obj (.text.llSetupUnknownRsp)
                  0001f364    00000054              : OneLib_Host_ATT_att_client.obj (.text.ATT_WriteReq)
                  0001f3b8    00000054     ti_drivers_config.o (.text.Board_shutDownExtFlash)
                  0001f40c    00000054     display_cc23x0r5.a : Display.c.obj (.text.Display_doOpen)
                  0001f460    00000054     StackWrapper.a : StackWrapper_Host_gapbondmgr.obj (.text.GAPBondMgr_SCGetLocalOOBParameters)
                  0001f4b4    00000054     OneLib.a : OneLib_Host_GAP_gap_perilinkmgr.obj (.text.GAP_SendPeripheralSecurityRequest)
                  0001f508    00000054     icall_POSIX.o (.text.ICall_createWorkerThread)
                  0001f55c    00000054     icall_POSIX.o (.text.ICall_registerApp)
                  0001f5b0    00000054     OneLib.a : OneLib_LL_ll.obj (.text.LE_ClearAdvSets)
                  0001f604    00000054              : OneLib_LL_ll_enc.obj (.text.LL_ENC_AES128_Encrypt)
                  0001f658    00000054              : OneLib_LL_ll_privacy.obj (.text.LL_PRIV_ClearExtAL)
                  0001f6ac    00000054              : OneLib_LL_ll_privacy.obj (.text.LL_PRIV_GenerateRPA)
                  0001f700    00000054     rcl_cc23x0r5.a : LRFCC23X0.c.obj (.text.LRF_readRxFifoWords)
                  0001f754    00000054     rom_init.o (.text.MAP_llInitFeatureSet)
                  0001f7a8    00000054     menu_module.o (.text.MenuModule_initButtons)
                  0001f7fc    00000054     app_menu.o (.text.Menu_doDisableNotification)
                  0001f850    00000054     app_menu.o (.text.Menu_doEnableNotification)
                  0001f8a4    00000054     rcl_cc23x0r5.a : RCL.c.obj (.text.RCL_Command_pend)
                  0001f8f8    00000054                    : RCL_Scheduler.c.obj (.text.RCL_Scheduler_setStartStopTimeEarliestStart)
                  0001f94c    00000054     drivers_cc23x0r5.a : UART2.c.obj (.text.UART2_readCancel)
                  0001f9a0    00000054     OneLib.a : OneLib_Host_GAP_gap_linkmgr.obj (.text.gapPasskeyNeededCB)
                  0001f9f4    00000054              : OneLib_Host_GATT_gatt_task.obj (.text.gattNotifyEvent)
                  0001fa48    00000054              : OneLib_Host_Profiles_gattservapp.obj (.text.gattServApp_EnqueuePrepareWriteReq)
                  0001fa9c    00000054     rcl_cc23x0r5.a : hal_cc23x0.c.obj (.text.hal_check_clear_timer_compare)
                  0001faf0    00000054     OneLib.a : OneLib_LL_ll_common.obj (.text.llGetNextDataChanAlgo1)
                  0001fb44    00000054              : OneLib_LL_ll_scheduler.obj (.text.llLinkSchedSetup)
                  0001fb98    00000054              : OneLib_LL_ll_ae.obj (.text.llNextChanIndex)
                  0001fbec    00000054              : OneLib_LL_ll_common.obj (.text.llReleaseConnId)
                  0001fc40    00000054              : OneLib_LL_ll_common.obj (.text.llSetCodedMaxTxTime)
                  0001fc94    00000054              : OneLib_LL_ll_common.obj (.text.llSetupStartEncRsp)
                  0001fce8    00000054              : OneLib_LL_ll_common.obj (.text.llVerifyCodedConnInterval)
                  0001fd3c    00000054     StackWrapper.a : StackWrapper_OSAL_osal_clock.obj (.text.osalAdjustTimer)
                  0001fd90    00000054     OneLib.a : OneLib_Host_SM_sm_rsppairing.obj (.text.smpResponderProcessIdentityAddrInfo)
                  0001fde4    00000054     ti_freertos_config.o (.text.vTaskStartScheduler)
                  0001fe38    00000054     ti_freertos_config.o (.text.xQueueGenericCreate)
                  0001fe8c    00000052     StackWrapper.a : StackWrapper_Host_gap.obj (.text.GAP_DeviceInit_per_role)
                  0001fede    00000052     OneLib.a : OneLib_Host_GATT_gatt_client.obj (.text.gattPrepareWriteReq)
                  0001ff30    00000052              : OneLib_LL_ble.obj (.text.llMoveTempTxDataEntries)
                  0001ff82    00000052              : OneLib_Host_SMP_smp.obj (.text.smSendSMMsg)
                  0001ffd4    00000050     drivers_cc23x0r5.a : AESCCMLPF3.c.obj (.text.AESCCMLPF3_processB1withAAD)
                  00020024    00000050                        : AESCTRLPF3.c.obj (.text.AESCTRLPF3_configDataDMA)
                  00020074    00000050                        : ECCInitLPF3SW.c.obj (.text.ECCInitLPF3SW_NISTP224)
                  000200c4    00000050                        : ECCInitLPF3SW.c.obj (.text.ECCInitLPF3SW_NISTP256)
                  00020114    00000050     OneLib.a : OneLib_Host_GAP_gap_linkmgr.obj (.text.GAP_Signable)
                  00020164    00000050              : OneLib_Host_GAP_gap_advertiser.obj (.text.GapAdv_setEventMask)
                  000201b4    00000050     StackWrapper.a : StackWrapper_Host_gapbondmgr.obj (.text.GapBondMgr_StartEnc)
                  00020204    00000050     OneLib.a : OneLib_HCI_hci_event.obj (.text.HCI_CommandStatusEvent)
                  00020254    00000050              : OneLib_HCI_hci_event.obj (.text.HCI_SendControllerToHostEvent)
                  000202a4    00000050              : OneLib_HCI_hci_event.obj (.text.LL_ConnParamUpdateRejectCback)
                  000202f4    00000050              : OneLib_LL_ll.obj (.text.LL_initRNGNoise)
                  00020344    00000050     drivers_cc23x0r5.a : RNGLPF3RF.c.obj (.text.RNG_construct)
                  00020394    00000050                        : UDMALPF3.c.obj (.text.UDMALPF3_init)
                  000203e4    00000050     StackWrapper.a : StackWrapper_Host_gapbondmgr.obj (.text.gapBondMgrReadBonds)
                  00020434    00000050                    : StackWrapper_Host_gapbondmgr.obj (.text.gapBondMgr_SupportsCentAddrRes)
                  00020484    00000050     OneLib.a : OneLib_Host_GAP_gap_perilinkmgr.obj (.text.gapPeriProcessConnEvt)
                  000204d4    00000050              : OneLib_Host_GAP_gap_perilinkmgr.obj (.text.gap_PeriConnRegister)
                  00020524    00000050              : OneLib_Host_L2CAP_l2cap_util.obj (.text.l2capAllocConnChannel)
                  00020574    00000050              : OneLib_Host_L2CAP_l2cap_util.obj (.text.l2capSendFCPkt)
                  000205c4    00000050              : OneLib_LL_ll_common.obj (.text.llSetupPingReq)
                  00020614    00000050              : OneLib_LL_ll_common.obj (.text.llSetupPingRsp)
                  00020664    00000050              : OneLib_Host_SM_sm_pairing.obj (.text.smProcessPairingReq)
                  000206b4    00000050              : OneLib_Host_SM_sm_mgr.obj (.text.sm_s1)
                  00020704    0000004e              : OneLib_Host_ATT_att_util.obj (.text.ATT_CompareUUID)
                  00020752    0000004e     ti_freertos_config.o (.text.realloc)
                  000207a0    0000004c     drivers_cc23x0r5.a : AESCommonLPF3.c.obj (.text.AESCommonLPF3_cleanup)
                  000207ec    0000004c     bleapputil_process.o (.text.BLEAppUtil_callEventHandler)
                  00020838    0000004c     ti_drivers_config.o (.text.Board_sendExtFlashByte)
                  00020884    0000004c     OneLib.a : OneLib_Host_GAP_gap_linkmgr.obj (.text.GAP_PasscodeUpdate)
                  000208d0    0000004c              : OneLib_Host_GAP_gap_linkmgr.obj (.text.GAP_TerminateLinkReq)
                  0002091c    0000004c     StackWrapper.a : StackWrapper_Host_gattservapp_util.obj (.text.GATTServApp_ProcessCCCWriteReq)
                  00020968    0000004c     OneLib.a : OneLib_Host_GATT_gatt_server.obj (.text.GATT_Notification)
                  000209b4    0000004c              : OneLib_HCI_TL_hci_tl.obj (.text.HCI_Init)
                  00020a00    0000004c              : OneLib_LL_ll.obj (.text.LL_ClearResolvingList)
                  00020a4c    0000004c              : OneLib_LL_ll.obj (.text.LL_EncLtkReply)
                  00020a98    0000004c     driverlib.a : lrfd.c.obj (.text.LRFDApplyClockDependencies)
                  00020ae4    0000004c     rcl_cc23x0r5.a : LRFCC23X0.c.obj (.text.LRF_programTemperatureCompensatedTxPower)
                  00020b30    0000004c                    : LRFCC23X0.c.obj (.text.LRF_writeTxFifoWords)
                  00020b7c    0000004c     app_menu.o (.text.Menu_GattExchangeMTUCB)
                  00020bc8    0000004c     app_peripheral.o (.text.Peripheral_GAPConnEventHandler)
                  00020c14    0000004c     rcl_cc23x0r5.a : ble5.c.obj (.text.RCL_Handler_BLE5_initAdvScanInitStats)
                  00020c60    0000004c                    : RCL.c.obj (.text.RCL_open)
                  00020cac    0000004c     OneLib.a : OneLib_LL_ll_common.obj (.text.RfBleDpl_setConnPhy)
                  00020cf8    0000004c              : OneLib_Host_GAP_gap_configmgr.obj (.text.gapReadBufSizeCmdStatus)
                  00020d44    0000004c              : OneLib_Host_Profiles_gattservapp.obj (.text.gattServApp_ClearPrepareWriteQ)
                  00020d90    0000004c              : OneLib_Host_GATT_gatt_client.obj (.text.gattWrite)
                  00020ddc    0000004c              : OneLib_LL_ll_common.obj (.text.llGenPrnE)
                  00020e28    0000004c              : OneLib_LL_ll_common.obj (.text.llProcessChanMap)
                  00020e74    0000004c              : OneLib_LL_ll_ae.obj (.text.llRemoveAdvSortedEntry)
                  00020ec0    0000004c              : OneLib_LL_ll_scheduler.obj (.text.llSelectTaskAdv)
                  00020f0c    0000004c              : OneLib_LL_ll_ae.obj (.text.llSendAdvSetEndEvent)
                  00020f58    0000004c              : OneLib_LL_ll_common.obj (.text.llSetStarvationMode)
                  00020fa4    0000004c     StackWrapper.a : StackWrapper_OSAL_osal.obj (.text.osal_init_system)
                  00020ff0    0000004c     ti_freertos_config.o (.text.removeThreadKeys)
                  0002103c    0000004c     OneLib.a : OneLib_Host_SM_sm_pairing.obj (.text.smGenerateAddrInput_sPatch)
                  00021088    0000004c              : OneLib_Host_SM_sm_pairing.obj (.text.sm_computeDHKey)
                  000210d4    0000004c     ti_freertos_config.o (.text.vPortFree)
                  00021120    0000004c     ti_freertos_config.o (.text.vTaskStepTick)
                  0002116c    0000004c     ti_freertos_config.o (.text.xTimerCreateTimerTask)
                  000211b8    0000004a     rcl_cc23x0r5.a : LRF.c.obj (.text.LRF_loadImage)
                  00021202    00000002     rom_init.o (.text.MAP_llSetTaskInit)
                  00021204    0000004a     libclang_rt.builtins.a : fixdfsi.S.obj (.text.__fixdfsi)
                  0002124e    0000004a     ti_freertos_config.o (.text.calloc)
                  00021298    0000004a     OneLib.a : OneLib_LL_ll_common.obj (.text.llGetNextDataChanAlgo2)
                  000212e2    0000004a     ecc.a : lowlevelapi.c.obj (.text.zADD32)
                  0002132c    00000048     drivers_cc23x0r5.a : AESCCMLPF3.c.obj (.text.AESCCMLPF3_processCTRCounterBlock)
                  00021374    00000048                        : AESCCMLPF3.c.obj (.text.AESCCMLPF3_processOneStepCTRPolling)
                  000213bc    00000048     bleapputil_init.o (.text.BLEAppUtil_invokeFunction)
                  00021404    00000048     ti_freertos_config.o (.text.ClockP_construct)
                  0002144c    00000048     OneLib.a : OneLib_HCI_TL_hci_tl.obj (.text.HCI_ProcessEvent)
                  00021494    00000048     icall_POSIX.o (.text.ICall_newTask)
                  000214dc    00000048     icall_POSIX.o (.text.ICall_wait)
                  00021524    00000048     driverlib.a : interrupt.c.obj (.text.IntSetPend)
                  0002156c    00000048     OneLib.a : OneLib_LL_ll_ae.obj (.text.LL_AE_Init)
                  000215b4    00000048              : OneLib_LL_ll.obj (.text.LL_RemoteConnParamReqNegReply)
                  000215fc    00000048              : OneLib_LL_ll.obj (.text.LL_SetResolvablePrivateAddressTimeout)
                  00021644    00000048              : OneLib_LL_ll_isr.obj (.text.LL_rclAdvCallback)
                  0002168c    00000048     nvocmp.o (.text.NVOCMP_loadApiPtrsMin)
                  000216d4    00000048     nvocmp.o (.text.NVOCMP_readItem)
                  0002171c    00000048     drivers_cc23x0r5.a : NVS.c.obj (.text.NVS_open)
                  00021764    00000048                        : PowerCC23X0.c.obj (.text.PowerCC23X0_hfxtAmpsettledTimeout)
                  000217ac    00000048                        : PowerCC23X0.c.obj (.text.PowerLPF3_getHfxtAmpAdjustment)
                  000217f4    00000048     rcl_cc23x0r5.a : RCL.c.obj (.text.RCL_Command_submit)
                  0002183c    00000048                    : ble5.c.obj (.text.RCL_Handler_BLE5_findPbeErrorEndStatus)
                  00021884    00000048     drivers_cc23x0r5.a : Random.c.obj (.text.Random_seedAutomatic)
                  000218cc    00000048                        : RingBuf.c.obj (.text.RingBuf_put)
                  00021914    00000048                        : SHA2LPF3SW.c.obj (.text.SHA2_construct)
                  0002195c    00000048     simple_gatt_profile.o (.text.SimpleGattProfile_addService)
                  000219a4    00000048     ti_freertos_config.o (.text.__aeabi_errno_addr)
                  000219ec    00000048     drivers_cc23x0r5.a : TemperatureLPF3.c.obj (.text.degreesToCode)
                  00021a34    00000048     StackWrapper.a : StackWrapper_Host_gapbondmgr.obj (.text.gapBondStateStartNextGATTDisc)
                  00021a7c    00000048     OneLib.a : OneLib_Host_GAP_gap_linkmgr.obj (.text.gapFreeAuthLink)
                  00021ac4    00000048              : OneLib_Host_GATT_gatt_server.obj (.text.gattProcessReadByGrpTypeReq)
                  00021b0c    00000048              : OneLib_Host_L2CAP_l2cap_util.obj (.text.l2capGetCoChannelInfo)
                  00021b54    00000048              : OneLib_Host_L2CAP_l2cap_util.obj (.text.l2capNotifyChannelEstEvt)
                  00021b9c    00000048              : OneLib_Host_L2CAP_l2cap_util.obj (.text.l2capNotifySendSduDoneEvt)
                  00021be4    00000048              : OneLib_Host_L2CAP_l2cap_util.obj (.text.l2capNotifySignal)
                  00021c2c    00000048              : OneLib_Host_L2CAP_l2cap_util.obj (.text.l2capNumActiveChannnels)
                  00021c74    00000048              : OneLib_Host_L2CAP_l2cap_util.obj (.text.l2capSendPkt)
                  00021cbc    00000048              : OneLib_Host_GAP_linkdb.obj (.text.linkDB_GetInfo)
                  00021d04    00000048              : OneLib_LL_ll_common.obj (.text.llCalcConnMissCount)
                  00021d4c    00000048              : OneLib_LL_ll_common.obj (.text.llInitFeatureSet)
                  00021d94    00000048              : OneLib_LL_ll_common.obj (.text.llSetPhy)
[...]
20006f68  rclSchedulerState                                
20006fb8  operationCCM                                     
2000701c  RNG_instancePool                                 
2000703c  gapBond_localOobData                             
2000705c  localOobData                                     
2000707c  localPrivKeyMaterial                             
2000709c  remoteOobData                                    
200070bc  req                                              
20007114  CryptoResourceLPF3_hwi                           
20007130  clockHwi                                         
2000714c  gapParams                                        
20007168  connOutput                                       
20007180  rsp                                              
200071c0  operationComputeSharedSecret                     
200071d4  powerAwakeStandbyObj                             
200071e8  powerEnterStandbyObj                             
200071fc  sysTimerTimeouts                                 
20007210  gLtkReqDetails                                   
20007222  deviceFeatureSet                                 
20007234  cryptoKey                                        
20007244  eccParams                                        
20007254  encParamsCCM                                     
20007264  encParamsECB                                     
20007274  localPrivateKey                                  
20007284  localPublicKey                                   
20007294  operationECB                                     
200072a4  operationGeneratePublicKey                       
200072b4  rankFLTable                                      
200072c4  rclState                                         
200072d4  remotePublicKey                                  
200072e4  rxTestOut                                        
200072f4  sharedSecret                                     
20007313  GATTServApp_TaskID                               
20007320  cachedTRNGdata                                   
2000732c  displayUart2Object                               
20007338  llTaskList                                       
20007344  swParamList                                      
20007370  BLEAppUtil_theardEntity                          
20007378  POSIX_args                                       
20007380  RNGLPF3RF_objects                                
20007388  gattReTxList                                     
20007390  llConnEvtNotice                                  
20007398  llConns                                          
200073a0  llRfCmdPreemption                                
200073a8  pBleEvtMask                                      
200073b0  pHciEvtMask                                      
200073b8  pHciEvtMask2                                     
200073c0  peripheralUpdateReq                              
200073c8  privInfo                                         
200073d0  workerThreadEntity                               
200073d8  gapCurrentRandomAddr                             
200073de  buildInfo                                        
200073e0  ownPublicAddr                                    
200073e6  connInitialMaxTxOctets                           
200073e8  ownRandomAddr                                    
200073ee  connInitialMaxTxTime                             
200073f0  ownSavedPublicAddr                               
200073f6  verInfo                                          
200073fc  defaultChannelMap                                
20007401  secondaryAdvChannelMap                           
20007406  connInitialMaxTxTimeCoded                        
20007424  BDAddrPerConnHandle                              
20007428  RemoteTask                                       
2000742c  SysBootMsg                                       
20007430  activeConns                                      
20007434  alTable                                          
20007438  alTableScan                                      
2000743c  appInitDoneHandler                               
20007440  clientInfoTbl                                    
20007444  drbgHandle                                       
20007448  dtmInfo                                          
2000744c  ecdhHandle                                       
20007450  encHandleCCM                                     
20007454  encHandleECB                                     
20007458  errorHandlerCb                                   
2000745c  extStackSettings                                 
20007460  handle_left                                      
20007464  handle_right                                     
20007468  l2capChannels                                    
2000746c  l2capPsm                                         
20007470  linkCmd                                          
20007474  linkDB                                           
20007478  linkParam                                        
2000747c  operationResult                                  
20007480  osal_last_timestamp                              
20007484  osal_max_msecs                                   
20007488  osal_qHead                                       
2000748c  osal_syncHandle                                  
20007490  osal_tickperiod                                  
20007494  pNextAdvSet                                      
20007498  pRfPathComp                                      
2000749c  prepareWritesTbl                                 
200074a0  resolvingList                                    
200074a4  rfHandle                                         
200074a8  serverInfoTbl                                    
200074ac  taskEndAction                                    
200074b0  tasksEvents                                      
200074b4  timerHead                                        
200074b8  trngHandle                                       
200074bc  txDataQ                                          
200074c0  connInitialMaxTxTimeUncoded                      
200074c2  maximumPduSize                                   
200074c4  numHostBufs                                      
200074c6  postRfOperations                                 
200074c8  pwrmgr_attribute                                 
200074ca  supportedMaxRxOctets                             
200074cc  supportedMaxRxTime                               
200074ce  supportedMaxTxOctets                             
200074d0  supportedMaxTxTime                               
200074d2  LL_TaskID                                        
200074d3  NVOCMP_size                                      
200074d4  NVSLPF3_objects                                  
200074d5  adcNoiseHandlerState                             
200074d6  aeCurAdvEnableHandle                             
200074d7  aeCurConnHandle                                  
200074d8  aeCurHandle                                      
200074d9  alSize                                           
200074da  ctrlToHostEnable                                 
200074db  curTxPowerVal                                    
200074dc  defaultPhy                                       
200074dd  extInitIndex                                     
200074de  extScanIndex                                     
200074df  fastTxRespTime                                   
200074e0  gAction                                          
200074e1  gapDeviceAddrMode                                
200074e2  gapTaskID                                        
200074e3  gattNumConns                                     
200074e4  gattTaskID                                       
200074e5  hciGapTaskID                                     
200074e6  hciL2capTaskID                                   
200074e7  hciPTMenabled                                    
200074e8  hciSmpTaskID                                     
200074e9  hciTaskID                                        
200074ea  hciTestTaskID                                    
200074eb  hciVsEvtMask                                     
200074ec  icall_liteTaskId                                 
200074ed  l2capNumChannels                                 
200074ee  l2capTaskID                                      
200074ef  l2cap_gattServAppTaskID                          
200074f0  linkDBNumConns                                   
200074f1  llState                                          
200074f2  maxNumConns                                      
200074f3  maxNumTxDataBufs                                 
200074f4  maxTxPwrForDTM                                   
200074f5  numActiveAdvSets                                 
200074f6  numComplPkts                                     
200074f7  numComplPktsFlush                                
200074f8  numComplPktsLimit                                
200074f9  numTxDataBufs                                    
200074fa  onePktPerEvt                                     
200074fb  osal_entity                                      
200074fc  peripheralAdvHandle_1                            
200074fd  rfFeModeBias                                     
200074fe  rlSize                                           
200074ff  rxFifoFlowCtrl                                   
20007500  scanReqRpt                                       
20007501  secondaryAdvChannelMapPopCount                   
20007502  slOverride                                       
20007503  smGenerateDHKeyStatus                            
20007504  smReadLocalP256PublicKeyStatus                   
20007505  smTaskID                                         
20007778  gapAttrTbl                                       
20007b61  smExpectAppKeysInd                               
20007b62  SM_appTaskID                                     
20007bed  gapAppTaskID                                     
20007bee  gapEndAppTaskID                                  
20007c6a  pRandomAddress                                   
20007cc0  HwiP_swiPIntNum                                  
20007e30  gpioPinConfigs                                   
20007e98  gapBond_removeLRUBond                            
20007e99  gapBond_syncRL                                   
20007eb4  gapBondStateNodeHead                             
20007eb8  gapBond_lruBondList                              
20007ec8  clientCbs                                        
20007edc  gapBond_remoteOobData                            
20007fb8  GATTServApp_att_delayed_req                      
20007fb9  GATTServApp_gatt_no_service_changed              
20007fbc  pAttrValue                                       
20007fc0  gattAttrTbl_gatt_no_service_changed              
20007fd0  gattAttrTbl                                      
200082c3  appTaskID                                        
20008304  sm_eccKeys_sc_host_debug                         
20008344  llUserConfig                                     
200083aa  baseTaskID                                       
200083ac  appMainPeriCentParams                            
200083b4  appMainParams                                    
20008400  dispHandle                                       
20008428  centAddrRes                                      
20008429  resolvablePrivateAddressOnly                     
2000842a  appearance                                       
20008430  periConnParameters                               
20008438  deviceName                                       
2000844e  bleUserCfg_maxPduSize                            
20008450  connectionConnHandler                            
2000845c  connectionHciGAPHandler                          
20008468  PairingecckeyHandler                             
20008474  eccParams_NISTP256                               
20008498  rxDataQ                                          
200084bc  gapProfileRole                                   
200084bd  gapConfig_IRK                                    
200084cd  gapConfig_SRK                                    
200084dd  appearanceCharProps                              
200084de  disconnectImmedConnId                            
200084e0  enckey                                           
20008500  gapParameters                                    
2000851e  l2capMtuSize                                     
20008520  advParams1                                       
2000853c  scanResData1                                     
20008558  dataGATTHandler                                  
20008564  challengeHandler                                 
20008570  pairingPasscodeHandler                           
2000857c  PairingPairStateHandler                          
20008588  peripheralConnHandler                            
20008594  peripheralAdvHandler                             
200085b8  attDeviceName                                    
200085cd  DisplayUart2Ansi_escInitial                      
20008658  maxSupportedAdvSets                              
20008659  aePeripheralSCA                                  
2000865c  advSetList                                       
20008660  extScanInfo                                      
20008664  extInitInfo                                      
2000866c  osal_eventloop_hook                              
20008670  osal_icallMsg_hook                               
20008678  BLEAppUtilLocal_GeneralParams                    
2000867c  BLEAppUtilLocal_PeriCentParams                   
20008680  BLEAppUtil_bondMgrCBs                            
200086b7  gapBondParams                                    
200086c6  llUserConfig_maxPduSize                          
200086c8  pPairingParams                                   
200086cc  pfnResponderCBs                                  
200086d0  pfnInitiatorCBs                                  
200086e0  halSchedFsmCb                                    
200086e4  halDispatchFsmCb                                 
200086e8  halCommandFsmCb                                  
200086ec  bleAppServiceInfoTable                           
200086f8  user0Cfg                                         
2000870d  att_sendRspOnly                                  
2000870e  maxExtAdvDataLen                                 
20008710  advCount                                         
20008711  updateState                                      
20008712  updateHandle                                     
20008713  advInit                                          
20008714  pGapAdvHostInfo                                  
20008718  terminateReason                                  
2000871a  peripheralConnHandle                             
2000871c  pAuthLink                                        
20008720  indTaskId                                        
20008724  pClientSecCBs                                    
20008728  nextHandle                                       
2000872c  pServiceList                                     
20008730  pfnServerProcessMsgCB                            
20008734  pfnClientProcessMsgCB                            
20008738  assertSubcause                                   
20008739  legacyMode                                       
2000873c  halAssertCback                                   
20008740  bm_preReleaseBuffCB                              
20008748  OSAL_timeSeconds                                 
20008750  fXtalInv                                         
20008758  l2capNumDataPkts                                 
20008759  flowCtrlTaskId                                   
2000875a  flowCtrlFwdTaskId                                
2000875b  l2capNumPSM                                      
2000875c  l2capNumCoChannels                               
2000875d  l2capUserConfig                                  
2000875f  advData1                                         
20008766  DisplayUart2Ansi_escClearScreen                  
2000876b  centAddrResCharProps                             
2000876c  BLEAppUtilEventHandlersHead                      
20008770  ICall_dispatcher                                 
20008774  ICall_enterCriticalSection                       
20008778  ICall_leaveCriticalSection                       
2000877c  RNGLPF3RF_noiseConditioningKeyWord0              
20008780  RNGLPF3RF_noiseConditioningKeyWord1              
20008784  RNGLPF3RF_noiseConditioningKeyWord2              
20008788  RNGLPF3RF_noiseConditioningKeyWord3              
2000878c  appAssertCback                                   
20008790  attClientNotifyTxCB                              
20008794  attServerNotifyTxCB                              
2000879c  ggs_AppCBs                                       
200087a0  pAdvDataEntry                                    
200087a4  pGapPeripheralConnCBs                            
200087a8  pRXWindowTask                                    
200087ac  pSmResponderCBs                                  
200087b0  pfnBMAlloc                                       
200087b4  pfnBMFree                                        
200087b8  pfnBondMgrCBs                                    
200087bc  pfnCentralConnCBs                                
200087c0  pfnPeripheralConnCBs                             
200087c4  pxCurrentTCB                                     
200087cc  serviceCBsList                                   
200087d8  smRspWaitingConnHandle                           
200087da  channel2usage                                    
200087db  charVal                                          
200087dc  defaultTxPowerDbm                                
200087e6  deviceNameCharProps                              
200087e7  extScanChanMap                                   
200087e8  gapState                                         
200087e9  gapUnwantedTaskID                                
200087ea  gattAppTaskID                                    
200087f2  l2capFlowCtrlMode                                
200087f3  l2capId                                          
200087f5  linkDB_secureConnectionOnlyMode                  
200087f6  llUnhandleNextIntFlag                            
200087f7  maxNumPrepareWrites                              
200087f8  periConnParamCharProps                           
200087f9  pwrmgr_initialized                               
200087fa  qosDefaultPriorityAdvParameter                   
200087fb  qosDefaultPriorityConnParameter                  
200087fc  randomAddressConfigured                          
200087fd  reqTaskId                                        
200087fe  resolvablePrivateAddressOnlyCharProps            
20008807  smAllowDebugKeysMode                             
20008808  smAppProcessLTKRequest                           
20008809  smAuthenPairingOnlyMode                          
20008ce0  __stack                                          
20009000  __STACK_END                                      
20009000  __STACK_TOP                                      
4e020000  ccfg                                             
4e020000  ti_utils_build_GenMap_sym_CRC_CCFG_BOOT_CFG_begin
4e02000b  ti_utils_build_GenMap_sym_CRC_CCFG_BOOT_CFG_end  
4e020010  ti_utils_build_GenMap_sym_CRC_CCFG_begin         
4e02074b  ti_utils_build_GenMap_sym_CRC_CCFG_end           
4e0207d0  ti_utils_build_GenMap_sym_CRC_CCFG_DEBUG_begin   
4e0207fb  ti_utils_build_GenMap_sym_CRC_CCFG_DEBUG_end     
ffffffff  __TI_pprof_out_hndl                              
ffffffff  __TI_prof_data_size                              
ffffffff  __TI_prof_data_start                             
ffffffff  __binit__                                        
ffffffff  binit                                            
UNDEFED   RCL_Debug_assertProxy                            
UNDEFED   RCL_Profiling_eventHook                          
UNDEFED   __mpu_init                                       
UNDEFED   _system_post_cinit                               

[2264 symbols]
