******************************************************************************
            TI ARM Clang Linker PC v3.2.2                      
******************************************************************************
>> Linked Fri Dec  6 11:51:19 2024

OUTPUT FILE NAME:   <oob_central_basic_ble_LP_EM_CC2340R5_freertos_ticlang.out>
ENTRY POINT SYMBOL: "resetISR"  address: 0002add5


MEMORY CONFIGURATION

         name            origin    length      used     unused   attr    fill
----------------------  --------  ---------  --------  --------  ----  --------
  FLASH                 00000000   0007c000  00030c1f  0004b3e1  R  X
  NVS_SLOT              0007c000   00004000  00004000  00000000  R  X
  SRAM                  20000000   00009000  00008f56  000000aa  RW X
  S2RRAM                40098000   00001000  00000000  00001000  RW  
  CCFG                  4e020000   00000800  00000800  00000000  R   
  LOG_DATA              90000000   00040000  00000000  00040000  R   
  LOG_PTR               94000008   00040000  00000000  00040000  R   


SEGMENT ALLOCATION MAP

run origin  load origin   length   init length attrs members
----------  ----------- ---------- ----------- ----- -------
00000000    00000000    00030c24   00030c24    r-x
  00000000    00000000    0000008c   0000008c    r-- .resetVecs
  00000090    00000090    0002bbb0   0002bbb0    r-x .text
  0002bc40    0002bc40    000049ff   000049ff    r-- .rodata
  00030640    00030640    000005e4   000005e4    r-- .cinit
0007c000    0007c000    00004000   00000000    rw-
  0007c000    0007c000    00004000   00000000    rw- .TI.bound:flashBuf0
200000e0    200000e0    00000320   00000000    rw-
  200000e0    200000e0    00000320   00000000    rw- .stack
20000400    20000400    00000020   00000000    rw-
  20000400    20000400    00000010   00000000    rw- .TI.bound:dmaChannel0ControlTableEntry
  20000410    20000410    00000010   00000000    rw- .TI.bound:dmaChannel1ControlTableEntry
20000440    20000440    00000020   00000000    rw-
  20000440    20000440    00000010   00000000    rw- .TI.bound:dmaChannel4ControlTableEntry
  20000450    20000450    00000010   00000000    rw- .TI.bound:dmaChannel5ControlTableEntry
20000460    20000460    00008b6c   00000000    rw-
  20000460    20000460    00007996   00000000    rw- .bss
  20007df8    20007df8    000011d4   00000000    rw- .data
4e020000    4e020000    00000800   00000800    r--
  4e020000    4e020000    00000800   00000800    r-- .ccfg


SECTION ALLOCATION MAP

 output                                  attributes/
section   page    origin      length       input sections
--------  ----  ----------  ----------   ----------------
.resetVecs 
*          0    00000000    0000008c     
                  00000000    0000008c     ti_freertos_config.o (.resetVecs)

.binit     0    00000000    00000000     

.text      0    00000090    0002bbb0     
                  00000090    00000d7c     rcl_cc23x0r5.a : ble5.c.obj (.text.RCL_Handler_BLE5_scan_init)
                  00000e0c    00000968     OneLib.a : OneLib_LL_ble.obj (.text.llProcessCentralControlPacket)
                  00001774    000007b0     StackWrapper.a : StackWrapper_Host_gapbondmgr.obj (.text.GAPBondMgr_ProcessGAPMsg)
                  00001f24    000006e4     OneLib.a : OneLib_LL_ll_central_end_causes.obj (.text.llProcessCentralControlProcedures)
                  00002608    00000514              : OneLib_LL_ll_ae.obj (.text.llProcessExtScanRxFIFO)
                  00002b1c    00000510     nvocmp.o (.text.NVOCMP_compactPage)
                  0000302c    000004d8     nvocmp.o (.text.NVOCMP_initNvApi)
                  00003504    000004ac     rcl_cc23x0r5.a : ble5.c.obj (.text.RCL_Handler_BLE5_conn)
                  000039b0    00000404     OneLib.a : OneLib_LL_ll_ae.obj (.text.llSetupExtInit)
                  00003db4    00000388              : OneLib_LL_ll.obj (.text.LE_ExtCreateConn)
                  0000413c    00000380     ecc.a : scalarMul.c.obj (.text.SCALARMUL_core)
                  000044bc    00000378     StackWrapper.a : StackWrapper_Host_gapbondmgr.obj (.text.GAPBondMgr_SetParameter)
                  00004834    00000358     OneLib.a : OneLib_LL_ll_init_end_causes.obj (.text.llInit_TaskConnect)
                  00004b8c    00000354              : OneLib_LL_ll_scheduler.obj (.text.llScheduler)
                  00004ee0    0000034c     ti_freertos_config.o (.text.doPrint)
                  0000522c    00000330     ecc.a : scalarMul.c.obj (.text.ATOMICPATTERN)
                  0000555c    00000310           : lowlevelapi_m0_gnu.s.obj (.text)
                  0000586c    000002e0           : ECCSW.c.obj (.text.ECCSW_ECDSAVerify)
                  00005b4c    000002c8     rcl_cc23x0r5.a : LRF.c.obj (.text.LRF_applySettings)
                  00005e14    000002bc     OneLib.a : OneLib_LL_ll_central_end_causes.obj (.text.llCentral_TaskEnd)
                  000060d0    000002b0              : OneLib_LL_ll.obj (.text.LE_SetExtScanEnable)
                  00006380    000002a0     rcl_cc23x0r5.a : LRFCC23X0.c.obj (.text.LRF_programFrequency)
                  00006620    00000284     StackWrapper.a : StackWrapper_Host_gapbondmgr.obj (.text.GAPBondMgr_ProcessEvent)
                  000068a4    0000027c     OneLib.a : OneLib_Host_GAP_gap_scanner.obj (.text.gapScan_processAdvRptCb)
                  00006b20    00000270              : OneLib_LL_ll_isr.obj (.text.LL_rclInitRxEntryDone)
                  00006d90    00000260              : OneLib_LL_ll_common.obj (.text.llAllocConnId)
                  00006ff0    0000023c              : OneLib_Host_Profiles_gattservapp.obj (.text.GATTServApp_ReadAttr)
                  0000722c    00000228              : OneLib_HCI_hci_event.obj (.text.LL_EnhancedConnectionCompleteCback)
                  00007454    00000228     nvocmp.o (.text.NVOCMP_addItem)
                  0000767c    00000228     rcl_cc23x0r5.a : adc_noise.c.obj (.text.RCL_Handler_ADC_Noise_getNoise)
                  000078a4    00000228     OneLib.a : OneLib_LL_ll_common.obj (.text.llRealignConn)
                  00007acc    00000220              : OneLib_LL_ll_isr.obj (.text.llRxEntryDoneEventHandleStateConnection)
                  00007cec    0000021c     drivers_cc23x0r5.a : AESCCMLPF3.c.obj (.text.AESCCMLPF3_processSegmentedCBCMAC)
                  00007f08    0000021c     OneLib.a : OneLib_Host_GATT_gatt_client.obj (.text.gattClientProcessMsgCB)
                  00008124    00000218     rcl_cc23x0r5.a : LRFCC23X0.c.obj (.text.LRF_temperatureCompensateTrim)
                  0000833c    00000218                    : RCL.c.obj (.text.rclCommandHwi)
                  00008554    00000214     drivers_cc23x0r5.a : UART2LPF3.c.obj (.text.UART2LPF3_hwiIntFxn)
                  00008768    00000214     app_data.o (.text.Verify_EventHandler)
                  0000897c    000001e4     OneLib.a : OneLib_Host_SM_sm_pairing.obj (.text.smSavePairInfo)
                  00008b60    000001d8     ecc.a : scalarMul.c.obj (.text.INVERT)
                  00008d38    000001d8     drivers_cc23x0r5.a : RNGLPF3RF.c.obj (.text.RNGLPF3RF_conditionNoiseToGenerateSeed)
                  00008f10    000001d8     ti_freertos_config.o (.text.mq_open)
                  000090e8    000001d4     OneLib.a : OneLib_LL_ll.obj (.text.LL_Reset)
                  000092bc    000001d4     rcl_cc23x0r5.a : LRFCC23X0.c.obj (.text.LRF_setupRadio)
                  00009490    000001d0     OneLib.a : OneLib_LL_ll_ae.obj (.text.llSetupExtScan)
                  00009660    000001c4              : OneLib_Host_SM_sm_intpairing.obj (.text.smInitiatorSendNextKeyInfo)
                  00009824    000001c0     drivers_cc23x0r5.a : AESCMACLPF3.c.obj (.text.AESCMACLPF3_startOperation)
                  000099e4    000001c0     OneLib.a : OneLib_LL_ll.obj (.text.LL_AddDeviceToResolvingList)
                  00009ba4    000001b0              : OneLib_Host_GAP_gap_task.obj (.text.gapProcessBLEEvents)
                  00009d54    000001a8     drivers_cc23x0r5.a : ECDHLPF3SW.c.obj (.text.ECDH_computeSharedSecret)
                  00009efc    000001a8     ecc.a : scalarMul.c.obj (.text.JACADD)
                  0000a0a4    000001a4           : scalarMul25519.c.obj (.text.X25519_core)
                  0000a248    000001a4     OneLib.a : OneLib_LL_ll_scan_end_causes.obj (.text.llExtScan_PostProcess)
                  0000a3ec    000001a0              : OneLib_Host_GAP_gap_scanner.obj (.text.GapScan_enable)
                  0000a58c    000001a0     ti_freertos_config.o (.text.PowerCC23X0_standbyPolicy)
                  0000a72c    0000019c     OneLib.a : OneLib_LL_ll.obj (.text.LL_Init)
                  0000a8c8    0000019c     drivers_cc23x0r5.a : UART2LPF3.c.obj (.text.UART2LPF3_initHw)
                  0000aa64    00000194     StackWrapper.a : StackWrapper_OSAL_osal.obj (.text.osal_run_system)
                  0000abf8    00000192     libclang_rt.builtins.a : adddf3.S.obj (.text.adddf3_subdf3)
                  0000ad8a    00000002     ti_drivers_config.o (.text.Board_initHook)
                  0000ad8c    0000018c     app_simple_gatt.o (.text.SimpleGatt_changeCB)
                  0000af18    0000018c     OneLib.a : OneLib_LL_ll_scheduler.obj (.text.llFindStartType)
                  0000b0a4    00000184     drivers_cc23x0r5.a : AESCCMLPF3.c.obj (.text.AESCCMLPF3_hwiFxn)
                  0000b228    00000180                        : Button.c.obj (.text.Button_clockTimeoutHandler)
                  0000b3a8    00000180     OneLib.a : OneLib_Host_SM_sm_mgr.obj (.text.sm_f5)
                  0000b528    00000180              : OneLib_Host_SM_sm_intpairing.obj (.text.smpInitiatorProcessPairingRandom)
                  0000b6a8    0000017c     nvocmp.o (.text.NVOCMP_findItem)
                  0000b824    0000017c     simple_gatt_profile.o (.text.SimpleGattProfile_writeAttrCB)
                  0000b9a0    0000017c     drivers_cc23x0r5.a : UART2LPF3.c.obj (.text.UART2_open)
                  0000bb1c    0000017c     StackWrapper.a : StackWrapper_Host_gapbondmgr.obj (.text.gapBondMgrAuthenticate)
                  0000bc98    0000017c     OneLib.a : OneLib_Host_L2CAP_l2cap_task.obj (.text.l2capProcessReq)
                  0000be14    0000017c              : OneLib_Host_SM_sm_task.obj (.text.smProcessHCIBLEMetaEventCode)
                  0000bf90    0000017a     drivers_cc23x0r5.a : AESCCMLPF3.c.obj (.text.AESCCMLPF3_oneStepOperation)
                  0000c10a    00000002     ble_user_config.o (.text.DefaultAssertCback)
                  0000c10c    00000170     OneLib.a : OneLib_Host_Profiles_gattservapp.obj (.text.gattServApp_ProcessReadByGrpTypeReq)
                  0000c27c    00000170              : OneLib_LL_ll_data.obj (.text.llDynamicAlloc)
                  0000c3ec    0000016e              : OneLib_LL_ll_common.obj (.text.llSelectConn)
                  0000c55a    00000002     display_cc23x0r5.a : DisplayUart2.c.obj (.text.DisplayUart2Ansi_init)
                  0000c55c    0000016c     OneLib.a : OneLib_Host_GATT_gatt_server.obj (.text.gattServerProcessMsgCB)
                  0000c6c8    0000016c     ti_freertos_config.o (.text.prvTimerTask)
                  0000c834    00000168     OneLib.a : OneLib_Host_Profiles_gattservapp.obj (.text.gattServApp_ProcessMsg)
                  0000c99c    00000164     StackWrapper.a : StackWrapper_Host_gap.obj (.text.GAP_DeviceInit)
                  0000cb00    00000164     drivers_cc23x0r5.a : UART2.c.obj (.text.UART2_writeTimeoutBlocking)
                  0000cc64    00000164     OneLib.a : OneLib_LL_ll_common.obj (.text.llProcessCentralConnectionCreated)
                  0000cdc8    00000160              : OneLib_Host_GAP_gap_task.obj (.text.gapProcessHCICmdCompleteEvt)
                  0000cf28    00000160              : OneLib_LL_ll_scheduler.obj (.text.llFindNextSecTask)
                  0000d088    0000015c              : OneLib_LL_ll.obj (.text.LL_ProcessEvent)
                  0000d1e4    00000158              : OneLib_Host_Profiles_gattservapp.obj (.text.gattServApp_ProcessReadByTypeReq)
                  0000d33c    00000154     app_data.o (.text.Challenge_EventHandler)
                  0000d490    00000150     bleapputil_task.o (.text.BLEAppUtil_Task)
                  0000d5e0    00000150     OneLib.a : OneLib_LL_ll.obj (.text.LE_SetExtScanParams)
                  0000d730    00000150              : OneLib_Host_Profiles_gattservapp.obj (.text.gattServApp_ProcessFindByTypeValueReq)
                  0000d880    00000150              : OneLib_LL_ll_common.obj (.text.llCombinePDU)
                  0000d9d0    00000150     ti_freertos_config.o (.text.xQueueSemaphoreTake)
                  0000db20    0000014c     drivers_cc23x0r5.a : RNGLPF3RF.c.obj (.text.RNGLPF3RF_getValidatedNumber)
                  0000dc6c    0000014c     OneLib.a : OneLib_Host_L2CAP_l2cap_util.obj (.text.l2capReassembleSegment)
                  0000ddb8    0000014c              : OneLib_LL_ll_common.obj (.text.llCalcConnMaxTimeLength)
                  0000df04    0000014c     rcl_cc23x0r5.a : RCL.c.obj (.text.rclStop)
                  0000e050    00000148     OneLib.a : OneLib_Host_GAP_gap_initiator.obj (.text.gapInit_connect_internal)
                  0000e198    00000144              : OneLib_LL_ll_init_end_causes.obj (.text.llExtInit_PostProcess)
                  0000e2dc    00000140              : OneLib_LL_ll_common.obj (.text.llConnCleanup)
                  0000e41c    00000140     rcl_cc23x0r5.a : RCL_Scheduler.c.obj (.text.rclSchedulerProcessCmdStartStopTime)
                  0000e55c    0000013c     StackWrapper.a : StackWrapper_Host_gapbondmgr.obj (.text.gapBondMgrSaveBond)
                  0000e698    00000138     drivers_cc23x0r5.a : NVSLPF3.c.obj (.text.NVSLPF3_write)
                  0000e7d0    00000138     OneLib.a : OneLib_LL_ll_central_end_causes.obj (.text.llSetupNextCentralEvent)
                  0000e908    00000130     ecc.a : ECCSW.c.obj (.text.ECCSW_validatePublicKeyWeierstrass)
                  0000ea38    00000130     OneLib.a : OneLib_LL_ll_common.obj (.text.llGetNextConn)
                  0000eb68    0000012a              : OneLib_Host_SM_sm_mgr.obj (.text.sm_CMAC)
                  0000ec92    00000002     drivers_cc23x0r5.a : ECDHLPF3SW.c.obj (.text.ECDH_init)
                  0000ec94    00000128     StackWrapper.a : StackWrapper_Host_gapbondmgr.obj (.text.gapBondMgrEraseBonding)
                  0000edbc    00000128     OneLib.a : OneLib_LL_ll_scheduler.obj (.text.llCheckIsSecTaskCollideWithPrimTaskInLsto)
                  0000eee4    00000128     ti_freertos_config.o (.text.xQueueGenericSend)
                  0000f00c    00000124     OneLib.a : OneLib_Host_GAP_gap_scanner.obj (.text.GapScan_setParam)
                  0000f130    00000122     icall_POSIX.o (.text.ICall_waitMatch)
                  0000f252    00000002     drivers_cc23x0r5.a : ECDSALPF3SW.c.obj (.text.ECDSA_init)
                  0000f254    00000120                        : ECDHLPF3SW.c.obj (.text.ECDH_generatePublicKey)
                  0000f374    0000011c     OneLib.a : OneLib_Host_L2CAP_l2cap_task.obj (.text.l2capProcessRsp)
                  0000f490    00000118     dev_info_service.o (.text.DevInfo_setParameter)
                  0000f5a8    00000118     ble_stack_api.o (.text.bleStack_initGapBondParams)
                  0000f6c0    00000118     OneLib.a : OneLib_Host_Profiles_gattservapp.obj (.text.gattServApp_ProcessReadMultiReq)
                  0000f7d8    00000114     rcl_cc23x0r5.a : ble5.c.obj (.text.RCL_Handler_BLE5_updateTxBuffers)
                  0000f8ec    00000114     StackWrapper.a : StackWrapper_OSAL_osal_timers.obj (.text.osalTimerUpdate)
                  0000fa00    00000114     ti_freertos_config.o (.text.xQueueReceive)
                  0000fb14    0000010c     OneLib.a : OneLib_LL_ll_al.obj (.text.AL_AddEntry)
                  0000fc20    0000010c     drivers_cc23x0r5.a : UART2LPF3.c.obj (.text.UART2Support_dmaStartRx)
                  0000fd2c    0000010c     OneLib.a : OneLib_Host_GATT_gatt_client.obj (.text.gattProcessMultiReqs)
                  0000fe38    0000010c     ti_freertos_config.o (.text.prvAddNewTaskToReadyList)
                  0000ff44    00000108     OneLib.a : OneLib_Host_GATT_gatt_server.obj (.text.GATT_SendRsp)
                  0001004c    00000108              : OneLib_LL_ll.obj (.text.LL_ConnUpdate)
                  00010154    00000108     drivers_cc23x0r5.a : UART2.c.obj (.text.UART2_writeTimeoutNonblocking)
                  0001025c    00000108     OneLib.a : OneLib_Host_SM_sm_intpairing.obj (.text.smpInitiatorProcessPairingRsp)
                  00010364    00000108     ti_freertos_config.o (.text.xTaskIncrementTick)
                  0001046c    00000104     OneLib.a : OneLib_Host_SM_sm_mgr.obj (.text.sm_f6)
                  00010570    00000100     drivers_cc23x0r5.a : AESCTRDRBGXX.c.obj (.text.AESCTRDRBG_reseed)
                  00010670    00000100     OneLib.a : OneLib_LL_ll.obj (.text.LL_SetPhy)
                  00010770    00000100              : OneLib_Host_GATT_gatt_server.obj (.text.gattProcessFindInfoReq)
                  00010870    00000100              : OneLib_Host_GATT_gatt_client.obj (.text.gattProcessReadByType)
                  00010970    00000100              : OneLib_Host_SM_sm_pairing.obj (.text.smProcessDataMsg)
                  00010a70    00000100     ti_freertos_config.o (.text.xTaskResumeAll)
                  00010b70    000000fe     drivers_cc23x0r5.a : AESCTRDRBGXX.c.obj (.text.AESCTRDRBG_getRandomBytes)
                  00010c6e    00000002     driverlib.a : interrupt.c.obj (.text.IntDefaultHandler)
                  00010c70    000000fc     drivers_cc23x0r5.a : AESCTRDRBGXX.c.obj (.text.AESCTRDRBG_construct)
                  00010d6c    000000fc     OneLib.a : OneLib_LL_ll.obj (.text.LL_RemoveDeviceFromResolvingList)
                  00010e68    000000fc              : OneLib_LL_ll.obj (.text.LL_StartEncrypt)
                  00010f64    000000fc              : OneLib_LL_ll_ae.obj (.text.llFindNextAdvSet)
                  00011060    000000f8              : OneLib_Host_GAP_gap_linkmgr.obj (.text.gapPairingCompleteCB)
                  00011158    000000f8     ti_freertos_config.o (.text.pvPortMalloc)
                  00011250    000000f2     ecc.a : scalarMul.c.obj (.text.SCALARMUL_init)
                  00011342    00000002     rom_init.o (.text.MAP_LL_SDAA_Init)
                  00011344    000000f0     app_data.o (.text.GATT_EventHandler)
                  00011434    000000f0     nvocmp.o (.text.NVOCMP_cleanPage)
                  00011524    000000f0     ecc.a : scalarMul.c.obj (.text.SCALARMUL_final)
                  00011614    000000f0     OneLib.a : OneLib_Host_SM_sm_mgr.obj (.text.SM_VerifyAuthenSig)
                  00011704    000000f0     StackWrapper.a : StackWrapper_Host_gapbondmgr.obj (.text.gapBondMgrUpdateCharCfg)
                  000117f4    000000f0     OneLib.a : OneLib_Host_SM_sm_mgr.obj (.text.sm_c1new)
                  000118e4    000000f0     ti_freertos_config.o (.text.xEventGroupWaitBits)
                  000119d4    000000ec     drivers_cc23x0r5.a : AESCCMLPF3.c.obj (.text.AESCCMLPF3_processOneStepCBCMACPolling)
                  00011ac0    000000ec                        : ECDSALPF3SW.c.obj (.text.ECDSA_verify)
                  00011bac    000000ec                        : PowerCC23X0.c.obj (.text.Power_init)
                  00011c98    000000ec     OneLib.a : OneLib_LL_ll_common.obj (.text.llConnExists)
                  00011d84    000000ec     rcl_cc23x0r5.a : RCL.c.obj (.text.rclSchedulerHwi)
                  00011e70    000000ec     OneLib.a : OneLib_Host_SM_sm_pairing.obj (.text.sm_c1)
                  00011f5c    000000e8              : OneLib_LL_ll_data.obj (.text.llDynamicFree)
                  00012044    000000e8     rcl_cc23x0r5.a : RCL.c.obj (.text.rclDispatchHwi)
                  0001212c    000000e8     OneLib.a : OneLib_Host_GAP_gap_linkmgr.obj (.text.sendAuthEvent)
                  00012214    000000e8              : OneLib_Host_SM_sm_intpairing.obj (.text.smpInitiatorProcessIncoming)
                  000122fc    000000e4     bleapputil_process.o (.text.BLEAppUtil_processGAPEvents)
                  000123e0    000000e4     OneLib.a : OneLib_Host_SM_sm_pairing.obj (.text.SM_PasskeyUpdate)
                  000124c4    000000e4     libclang_rt.builtins.a : muldf3.S.obj (.text.__muldf3)
                  000125a8    000000e4     OneLib.a : OneLib_Host_Profiles_gapgattserver.obj (.text.ggs_ReadAttrCB)
                  0001268c    000000e0     drivers_cc23x0r5.a : Button.c.obj (.text.Button_open)
                  0001276c    000000e0     OneLib.a : OneLib_Host_ATT_att_util.obj (.text.attSendMsg)
                  0001284c    000000e0              : OneLib_Host_L2CAP_l2cap_task.obj (.text.l2capProcessConnectReq)
                  0001292c    000000e0              : OneLib_Host_SM_sm_mgr.obj (.text.sm_f4)
                  00012a0c    000000e0              : OneLib_Host_SM_sm_mgr.obj (.text.sm_g2)
                  00012aec    000000dc     app_connection.o (.text.Connection_ConnEventHandler)
                  00012bc8    000000dc     ble_user_config_stack.o (.text.setBleUserConfig)
                  00012ca4    000000d8     app_central.o (.text.Central_ScanEventHandler)
                  00012d7c    000000d8     OneLib.a : OneLib_HCI_hci_event.obj (.text.LL_ReadLocalP256PublicKeyCompleteEventCback)
                  00012e54    000000d8              : OneLib_LL_ll_scheduler.obj (.text.llAllocTask)
                  00012f2c    000000d8              : OneLib_LL_ll_common.obj (.text.llSendConnEvtCallback)
                  00013004    000000d8     ti_freertos_config.o (.text.pthread_create)
                  000130dc    000000d8     OneLib.a : OneLib_Host_SM_sm_rsppairing.obj (.text.smContPublicKeyExchange)
                  000131b4    000000d4     drivers_cc23x0r5.a : GPIOLPF3.c.obj (.text.GPIO_init)
                  00013288    000000d4     OneLib.a : OneLib_HCI_hci_event.obj (.text.LL_PhyUpdateCompleteEventCback)
                  0001335c    000000d4     ble_stack_api.o (.text.bleStack_initGatt)
                  00013430    000000d4     ecc.a : lowlevelapi.c.obj (.text.mSET)
                  00013504    000000d0     app_pairing.o (.text.Pairing_pairStateHandler)
                  000135d4    000000d0     OneLib.a : OneLib_Host_Profiles_gattservapp.obj (.text.gattServApp_IsWriteLong)
                  000136a4    000000d0              : OneLib_Host_Profiles_gapgattserver.obj (.text.ggs_WriteAttrCB)
                  00013774    000000d0              : OneLib_Host_SM_sm_pairing.obj (.text.smGenerateAddrInput)
                  00013844    000000cc     StackWrapper.a : StackWrapper_Host_gapbondmgr.obj (.text.GAPBondMgr_FindAddr)
                  00013910    000000c8     OneLib.a : OneLib_HCI_hci_event.obj (.text.LL_RemoteConnParamReqCback)
                  000139d8    000000c8              : OneLib_LL_ll.obj (.text.LL_TxData)
                  00013aa0    000000c8     drivers_cc23x0r5.a : PowerCC23X0.c.obj (.text.PowerCC23X0_oscillatorISR)
                  00013b68    000000c8     ecc.a : lowlevelapi.c.obj (.text.mINVK)
                  00013c30    000000c4     drivers_cc23x0r5.a : AESCTRLPF3.c.obj (.text.AESCTRLPF3_startOperation)
                  00013cf4    000000c4     dev_info_service.o (.text.DevInfo_readAttrCB)
                  00013db8    000000c4     ti_freertos_config.o (.text.xTaskRemoveFromEventList)
                  00013e7c    000000c0     OneLib.a : OneLib_HCI_hci_event.obj (.text.LL_GenerateDHKeyCompleteEventCback)
                  00013f3c    000000c0     drivers_cc23x0r5.a : UART2LPF3.c.obj (.text.UART2Support_dmaStartTx)
                  00013ffc    000000c0     OneLib.a : OneLib_Host_L2CAP_l2cap_util.obj (.text.l2capSendSegment)
                  000140bc    000000c0     StackWrapper.a : StackWrapper_OSAL_osal.obj (.text.osal_set_event)
                  0001417c    000000bc     OneLib.a : OneLib_Host_GAP_gap_linkmgr.obj (.text.GAP_Authenticate)
                  00014238    000000bc              : OneLib_LL_ll_enc.obj (.text.LL_ENC_GenerateDRBGRandNum)
                  000142f4    000000bc              : OneLib_Host_GAP_gap_scanner.obj (.text.gapScan_defragAdvRpt)
                  000143b0    000000bc              : OneLib_Host_Profiles_gattservapp.obj (.text.gattServApp_ProcessPrepareWriteReq)
                  0001446c    000000bc              : OneLib_LL_ll_scheduler.obj (.text.llSetTaskInit)
                  00014528    000000bc              : OneLib_LL_ll_common.obj (.text.llSetupPhyCtrlPkt)
                  000145e4    000000ba     drivers_cc23x0r5.a : AESCMACLPF3.c.obj (.text.AESCMACLPF3_oneStepOperation)
                  0001469e    00000002     rom_init.o (.text.MAP_LL_SDAA_SampleRXWindow)
                  000146a0    000000b8     OneLib.a : OneLib_Host_GATT_gatt_server.obj (.text.GATT_RegisterService)
                  00014758    000000b8              : OneLib_HCI_hci_event.obj (.text.HCI_NumOfCompletedPacketsEvent)
                  00014810    000000b8              : OneLib_HCI_hci_event.obj (.text.LL_DataLengthChangeEventCback)
                  000148c8    000000b8              : OneLib_LL_ll.obj (.text.LL_SetDataLen)
                  00014980    000000b8              : OneLib_Host_GAP_gap_scanner.obj (.text.gapScan_processStartEndCb)
                  00014a38    000000b8              : OneLib_LL_ll_scheduler.obj (.text.llSetTaskScan)
                  00014af0    000000b8              : OneLib_Host_SM_sm_intpairing.obj (.text.smpInitiatorContProcessPairingPubKey)
                  00014ba8    000000b6     drivers_cc23x0r5.a : AESCTRLPF3.c.obj (.text.AESCTRLPF3_oneStepOperation)
                  00014c5e    00000002     rom_init.o (.text.MAP_gap_PeriConnRegister)
                  00014c60    000000b4     StackWrapper.a : StackWrapper_Host_gapbondmgr.obj (.text.GAPBondMgr_Init)
                  00014d14    000000b4     OneLib.a : OneLib_Host_GAP_gap_linkmgr.obj (.text.GAP_UpdateLinkParamReqReply)
                  00014dc8    000000b4              : OneLib_HCI_hci_event.obj (.text.LL_ConnParamUpdateCback)
                  00014e7c    000000b4     nvocmp.o (.text.NVOCMP_erase)
                  00014f30    000000b4     OneLib.a : OneLib_Host_GAP_gap_linkmgr.obj (.text.gapProcessConnectionCompleteEvt)
                  00014fe4    000000b4              : OneLib_Host_L2CAP_l2cap_util.obj (.text.l2capDisconnectAllChannels)
                  00015098    000000b0     display_cc23x0r5.a : DisplayUart2.c.obj (.text.DisplayUart2Ansi_vprintf)
                  00015148    000000b0     OneLib.a : OneLib_Host_SM_sm_mgr.obj (.text.SM_GenerateAuthenSig)
                  000151f8    000000b0              : OneLib_Host_GAP_gap_scanner.obj (.text.gapScan_saveRptAndNotify)
                  000152a8    000000b0              : OneLib_LL_ll_common.obj (.text.llSetupConn)
                  00015358    000000ac              : OneLib_Host_L2CAP_l2cap_task.obj (.text.L2CAP_Init)
                  00015404    000000ac     StackWrapper.a : StackWrapper_Host_gapbondmgr.obj (.text.gapBondMgrEraseLocalInfo)
                  000154b0    000000ac                    : StackWrapper_Host_gapbondmgr.obj (.text.gapBondMgr_syncResolvingList)
                  0001555c    000000aa     OneLib.a : OneLib_LL_ll_common.obj (.text.llApplyParamUpdate)
                  00015606    00000002     rom_init.o (.text.MAP_llAlignToNextEvent)
                  00015608    000000a8     OneLib.a : OneLib_LL_ll.obj (.text.LL_EXT_GetConnInfo)
                  000156b0    000000a8              : OneLib_HCI_hci_data.obj (.text.LL_RxDataCompleteCback)
                  00015758    000000a8              : OneLib_Host_GATT_gatt_client.obj (.text.gattProcessReliableWrites)
                  00015800    000000a8              : OneLib_Host_GATT_gatt_task.obj (.text.gattProcessRxData)
                  000158a8    000000a8              : OneLib_Host_Profiles_gattservapp.obj (.text.gattServApp_HandleConnStatusCB)
                  00015950    000000a8              : OneLib_Host_SM_sm_mgr.obj (.text.generate_subkey)
                  000159f8    000000a8              : OneLib_Host_GAP_linkdb.obj (.text.linkDB_Add)
                  00015aa0    000000a8              : OneLib_LL_ll_ae.obj (.text.llManageExtScanStateList)
                  00015b48    000000a8     ti_freertos_config.o (.text.vTaskRemoveFromUnorderedEventList)
                  00015bf0    000000a8     ti_freertos_config.o (.text.xQueueGenericSendFromISR)
                  00015c98    000000a4     drivers_cc23x0r5.a : AESCCMLPF3.c.obj (.text.AESCCMLPF3_processSegmentedCTR)
                  00015d3c    000000a4     OneLib.a : OneLib_Host_Profiles_gattservapp.obj (.text.GATTServApp_Init)
                  00015de0    000000a4              : OneLib_Host_GATT_gatt_task.obj (.text.GATT_bm_alloc)
                  00015e84    000000a4     rcl_cc23x0r5.a : LRF.c.obj (.text.LRF_TxPowerTable_findValue)
                  00015f28    000000a4     OneLib.a : OneLib_Host_SM_sm_task.obj (.text.SM_ProcessEvent)
                  00015fcc    000000a4     StackWrapper.a : StackWrapper_Host_gapbondmgr.obj (.text.gapBondStateStartSecurity)
                  00016070    000000a4     OneLib.a : OneLib_Host_GAP_gap_centlinkmgr.obj (.text.gapCentProcessSignalEvt)
                  00016114    000000a4              : OneLib_LL_ll_scheduler.obj (.text.llFreeTask)
                  000161b8    000000a4              : OneLib_LL_ll_common.obj (.text.llProcessScanTimeout)
                  0001625c    000000a4              : OneLib_Host_SM_sm_pairing.obj (.text.smF5Wrapper)
                  00016300    000000a4              : OneLib_Host_SM_sm_pairing.obj (.text.smProcessEncryptChange)
                  000163a4    000000a2              : OneLib_Host_GATT_gatt_server.obj (.text.GATT_VerifyWritePermissions)
                  00016446    00000002     rom_init.o (.text.MAP_llDmmDynamicFree)
                  00016448    000000a2     libclang_rt.builtins.a : udivmoddi4.S.obj (.text)
                  000164ea    00000002     rom_init.o (.text.MAP_llDmmSetThreshold)
                  000164ec    000000a0     bleapputil_init.o (.text.BLEAppUtil_scanInit)
                  0001658c    000000a0     OneLib.a : OneLib_HCI_hci_event.obj (.text.LL_EXT_ChanMapUpdateCback)
                  0001662c    000000a0     rcl_cc23x0r5.a : RCL_Scheduler.c.obj (.text.rclSchedulerCancelStopTime)
                  000166cc    0000009c     drivers_cc23x0r5.a : AESECBLPF3.c.obj (.text.AESECBLPF3_startOperation)
                  00016768    0000009c     OneLib.a : OneLib_LL_ll.obj (.text.LL_CreateConnCancel)
                  00016804    0000009c              : OneLib_LL_ll_isr.obj (.text.LL_rclScanRxEntryDone)
                  000168a0    0000009c     app_simple_gatt.o (.text.SimpleGatt_start)
                  0001693c    0000009c     StackWrapper.a : StackWrapper_OSAL_osal_cbtimer.obj (.text.cbTimerSetup)
                  000169d8    0000009c     ti_freertos_config.o (.text.clock_gettime)
                  00016a74    0000009c     drivers_cc23x0r5.a : NVSLPF3.c.obj (.text.doErase)
                  00016b10    0000009c     OneLib.a : OneLib_LL_ll_scheduler.obj (.text.llCmdStartedEventHandle)
                  00016bac    0000009c              : OneLib_LL_ll_common.obj (.text.llSetupEncReq)
                  00016c48    0000009c              : OneLib_LL_ll_ecc.obj (.text.ll_GenerateDHKey)
                  00016ce4    0000009c              : OneLib_Host_SM_sm_pairing.obj (.text.smGetECCKeys)
                  00016d80    0000009c     ti_freertos_config.o (.text.vTaskSuspend)
                  00016e1c    0000009a     drivers_cc23x0r5.a : UART2.c.obj (.text.UART2_writeCancel)
                  00016eb6    0000009a     OneLib.a : OneLib_Host_Profiles_gattservapp.obj (.text.gattServApp_ProcessWriteReq)
                  00016f50    00000098              : OneLib_LL_ll.obj (.text.LL_SetRandomAddress)
                  00016fe8    00000098     rcl_cc23x0r5.a : RCL_Buffer.c.obj (.text.RCL_MultiBuffer_RxEntry_next)
                  00017080    00000098     OneLib.a : OneLib_Host_Profiles_gattservapp.obj (.text.gattServApp_ProcessReadBlobReq)
                  00017118    00000098              : OneLib_Host_Profiles_gattservapp.obj (.text.gattServApp_SetNumPrepareWrites)
                  000171b0    00000098              : OneLib_LL_ll_common.obj (.text.llFindNextConn)
                  00017248    00000098              : OneLib_LL_ll_ae.obj (.text.llGetNextOrPreviousExtScanChannelIndex)
                  000172e0    00000098     ti_freertos_config.o (.text.vTaskDelete)
                  00017378    00000094     OneLib.a : OneLib_Host_GAP_gap_scanner.obj (.text.GapScan_setEventMask)
                  0001740c    00000094              : OneLib_HCI_hci_event.obj (.text.HCI_CommandCompleteEvent)
                  000174a0    00000094     icall_POSIX.o (.text.ICall_send)
                  00017534    00000094     OneLib.a : OneLib_LL_ll_privacy.obj (.text.LL_PRIV_AddExtALEntry)
                  000175c8    00000094     app_menu.o (.text.Menu_doGattWriteCB)
                  0001765c    00000094     drivers_cc23x0r5.a : NVSLPF3.c.obj (.text.NVSLPF3_open)
                  000176f0    00000094     rcl_cc23x0r5.a : RCL_Scheduler.c.obj (.text.RCL_Scheduler_setStopTimes)
                  00017784    00000094     OneLib.a : OneLib_Host_SM_sm_pairing.obj (.text.SM_StartPairing)
                  00017818    00000094     ecc.a : scalarMul.c.obj (.text.SQUAREMULTIPLYWORD)
                  000178ac    00000094     OneLib.a : OneLib_Host_Profiles_gattservapp.obj (.text.gattServApp_ProcessReadReq)
                  00017940    00000094              : OneLib_Host_L2CAP_l2cap_util.obj (.text.l2capEncapSendData)
                  000179d4    00000094              : OneLib_Host_L2CAP_l2cap_util.obj (.text.l2capSendConnectRsp)
                  00017a68    00000094     StackWrapper.a : StackWrapper_OSAL_osal_cbtimer.obj (.text.osal_CbTimerProcessEvent)
                  00017afc    00000094     ti_freertos_config.o (.text.xQueueReceiveFromISR)
                  00017b90    00000092     driverlib.a : aes_ticlang.s.obj (.text)
                  00017c22    00000002     rom_init.o (.text.MAP_llHealthUpdate)
                  00017c24    00000090     display_cc23x0r5.a : DisplayUart2.c.obj (.text.DisplayUart2Ansi_clearLines)
                  00017cb4    00000090     OneLib.a : OneLib_Host_GAP_gap_linkmgr.obj (.text.GAP_Bond)
                  00017d44    00000090              : OneLib_Host_L2CAP_l2cap_if.obj (.text.L2CAP_SendData)
                  00017dd4    00000090     rcl_cc23x0r5.a : RCL_Buffer.c.obj (.text.RCL_MultiBuffer_RxEntry_get)
                  00017e64    00000090     drivers_cc23x0r5.a : UART2LPF3.c.obj (.text.UART2_close)
                  00017ef4    00000090     OneLib.a : OneLib_Host_Profiles_gattservapp.obj (.text.gattServApp_EnqueueReTx)
                  00017f84    00000090              : OneLib_LL_ble.obj (.text.llManageControlPacketQueue)
                  00018014    00000090              : OneLib_LL_ll_scheduler.obj (.text.llScheduleTask)
                  000180a4    00000090              : OneLib_LL_ll_ecc.obj (.text.ll_ReadLocalP256PublicKey)
                  00018134    00000090     osal_icall_ble.o (.text.osalInitTasks)
                  000181c4    00000090     ti_freertos_config.o (.text.xQueueGenericReset)
                  00018254    00000090     ecc.a : lowlevelapi.c.obj (.text.zSUB)
                  000182e4    0000008e     OneLib.a : OneLib_Host_GATT_gatt_task.obj (.text.gattGetPayload)
                  00018372    0000008e              : OneLib_LL_ll_common.obj (.text.llValidateConnParams)
                  00018400    0000008c              : OneLib_Host_GAP_gap_linkmgr.obj (.text.GAP_UpdateLinkParamReq)
                  0001848c    0000008c              : OneLib_Host_GATT_gatt_server.obj (.text.GATT_FindNextAttr)
                  00018518    0000008c     app_menu.o (.text.Menu_workWithCB)
                  000185a4    0000008c     rcl_cc23x0r5.a : RCL_AdcNoise.c.obj (.text.RCL_AdcNoise_get_samples_blocking)
                  00018630    0000008c     OneLib.a : OneLib_Host_GATT_gatt_client.obj (.text.gattClientHandleConnStatusCB)
                  000186bc    0000008c              : OneLib_Host_GATT_gatt_server.obj (.text.gattServerHandleConnStatusCB)
                  00018748    0000008c              : OneLib_Host_L2CAP_l2cap_util.obj (.text.l2capSendReq)
                  000187d4    0000008c              : OneLib_LL_ll_common.obj (.text.llSetupUpdateParamReq)
                  00018860    0000008c     StackWrapper.a : StackWrapper_OSAL_osal.obj (.text.osal_msg_enqueue_push)
                  000188ec    0000008c     OneLib.a : OneLib_Host_SM_sm_pairing.obj (.text.smUpdateEncInfo)
                  00018978    0000008c     ti_freertos_config.o (.text.vTaskPriorityDisinheritAfterTimeout)
                  00018a04    0000008c     ti_freertos_config.o (.text.xQueueGiveFromISR)
                  00018a90    0000008c     ti_freertos_config.o (.text.xTaskPriorityInherit)
                  00018b1c    0000008a     ecc.a : lowlevelapi.c.obj (.text.zMACC32)
                  00018ba6    00000002     rom_init.o (.text.MAP_llProcessAdvAddrResolutionTimeout)
                  00018ba8    00000088     drivers_cc23x0r5.a : AESCTRLPF3.c.obj (.text.AESCTRLPF3_processData)
                  00018c30    00000088     bleapputil_init.o (.text.BLEAppUtil_setConnParams)
                  00018cb8    00000088     StackWrapper.a : StackWrapper_Host_gapbondmgr.obj (.text.GAPBondMgr_ServiceChangeInd)
                  00018d40    00000088     OneLib.a : OneLib_Host_GATT_gatt_client.obj (.text.GATT_InitClient)
                  00018dc8    00000088              : OneLib_HCI_hci_event.obj (.text.HCI_SendCommandCompleteEvent)
                  00018e50    00000088              : OneLib_HCI_hci_event.obj (.text.LL_ChannelSelectionAlgorithmCback)
                  00018ed8    00000088              : OneLib_HCI_hci_event.obj (.text.LL_EncChangeCback)
                  00018f60    00000088              : OneLib_LL_ll_privacy.obj (.text.LL_PRIV_FindExtALEntry)
                  00018fe8    00000088     nvocmp.o (.text.NVOCMP_getDstPage)
                  00019070    00000088     OneLib.a : OneLib_Host_GAP_gap_scanner.obj (.text.gapScan_sendSessionEndEvt)
                  000190f8    00000088     StackWrapper.a : StackWrapper_ICallBLE_icall_lite_translation.obj (.text.icall_liteTranslation)
                  00019180    00000088     ti_freertos_config.o (.text.vTaskSwitchContext)
                  00019208    00000088     ti_freertos_config.o (.text.xEventGroupSetBits)
                  00019290    00000086     OneLib.a : OneLib_LL_ll.obj (.text.LL_RemoteConnParamReqReply)
                  00019316    00000086              : OneLib_LL_ll_common.obj (.text.llWriteTxData)
                  0001939c    00000086              : OneLib_Host_SMP_smp.obj (.text.smpBuildPairingReqRsp)
                  00019422    00000086              : OneLib_Host_SMP_smp.obj (.text.smpParsePairingReq)
                  000194a8    00000084              : OneLib_Host_Profiles_gattservapp.obj (.text.GATTServApp_WriteAttr)
                  0001952c    00000084              : OneLib_Host_GAP_gap_scanner.obj (.text.GapScan_getAdvReport)
                  000195b0    00000084              : OneLib_HCI_hci_event.obj (.text.LL_DisconnectCback)
                  00019634    00000084              : OneLib_LL_ll_privacy.obj (.text.LL_PRIV_FindPeerInRL)
                  000196b8    00000084              : OneLib_Host_GATT_gatt_client.obj (.text.gattProcessWriteLong)
                  0001973c    00000084              : OneLib_Host_Profiles_gattservapp.obj (.text.gattServApp_ProcessReliableWrites)
                  000197c0    00000084              : OneLib_Host_L2CAP_l2cap_util.obj (.text.l2capNotifyCreditEvt)
                  00019844    00000084              : OneLib_Host_L2CAP_l2cap_task.obj (.text.l2capProcessRxData)
                  000198c8    00000084              : OneLib_LL_ll_common.obj (.text.llProcessTxData)
                  0001994c    00000084              : OneLib_LL_ll_common.obj (.text.llSetupConnParamReq)
                  000199d0    00000084     ti_freertos_config.o (.text.memalign)
                  00019a54    00000084     rcl_cc23x0r5.a : RCL_Scheduler.c.obj (.text.rclSchedulerSetNewStopTime)
                  00019ad8    00000084     OneLib.a : OneLib_Host_SM_sm_pairing.obj (.text.smGenerateDHKeyCheck)
                  00019b5c    00000084     driverlib.a : udma.c.obj (.text.uDMASetChannelTransfer)
                  00019be0    00000080     drivers_cc23x0r5.a : AESCTRLPF3.c.obj (.text.AESCTRLPF3_hwiFxn)
                  00019c60    00000080     OneLib.a : OneLib_Host_L2CAP_l2cap_task.obj (.text.L2CAP_ProcessEvent)
                  00019ce0    00000080              : OneLib_LL_ll.obj (.text.LL_EXT_GetActiveConnInfo)
                  00019d60    00000080              : OneLib_HCI_hci_event.obj (.text.LL_EncKeyRefreshCback)
                  00019de0    00000080     menu_module.o (.text.MenuModule_printMenuNavBar)
                  00019e60    00000080     simple_gatt_profile.o (.text.SimpleGattProfile_readAttrCB)
                  00019ee0    00000080     OneLib.a : OneLib_Host_Profiles_gattservapp.obj (.text.gattServApp_buildReadByTypeRsp)
                  00019f60    00000080              : OneLib_LL_ll_common.obj (.text.llCheckAcceptListUsage)
                  00019fe0    00000080              : OneLib_LL_ll_common.obj (.text.llReplaceCtrlPkt)
                  0001a060    00000080              : OneLib_LL_ble.obj (.text.llReplaceRxBuffers)
                  0001a0e0    00000080     ti_freertos_config.o (.text.prvAddCurrentTaskToDelayedList)
                  0001a160    00000080     OneLib.a : OneLib_Host_SM_sm_task.obj (.text.smProcessHCIBLEEventCode)
                  0001a1e0    0000007e     ecc.a : scalarMul25519.c.obj (.text.X25519_final)
                  0001a25e    0000007e     OneLib.a : OneLib_LL_ll_common.obj (.text.llSetupLenCtrlPkt)
                  0001a2dc    0000007c     ti_freertos_config.o (.text.ClockP_startup)
                  0001a358    0000007c     OneLib.a : OneLib_Host_GATT_gatt_server.obj (.text.GATT_ServiceChangedInd)
                  0001a3d4    0000007c              : OneLib_HCI_hci_event.obj (.text.HCI_HardwareErrorEvent)
                  0001a450    0000007c              : OneLib_HCI_hci_event.obj (.text.LL_AuthPayloadTimeoutExpiredCback)
                  0001a4cc    0000007c              : OneLib_LL_ll_privacy.obj (.text.LL_PRIV_CheckRLPeerIdEntry)
                  0001a548    0000007c     ti_freertos_config.o (.text.formatNum)
                  0001a5c4    0000007c     StackWrapper.a : StackWrapper_Host_gapbondmgr.obj (.text.gapBondMgr_SyncCharCfg)
                  0001a640    0000007c     OneLib.a : OneLib_Host_GAP_gap_task.obj (.text.gapProcessOSALMsg)
                  0001a6bc    0000007c              : OneLib_LL_ll_common.obj (.text.llCBTimer_AptoExpiredCback)
                  0001a738    0000007c              : OneLib_LL_ll_common.obj (.text.llVerifyConnParamReqParams)
                  0001a7b4    0000007c              : OneLib_Host_SM_sm_intpairing.obj (.text.smpInitiatorProcessPairingPubKey)
                  0001a830    0000007c     drivers_cc23x0r5.a : TemperatureLPF3.c.obj (.text.temperatureEventCb)
                  0001a8ac    0000007c     ti_freertos_config.o (.text.xTaskPriorityDisinherit)
                  0001a928    0000007a     OneLib.a : OneLib_Host_GATT_gatt_client.obj (.text.gattResetClientInfo)
                  0001a9a2    00000002     rom_init.o (.text.MAP_llProcessPeripheralConnectionCreated)
                  0001a9a4    00000078     drivers_cc23x0r5.a : AESCMACLPF3.c.obj (.text.AESCMACLPF3_getResult)
                  0001aa1c    00000078                        : AESECBLPF3.c.obj (.text.AESECB_oneStepEncrypt)
                  0001aa94    00000078     ti_freertos_config.o (.text.ClockP_hwiCallback)
                  0001ab0c    00000078     ecc.a : ECCSW.c.obj (.text.ECCSW_validatePrivateKeyWeierstrass)
                  0001ab84    00000078     ti_freertos_config.o (.text.HwiP_construct)
                  0001abfc    00000078     icall_POSIX.o (.text.ICall_setTimer)
                  0001ac74    00000078     OneLib.a : OneLib_LL_ll_enc.obj (.text.LL_ENC_Decrypt)
                  0001acec    00000078              : OneLib_LL_ll.obj (.text.LL_EXT_SetMaxDataLen)
                  0001ad64    00000078     nvocmp.o (.text.NVOCMP_writeItemApi)
                  0001addc    00000078     rcl_cc23x0r5.a : RCL_Scheduler.c.obj (.text.RCL_Scheduler_findStopStatus)
                  0001ae54    00000078     simple_gatt_profile.o (.text.SimpleGattProfile_setParameter)
                  0001aecc    00000078     rcl_cc23x0r5.a : hal_cc23x0.c.obj (.text.hal_init_fsm)
                  0001af44    00000078     OneLib.a : OneLib_LL_ll_common.obj (.text.llSetupFeatureSetRsp)
                  0001afbc    00000078     StackWrapper.a : StackWrapper_OSAL_osal.obj (.text.osal_msg_receive)
                  0001b034    00000078     OneLib.a : OneLib_Host_GAP_gap_linkmgr.obj (.text.sendEstLinkEvent)
                  0001b0ac    00000078     libc.a : copy_decompress_lzss.c.obj (.text:decompress:lzss)
                  0001b124    00000076     drivers_cc23x0r5.a : AESCTRDRBGXX.c.obj (.text.AESCTRDRBGXX_updateState)
                  0001b19a    00000076     OneLib.a : OneLib_LL_ll_common.obj (.text.llFragmentPDU)
                  0001b210    00000076     ti_freertos_config.o (.text.prvCopyDataToQueue)
                  0001b286    00000002     rom_init.o (.text.MAP_llProcessPeripheralControlPacket)
                  0001b288    00000074     drivers_cc23x0r5.a : BatMonSupportLPF3.c.obj (.text.BatMonSupportLPF3_init)
                  0001b2fc    00000074     StackWrapper.a : StackWrapper_Host_gap.obj (.text.GAP_DeviceInit_validate_params)
                  0001b370    00000074     OneLib.a : OneLib_Host_Profiles_gattservapp.obj (.text.GATTServApp_ProcessEvent)
                  0001b3e4    00000074     icall_POSIX.o (.text.ICall_createRemoteTasksAtRuntime)
                  0001b458    00000074     OneLib.a : OneLib_LL_ll_privacy.obj (.text.LL_PRIV_Init)
                  0001b4cc    00000074              : OneLib_LL_ll_isr.obj (.text.LL_rclUpdateExtAl)
                  0001b540    00000074              : OneLib_Host_L2CAP_l2cap_util.obj (.text.l2capSendCmd)
                  0001b5b4    00000074              : OneLib_LL_ll_ae.obj (.text.llGetSecondaryTaskEndTime)
                  0001b628    00000074              : OneLib_LL_ll_common.obj (.text.llIsThereACollisionBetweenConn)
                  0001b69c    00000074     ti_freertos_config.o (.text.prvInitialiseNewTask)
                  0001b710    00000074     ti_freertos_config.o (.text.prvUnlockQueue)
                  0001b784    00000074     OneLib.a : OneLib_Host_SM_sm_pairing.obj (.text.smOobSCAuthentication)
                  0001b7f8    00000072              : OneLib_Host_GATT_gatt_server.obj (.text.GATT_VerifyReadPermissions)
                  0001b86a    00000002     rom_init.o (.text.MAP_llSetTaskAdv)
                  0001b86c    00000070     OneLib.a : OneLib_LL_ll_al.obj (.text.AL_FindEntry)
                  0001b8dc    00000070     app_main.o (.text.App_StackInitDoneHandler)
                  0001b94c    00000070     OneLib.a : OneLib_Host_GAP_gap_configmgr.obj (.text.GAP_GetDevAddress)
                  0001b9bc    00000070              : OneLib_Host_GATT_gatt_server.obj (.text.GATT_FindHandleUUID)
                  0001ba2c    00000070              : OneLib_Host_GATT_gatt_server.obj (.text.GATT_InitServer)
                  0001ba9c    00000070     app_menu.o (.text.Menu_connectCB)
                  0001bb0c    00000070     nvocmp.o (.text.NVOCMP_eraseNvApi)
                  0001bb7c    00000070     nvocmp.o (.text.NVOCMP_readItemApi)
                  0001bbec    00000070     drivers_cc23x0r5.a : PowerCC23X0.c.obj (.text.PowerCC23X0_startHFXT)
                  0001bc5c    00000070     rcl_cc23x0r5.a : ble5.c.obj (.text.RCL_Handler_BLE5_findRfFreq)
                  0001bccc    00000070     simple_gatt_profile.o (.text.SimpleGattProfile_getParameter)
                  0001bd3c    00000070     drivers_cc23x0r5.a : UART2LPF3.c.obj (.text.UART2Support_dmaStopTx)
                  0001bdac    00000070     libclang_rt.builtins.a : comparedf2.c.obj (.text.__gedf2)
                  0001be1c    00000070     StackWrapper.a : StackWrapper_Host_gapbondmgr.obj (.text.gapBondMgrSetStateFlagFromConnhandle)
                  0001be8c    00000070     OneLib.a : OneLib_Host_GATT_gatt_client.obj (.text.gattProcessFindInfo)
                  0001befc    00000070     icall_POSIX.o (.text.icall_directAPI)
                  0001bf6c    00000070     OneLib.a : OneLib_Host_L2CAP_l2cap_util.obj (.text.l2capAllocChannel)
                  0001bfdc    00000070              : OneLib_Host_L2CAP_l2cap_task.obj (.text.l2capProcessOSALMsg)
                  0001c04c    00000070              : OneLib_LL_ll_common.obj (.text.llCreateCommonFeatureSet)
                  0001c0bc    00000070              : OneLib_LL_ll_common.obj (.text.llEstimateConnMinTimeLength)
                  0001c12c    00000070     StackWrapper.a : StackWrapper_OSAL_osal_bufmgr.obj (.text.osal_bm_free)
                  0001c19c    00000070                    : StackWrapper_OSAL_osal.obj (.text.osal_event_send)
                  0001c20c    00000070     rcl_cc23x0r5.a : RCL_Scheduler.c.obj (.text.rclSchedulerFindEarliestStopTime)
                  0001c27c    00000070                    : RCL.c.obj (.text.scheduleHook)
                  0001c2ec    00000070     OneLib.a : OneLib_Host_SM_sm_pairing.obj (.text.smFreePairingParams)
                  0001c35c    0000006c     drivers_cc23x0r5.a : CryptoUtils.c.obj (.text.CryptoUtils_reverseCopyPad)
                  0001c3c8    0000006c     display_cc23x0r5.a : DisplayUart2.c.obj (.text.DisplayUart2Ansi_open)
                  0001c434    0000006c     OneLib.a : OneLib_Host_Profiles_gapgattserver.obj (.text.GGS_SetParameter)
                  0001c4a0    0000006c     drivers_cc23x0r5.a : GPIOLPF3.c.obj (.text.GPIO_setConfigAndMux)
                  0001c50c    0000006c     OneLib.a : OneLib_LL_ll.obj (.text.LE_RemoveAdvSet)
                  0001c578    0000006c              : OneLib_LL_ll_enc.obj (.text.LL_ENC_Encrypt)
                  0001c5e4    0000006c              : OneLib_HCI_hci_event.obj (.text.LL_ReadRemoteUsedFeaturesCompleteCback)
                  0001c650    0000006c     nvocmp.o (.text.NVOCMP_getFreeNvApi)
                  0001c6bc    0000006c     nvocmp.o (.text.NVOCMP_readHeader)
                  0001c728    0000006c     libclang_rt.builtins.a : comparedf2.c.obj (.text.__ledf2)
                  0001c794    0000006c     OneLib.a : OneLib_Host_GAP_gap_task.obj (.text.gapProcessCommandStatusEvt)
                  0001c800    0000006c              : OneLib_Host_GAP_gap_configmgr.obj (.text.gapSendDeviceInitDoneEvent)
                  0001c86c    0000006c              : OneLib_Host_GATT_gatt_client.obj (.text.gattProcessReadByGrpType)
                  0001c8d8    0000006c              : OneLib_Host_L2CAP_l2cap_util.obj (.text.l2capNotifyEvent)
                  0001c944    0000006c              : OneLib_Host_GAP_linkdb.obj (.text.linkDB_Authen)
                  0001c9b0    0000006c              : OneLib_LL_ble.obj (.text.llSetupConnRxDataEntryQueue)
                  0001ca1c    0000006c              : OneLib_LL_ll_common.obj (.text.llSetupFeatureSetReq)
                  0001ca88    0000006c              : OneLib_LL_ll_ae.obj (.text.llUpdateSortedAdvList)
                  0001caf4    0000006c     ti_freertos_config.o (.text.prvCheckForValidListAndQueue)
                  0001cb60    0000006c     ti_freertos_config.o (.text.vPortGetHeapStats)
                  0001cbcc    0000006a     OneLib.a : OneLib_LL_ll_common.obj (.text.llSetNextDataChan)
                  0001cc36    00000002     rom_init.o (.text.MAP_llSetTaskPeripheral)
                  0001cc38    00000068     app_central.o (.text.Central_GAPConnEventHandler)
                  0001cca0    00000068     drivers_cc23x0r5.a : ECDHLPF3SW.c.obj (.text.ECDHLPF3SW_getKeyResult)
                  0001cd08    00000068     OneLib.a : OneLib_Host_GAP_gap_task.obj (.text.GAP_ProcessEvent)
                  0001cd70    00000068     icall_POSIX.o (.text.ICall_enrollService)
                  0001cdd8    00000068     OneLib.a : OneLib_LL_ll_enc.obj (.text.LL_AESCCM_Init)
                  0001ce40    00000068              : OneLib_LL_ll_enc.obj (.text.LL_AESECB_Init)
                  0001cea8    00000068              : OneLib_LL_ll_ae.obj (.text.LL_DisableAdvSets)
                  0001cf10    00000068              : OneLib_LL_ll.obj (.text.LL_WriteDefaultDataLen)
                  0001cf78    00000068     rcl_cc23x0r5.a : LRFCC23X0.c.obj (.text.LRF_setTrimCommon)
                  0001cfe0    00000068     menu_module.o (.text.MenuModule_doInit)
                  0001d048    00000068     drivers_cc23x0r5.a : PowerCC23X0.c.obj (.text.Power_sleep)
                  0001d0b0    00000068     ti_freertos_config.o (.text._clock_gettimeMono)
                  0001d118    00000068     OneLib.a : OneLib_Host_GAP_gap_linkmgr.obj (.text.gapProcessDisconnectCompleteEvt)
                  0001d180    00000068              : OneLib_Host_GATT_gatt_client.obj (.text.gattReadByType)
                  0001d1e8    00000068              : OneLib_Host_L2CAP_l2cap_util.obj (.text.l2capFindNextSegment)
                  0001d250    00000068              : OneLib_Host_L2CAP_l2cap_util.obj (.text.l2capParsePacket)
                  0001d2b8    00000068              : OneLib_Host_GAP_linkdb.obj (.text.linkDB_Init)
                  0001d320    00000068              : OneLib_LL_ll_scheduler.obj (.text.llExtScanSchedSetup)
                  0001d388    00000068              : OneLib_LL_ll_common.obj (.text.llSetupPauseEncRsp)
                  0001d3f0    00000068              : OneLib_LL_ll_common.obj (.text.llSetupVersionIndReq)
                  0001d458    00000068     StackWrapper.a : StackWrapper_OSAL_osal_cbtimer.obj (.text.osal_CbTimerUpdate)
                  0001d4c0    00000068     ti_freertos_config.o (.text.prvIdleTask)
                  0001d528    00000068     OneLib.a : OneLib_Host_SM_sm_rsppairing.obj (.text.smpResponderProcessPairingDHKeyCheck)
                  0001d590    00000066     ecc.a : scalarMul.c.obj (.text.GETDIGITL2R)
                  0001d5f6    00000066     OneLib.a : OneLib_Host_Profiles_gattservapp.obj (.text.gattServApp_ProcessExecuteWriteReq)
                  0001d65c    00000066     ti_freertos_config.o (.text.xTaskCreateStatic)
                  0001d6c2    00000002     StackWrapper.a : StackWrapper_Tools_onboard.obj (.text.Onboard_soft_reset)
                  0001d6c4    00000064     drivers_cc23x0r5.a : AESCommonLPF3.c.obj (.text.AESCommonLPF3_construct)
                  0001d728    00000064     bleapputil_init.o (.text.BLEAppUtil_stackInit)
                  0001d78c    00000064     ti_freertos_config.o (.text.ClockP_start)
                  0001d7f0    00000064     drivers_cc23x0r5.a : CryptoUtils.c.obj (.text.CryptoUtils_copyPad)
                  0001d854    00000064     OneLib.a : OneLib_Host_GAP_gap_scanner.obj (.text.GapScan_setPhyParams)
                  0001d8b8    00000064              : OneLib_HCI_hci_event.obj (.text.HCI_VendorSpecifcCommandCompleteEvent)
                  0001d91c    00000064     driverlib.a : interrupt.c.obj (.text.IntSetPriority)
                  0001d980    00000064     OneLib.a : OneLib_HCI_hci_event.obj (.text.LL_ReadRemoteVersionInfoCback)
                  0001d9e4    00000064     rcl_cc23x0r5.a : ble5.c.obj (.text.RCL_Handler_BLE5_updateConnStats)
                  0001da48    00000064     drivers_cc23x0r5.a : UART2LPF3.c.obj (.text.UART2Support_dmaStopRx)
                  0001daac    00000064     StackWrapper.a : StackWrapper_Host_gapbondmgr.obj (.text.gapBondStateDoGATTDisc)
                  0001db10    00000064     OneLib.a : OneLib_Host_GAP_gap_scanner.obj (.text.gapScan_filterDiscMode)
                  0001db74    00000064              : OneLib_Host_Profiles_gattservapp.obj (.text.gattServApp_DequeueReTx)
                  0001dbd8    00000064              : OneLib_Host_L2CAP_l2cap_task.obj (.text.l2capProcessSignal)
                  0001dc3c    00000064              : OneLib_Host_L2CAP_l2cap_util.obj (.text.l2capSendNextSegment)
                  0001dca0    00000064              : OneLib_LL_ll_common.obj (.text.llEnqueueCtrlPkt)
                  0001dd04    00000064              : OneLib_LL_ll_common.obj (.text.llSetupUpdateChanReq)
                  0001dd68    00000064              : OneLib_LL_ll_access_address.obj (.text.llValidAccessAddr)
                  0001ddcc    00000064     ti_freertos_config.o (.text.mq_send)
                  0001de30    00000064     osal_icall_ble.o (.text.stack_main)
                  0001de94    00000064     ti_freertos_config.o (.text.xTaskCreate)
                  0001def8    00000062     libclang_rt.builtins.a : aeabi_dcmp.S.obj (.text.__aeabi_dcmp)
                  0001df5a    00000062     StackWrapper.a : StackWrapper_Host_gapbondmgr.obj (.text.gapBondMgrBondReq)
                  0001dfbc    00000060     drivers_cc23x0r5.a : AESCMACLPF3.c.obj (.text.AESCMACLPF3_hwiFxn)
                  0001e01c    00000060     OneLib.a : OneLib_Host_ATT_att_util.obj (.text.ATT_ParsePacket)
                  0001e07c    00000060     bleapputil_task.o (.text.BLEAppUtil_createBLEAppUtilTask)
                  0001e0dc    00000060     ti_freertos_config.o (.text.ClockP_stop)
                  0001e13c    00000060     app_connection.o (.text.Connection_HciGAPEventHandler)
                  0001e19c    00000060     StackWrapper.a : StackWrapper_Host_gapbondmgr.obj (.text.GAPBondMgr_Pair)
                  0001e1fc    00000060     OneLib.a : OneLib_HCI_hci.obj (.text.HCI_HostNumCompletedPktCmd)
                  0001e25c    00000060     icall_POSIX.o (.text.ICall_sendServiceComplete)
                  0001e2bc    00000060     OneLib.a : OneLib_LL_ll_isr.obj (.text.LL_rclCentralCallback)
                  0001e31c    00000060     menu_module.o (.text.MenuModule_displayMenu)
                  0001e37c    00000060     nvocmp.o (.text.NVOCMP_compactNvApi)
                  0001e3dc    00000060     rcl_cc23x0r5.a : ble5.c.obj (.text.RCL_BLE5_updateFilterList)
                  0001e43c    00000060     OneLib.a : OneLib_Host_SM_sm_task.obj (.text.SM_GetEccKeys)
                  0001e49c    00000060     app_main.o (.text.doAttWriteNoRsp)
                  0001e4fc    00000060     StackWrapper.a : StackWrapper_Host_gapbondmgr.obj (.text.gapBondMgrUpdateLruBondList)
                  0001e55c    00000060     OneLib.a : OneLib_Host_GATT_gatt_client.obj (.text.gattProcessFindByTypeValue)
                  0001e5bc    00000060              : OneLib_LL_ll_common.obj (.text.llDequeueCtrlPkt)
                  0001e61c    00000060              : OneLib_LL_ll_common.obj (.text.llQueryTxQueue)
                  0001e67c    0000005e              : OneLib_LL_ll_common.obj (.text.llSetupRejectIndExt)
                  0001e6da    0000005e              : OneLib_LL_ll_common.obj (.text.llSetupTermInd)
                  0001e738    0000005c     drivers_cc23x0r5.a : AESECBLPF3.c.obj (.text.AESECBLPF3_hwiFxn)
                  0001e794    0000005c     ti_freertos_config.o (.text.ClockP_walkQueueDynamic)
                  0001e7f0    0000005c     drivers_cc23x0r5.a : CryptoResourceLPF3.c.obj (.text.CryptoResourceLPF3_constructRTOSObjects)
                  0001e84c    0000005c     OneLib.a : OneLib_Host_GATT_gatt_server.obj (.text.GATT_Indication)
                  0001e8a8    0000005c     icall_POSIX.o (.text.ICall_workerThreadSendMsg)
                  0001e904    0000005c     OneLib.a : OneLib_LL_ll.obj (.text.LL_Disconnect)
                  0001e960    0000005c              : OneLib_LL_ll.obj (.text.LL_SetAddressResolutionEnable)
                  0001e9bc    0000005c     rcl_cc23x0r5.a : LRFCC23X0.c.obj (.text.LRF_setRxFifoEffSz)
                  0001ea18    0000005c     app_menu.o (.text.Menu_doGattReadCB)
                  0001ea74    0000005c     nvocmp.o (.text.NVOCMP_checkItem)
                  0001ead0    0000005c     rcl_cc23x0r5.a : ble5.c.obj (.text.RCL_Handler_BLE5_updateBackoffParams)
                  0001eb2c    0000005c     OneLib.a : OneLib_Host_SM_sm_intpairing.obj (.text.SM_StartEncryption)
                  0001eb88    0000005c     StackWrapper.a : StackWrapper_Host_sm_ecc.obj (.text.SM_p256KeyCB)
                  0001ebe4    0000005c     ble_stack_api.o (.text.bleStack_initGap)
                  0001ec40    0000005c     StackWrapper.a : StackWrapper_Host_gapbondmgr.obj (.text.gapBondMgr_UpdateCharCfg)
                  0001ec9c    0000005c     OneLib.a : OneLib_Host_GAP_gap_configmgr.obj (.text.gap_ParamsInit)
                  0001ecf8    0000005c              : OneLib_LL_ll_dfl.obj (.text.llDFLUpdateRanks)
                  0001ed54    0000005c     StackWrapper.a : StackWrapper_OSAL_osal_timers.obj (.text.osal_timer_refTimeUpdate)
                  0001edb0    0000005c     rcl_cc23x0r5.a : RCL.c.obj (.text.rclPowerNotify)
                  0001ee0c    0000005c     OneLib.a : OneLib_Host_SM_sm_intpairing.obj (.text.setupInitiatorKeys)
                  0001ee68    0000005c              : OneLib_Host_SM_sm_intpairing.obj (.text.smInitiatorAuthStageTwo)
                  0001eec4    0000005c              : OneLib_Host_SM_sm_rsppairing.obj (.text.smResponderAuthStageTwo)
                  0001ef20    0000005c              : OneLib_Host_SM_sm_intpairing.obj (.text.smpInitiatorProcessCentralID)
                  0001ef7c    0000005c              : OneLib_Host_SM_sm_intpairing.obj (.text.smpInitiatorProcessPairingDHKeyCheck)
                  0001efd8    0000005c     ti_freertos_config.o (.text.xTaskCheckForTimeOut)
                  0001f034    0000005a     StackWrapper.a : StackWrapper_Host_gapbondmgr.obj (.text.GapBondMgr_GetPrevAuth)
                  0001f08e    0000005a     nvocmp.o (.text.NVOCMP_verifyCRC)
                  0001f0e8    0000005a     OneLib.a : OneLib_Host_GAP_gap_devmgr.obj (.text.gapFindADType)
                  0001f142    00000002     app_connection.o (.text.Pairing_ecckeyHandler)
                  0001f144    00000058     drivers_cc23x0r5.a : AESECBLPF3.c.obj (.text.AESECBLPF3_processData)
                  0001f19c    00000058     OneLib.a : OneLib_LL_ll_al.obj (.text.AL_ClearIgnoreList)
                  0001f1f4    00000058     bleapputil_init.o (.text.BLEAppUtil_init)
                  0001f24c    00000058     drivers_cc23x0r5.a : Button.c.obj (.text.Button_gpioCallbackFxn)
                  0001f2a4    00000058     app_dev_info.o (.text.DevInfo_start)
                  0001f2fc    00000058     icall_POSIX.o (.text.ICall_fetchMsg)
                  0001f354    00000058     icall_POSIX.o (.text.ICall_workerThreadEntry)
                  0001f3ac    00000058     OneLib.a : OneLib_LL_ll_enc.obj (.text.LL_ENC_DecryptMsg)
                  0001f404    00000058              : OneLib_LL_ll_enc.obj (.text.LL_ENC_GenerateDRBGSeedNum)
                  0001f45c    00000058              : OneLib_LL_ll.obj (.text.LL_GenerateDHKeyCmd)
                  0001f4b4    00000058     menu_module.o (.text.MenuModule_displayItem)
                  0001f50c    00000058     drivers_cc23x0r5.a : PowerCC23X0.c.obj (.text.Power_releaseDependency)
                  0001f564    00000058                        : PowerCC23X0.c.obj (.text.Power_setDependency)
                  0001f5bc    00000058     rcl_cc23x0r5.a : adc_noise.c.obj (.text.RCL_Handler_Adc_Noise_powerDown)
                  0001f614    00000058     libclang_rt.builtins.a : clzsi2.c.obj (.text.__clzsi2)
                  0001f66c    00000058     StackWrapper.a : StackWrapper_Host_gapbondmgr.obj (.text.gapBondMgrChangeState)
                  0001f6c4    00000058     OneLib.a : OneLib_Host_GAP_gap_centlinkmgr.obj (.text.gapCentProcessConnEvt)
                  0001f71c    00000058              : OneLib_Host_GATT_gatt_client.obj (.text.gattProcessReadLong)
                  0001f774    00000058              : OneLib_HCI_hci_event.obj (.text.hciInitEventMasks)
                  0001f7cc    00000058              : OneLib_LL_ll_common.obj (.text.llAllocatePDU)
                  0001f824    00000058              : OneLib_LL_ll_ae.obj (.text.llCompareSecondaryPrimaryTasksQoSParam)
                  0001f87c    00000058              : OneLib_LL_ll_common.obj (.text.llShellSortActiveConns)
                  0001f8d4    00000058              : OneLib_LL_ll_common.obj (.text.llTime2Octets)
                  0001f92c    00000058              : OneLib_LL_ll_ecc.obj (.text.ll_eccInit)
                  0001f984    00000058     StackWrapper.a : StackWrapper_OSAL_osal_cbtimer.obj (.text.osal_CbTimerStop)
                  0001f9dc    00000058     ti_freertos_config.o (.text.pthread_exit)
                  0001fa34    00000058     OneLib.a : OneLib_Host_SM_sm_pairing.obj (.text.smDetermineIOCaps)
                  0001fa8c    00000058              : OneLib_Host_SM_sm_pairing.obj (.text.smSendPublicKeys)
                  0001fae4    00000058     ti_freertos_config.o (.text.vTaskPlaceOnUnorderedEventList)
                  0001fb3c    00000056     libclang_rt.builtins.a : aeabi_idivmod.S.obj (.text.__aeabi_idivmod)
                  0001fb92    00000056     OneLib.a : OneLib_Host_GATT_gatt_client.obj (.text.gattFindByTypeValue)
                  0001fbe8    00000056              : OneLib_Host_GATT_gatt_server.obj (.text.gattProcessReadMultiReq)
                  0001fc3e    00000056              : OneLib_LL_ll_common.obj (.text.llSetupPauseEncReq)
                  0001fc94    00000056              : OneLib_LL_ll_common.obj (.text.llSetupUnknownRsp)
                  0001fcea    00000054              : OneLib_LL_ll_al.obj (.text.AL_SetAlIgnore)
                  0001fd3e    00000002     rcl_cc23x0r5.a : RCL_Tracer.c.obj (.text.RCL_GPIO_disable)
                  0001fd40    00000054     OneLib.a : OneLib_Host_ATT_att_client.obj (.text.ATT_WriteReq)
                  0001fd94    00000054     ti_drivers_config.o (.text.Board_shutDownExtFlash)
                  0001fde8    00000054     display_cc23x0r5.a : Display.c.obj (.text.Display_doOpen)
                  0001fe3c    00000054     StackWrapper.a : StackWrapper_Host_gapbondmgr.obj (.text.GAPBondMgr_SCGetLocalOOBParameters)
                  0001fe90    00000054     OneLib.a : OneLib_Host_GAP_gap_perilinkmgr.obj (.text.GAP_SendPeripheralSecurityRequest)
                  0001fee4    00000054     icall_POSIX.o (.text.ICall_createWorkerThread)
                  0001ff38    00000054     icall_POSIX.o (.text.ICall_registerApp)
                  0001ff8c    00000054     OneLib.a : OneLib_LL_ll_enc.obj (.text.LL_ENC_AES128_Encrypt)
                  0001ffe0    00000054              : OneLib_LL_ll_privacy.obj (.text.LL_PRIV_ClearExtAL)
                  00020034    00000054              : OneLib_LL_ll_privacy.obj (.text.LL_PRIV_GenerateRPA)
                  00020088    00000054     rcl_cc23x0r5.a : LRFCC23X0.c.obj (.text.LRF_readRxFifoWords)
                  000200dc    00000054     rom_init.o (.text.MAP_llInitFeatureSet)
                  00020130    00000054     menu_module.o (.text.MenuModule_initButtons)
                  00020184    00000054     app_menu.o (.text.Menu_doDisableNotification)
                  000201d8    00000054     app_menu.o (.text.Menu_doEnableNotification)
                  0002022c    00000054     rcl_cc23x0r5.a : RCL.c.obj (.text.RCL_Command_pend)
                  00020280    00000054                    : RCL_Scheduler.c.obj (.text.RCL_Scheduler_setStartStopTimeEarliestStart)
                  000202d4    00000054     drivers_cc23x0r5.a : UART2.c.obj (.text.UART2_readCancel)
                  00020328    00000054     OneLib.a : OneLib_Host_GAP_gap_linkmgr.obj (.text.gapPasskeyNeededCB)
                  0002037c    00000054              : OneLib_Host_GATT_gatt_task.obj (.text.gattNotifyEvent)
                  000203d0    00000054              : OneLib_Host_Profiles_gattservapp.obj (.text.gattServApp_EnqueuePrepareWriteReq)
                  00020424    00000054     rcl_cc23x0r5.a : hal_cc23x0.c.obj (.text.hal_check_clear_timer_compare)
                  00020478    00000054     OneLib.a : OneLib_LL_ll_common.obj (.text.llGetNextDataChanAlgo1)
                  000204cc    00000054              : OneLib_LL_ll_scheduler.obj (.text.llLinkSchedSetup)
                  00020520    00000054              : OneLib_LL_ll_common.obj (.text.llReleaseConnId)
                  00020574    00000054              : OneLib_LL_ll_common.obj (.text.llSetCodedMaxTxTime)
                  000205c8    00000054              : OneLib_LL_ll_common.obj (.text.llSetupStartEncRsp)
                  0002061c    00000054              : OneLib_LL_ll_common.obj (.text.llVerifyCodedConnInterval)
                  00020670    00000054     StackWrapper.a : StackWrapper_OSAL_osal_clock.obj (.text.osalAdjustTimer)
                  000206c4    00000054     ti_freertos_config.o (.text.sleepTicks)
                  00020718    00000054     ti_freertos_config.o (.text.vTaskStartScheduler)
                  0002076c    00000054     ti_freertos_config.o (.text.xQueueGenericCreate)
                  000207c0    00000052     StackWrapper.a : StackWrapper_Host_gap.obj (.text.GAP_DeviceInit_per_role)
                  00020812    00000052     OneLib.a : OneLib_Host_GATT_gatt_client.obj (.text.gattPrepareWriteReq)
                  00020864    00000052              : OneLib_LL_ble.obj (.text.llMoveTempTxDataEntries)
                  000208b6    00000052              : OneLib_Host_SMP_smp.obj (.text.smSendSMMsg)
                  00020908    00000050     drivers_cc23x0r5.a : AESCCMLPF3.c.obj (.text.AESCCMLPF3_processB1withAAD)
                  00020958    00000050                        : AESCTRLPF3.c.obj (.text.AESCTRLPF3_configDataDMA)
                  000209a8    00000050                        : ECCInitLPF3SW.c.obj (.text.ECCInitLPF3SW_NISTP224)
                  000209f8    00000050                        : ECCInitLPF3SW.c.obj (.text.ECCInitLPF3SW_NISTP256)
                  00020a48    00000050     OneLib.a : OneLib_Host_GAP_gap_linkmgr.obj (.text.GAP_Signable)
                  00020a98    00000050     StackWrapper.a : StackWrapper_Host_gapbondmgr.obj (.text.GapBondMgr_StartEnc)
                  00020ae8    00000050     OneLib.a : OneLib_Host_GAP_gap_initiator.obj (.text.GapInit_setPhyParam)
                  00020b38    00000050              : OneLib_HCI_hci_event.obj (.text.HCI_CommandStatusEvent)
                  00020b88    00000050              : OneLib_HCI_hci_event.obj (.text.HCI_SendControllerToHostEvent)
                  00020bd8    00000050              : OneLib_HCI_hci_event.obj (.text.LL_ConnParamUpdateRejectCback)
                  00020c28    00000050              : OneLib_LL_ll.obj (.text.LL_initRNGNoise)
                  00020c78    00000050     drivers_cc23x0r5.a : RNGLPF3RF.c.obj (.text.RNG_construct)
                  00020cc8    00000050                        : UDMALPF3.c.obj (.text.UDMALPF3_init)
                  00020d18    00000050     StackWrapper.a : StackWrapper_Host_gapbondmgr.obj (.text.gapBondMgrReadBonds)
                  00020d68    00000050                    : StackWrapper_Host_gapbondmgr.obj (.text.gapBondMgr_SupportsCentAddrRes)
                  00020db8    00000050     OneLib.a : OneLib_Host_L2CAP_l2cap_util.obj (.text.l2capAllocConnChannel)
                  00020e08    00000050              : OneLib_Host_L2CAP_l2cap_util.obj (.text.l2capSendFCPkt)
                  00020e58    00000050              : OneLib_LL_ll_common.obj (.text.llSetupPingReq)
                  00020ea8    00000050              : OneLib_LL_ll_common.obj (.text.llSetupPingRsp)
                  00020ef8    00000050              : OneLib_Host_SM_sm_pairing.obj (.text.smProcessPairingReq)
                  00020f48    00000050              : OneLib_Host_SM_sm_mgr.obj (.text.sm_s1)
                  00020f98    0000004e              : OneLib_Host_ATT_att_util.obj (.text.ATT_CompareUUID)
                  00020fe6    0000004e     ti_freertos_config.o (.text.realloc)
                  00021034    0000004c     drivers_cc23x0r5.a : AESCommonLPF3.c.obj (.text.AESCommonLPF3_cleanup)
                  00021080    0000004c     bleapputil_process.o (.text.BLEAppUtil_callEventHandler)
                  000210cc    0000004c     ti_drivers_config.o (.text.Board_sendExtFlashByte)
                  00021118    0000004c     OneLib.a : OneLib_Host_GAP_gap_linkmgr.obj (.text.GAP_PasscodeUpdate)
                  00021164    0000004c              : OneLib_Host_GAP_gap_linkmgr.obj (.text.GAP_TerminateLinkReq)
                  000211b0    0000004c     StackWrapper.a : StackWrapper_Host_gattservapp_util.obj (.text.GATTServApp_ProcessCCCWriteReq)
                  000211fc    0000004c     OneLib.a : OneLib_HCI_TL_hci_tl.obj (.text.HCI_Init)
                  00021248    0000004c              : OneLib_LL_ll.obj (.text.LL_ClearResolvingList)
                  00021294    0000004c     driverlib.a : lrfd.c.obj (.text.LRFDApplyClockDependencies)
                  000212e0    0000004c     rcl_cc23x0r5.a : LRFCC23X0.c.obj (.text.LRF_programTemperatureCompensatedTxPower)
                  0002132c    0000004c                    : LRFCC23X0.c.obj (.text.LRF_writeTxFifoWords)
                  00021378    0000004c     app_menu.o (.text.Menu_GattExchangeMTUCB)
                  000213c4    0000004c     rcl_cc23x0r5.a : ble5.c.obj (.text.RCL_Handler_BLE5_initAdvScanInitStats)
                  00021410    0000004c                    : RCL.c.obj (.text.RCL_open)
                  0002145c    0000004c     OneLib.a : OneLib_LL_ll_common.obj (.text.RfBleDpl_setConnPhy)
                  000214a8    0000004c              : OneLib_Host_GAP_gap_configmgr.obj (.text.gapReadBufSizeCmdStatus)
                  000214f4    0000004c              : OneLib_Host_Profiles_gattservapp.obj (.text.gattServApp_ClearPrepareWriteQ)
                  00021540    0000004c              : OneLib_Host_GATT_gatt_client.obj (.text.gattWrite)
                  0002158c    0000004c              : OneLib_LL_ll_common.obj (.text.llGenPrnE)
                  000215d8    0000004c              : OneLib_LL_ll_common.obj (.text.llProcessChanMap)
                  00021624    0000004c              : OneLib_LL_ll_scheduler.obj (.text.llSelectTaskInit)
                  00021670    0000004c              : OneLib_LL_ll_scheduler.obj (.text.llSelectTaskScan)
                  000216bc    0000004c              : OneLib_LL_ll_common.obj (.text.llSetStarvationMode)
                  00021708    0000004c     StackWrapper.a : StackWrapper_OSAL_osal.obj (.text.osal_init_system)
                  00021754    0000004c     ti_freertos_config.o (.text.removeThreadKeys)
                  000217a0    0000004c     OneLib.a : OneLib_Host_SM_sm_pairing.obj (.text.smGenerateAddrInput_sPatch)
                  000217ec    0000004c              : OneLib_Host_SM_sm_pairing.obj (.text.sm_computeDHKey)
                  00021838    0000004c              : OneLib_Host_SM_sm_intpairing.obj (.text.smpInitiatorProcessIdentityAddrInfo)
                  00021884    0000004c              : OneLib_Host_SM_sm_intpairing.obj (.text.smpInitiatorProcessPairingConfirm)
                  000218d0    0000004c     ti_freertos_config.o (.text.vPortFree)
                  0002191c    0000004c     ti_freertos_config.o (.text.vTaskStepTick)
                  00021968    0000004c     ti_freertos_config.o (.text.xTimerCreateTimerTask)
                  000219b4    0000004a     rcl_cc23x0r5.a : LRF.c.obj (.text.LRF_loadImage)
                  000219fe    00000002                    : RCL_Tracer.c.obj (.text.RCL_GPIO_enable)
                  00021a00    0000004a     libclang_rt.builtins.a : fixdfsi.S.obj (.text.__fixdfsi)
                  00021a4a    0000004a     ti_freertos_config.o (.text.calloc)
                  00021a94    0000004a     OneLib.a : OneLib_LL_ll_common.obj (.text.llGetNextDataChanAlgo2)
                  00021ade    0000004a     ecc.a : lowlevelapi.c.obj (.text.zADD32)
                  00021b28    00000048     drivers_cc23x0r5.a : AESCCMLPF3.c.obj (.text.AESCCMLPF3_processCTRCounterBlock)
                  00021b70    00000048                        : AESCCMLPF3.c.obj (.text.AESCCMLPF3_processOneStepCTRPolling)
                  00021bb8    00000048     bleapputil_init.o (.text.BLEAppUtil_invokeFunction)
                  00021c00    00000048     ti_freertos_config.o (.text.ClockP_construct)
                  00021c48    00000048     OneLib.a : OneLib_HCI_TL_hci_tl.obj (.text.HCI_ProcessEvent)
                  00021c90    00000048     icall_POSIX.o (.text.ICall_newTask)
                  00021cd8    00000048     icall_POSIX.o (.text.ICall_wait)
                  00021d20    00000048     driverlib.a : interrupt.c.obj (.text.IntSetPend)
                  00021d68    00000048     OneLib.a : OneLib_LL_ll_ae.obj (.text.LL_AE_Init)
                  00021db0    00000048              : OneLib_LL_ll.obj (.text.LL_RemoteConnParamReqNegReply)
                  00021df8    00000048              : OneLib_LL_ll.obj (.text.LL_SetResolvablePrivateAddressTimeout)
                  00021e40    00000048     app_menu.o (.text.Menu_connectToDeviceCB)
                  00021e88    00000048     nvocmp.o (.text.NVOCMP_loadApiPtrsMin)
                  00021ed0    00000048     nvocmp.o (.text.NVOCMP_readItem)
                  00021f18    00000048     drivers_cc23x0r5.a : NVS.c.obj (.text.NVS_open)
                  00021f60    00000048                        : PowerCC23X0.c.obj (.text.PowerCC23X0_hfxtAmpsettledTimeout)
                  00021fa8    00000048                        : PowerCC23X0.c.obj (.text.PowerLPF3_getHfxtAmpAdjustment)
                  00021ff0    00000048     rcl_cc23x0r5.a : RCL.c.obj (.text.RCL_Command_submit)
                  00022038    00000048                    : ble5.c.obj (.text.RCL_Handler_BLE5_findPbeErrorEndStatus)
                  00022080    00000048     drivers_cc23x0r5.a : Random.c.obj (.text.Random_seedAutomatic)
                  000220c8    00000048                        : RingBuf.c.obj (.text.RingBuf_put)
                  00022110    00000048                        : SHA2LPF3SW.c.obj (.text.SHA2_construct)
                  00022158    00000048     simple_gatt_profile.o (.text.SimpleGattProfile_addService)
                  000221a0    00000048     ti_freertos_config.o (.text.__aeabi_errno_addr)
                  000221e8    00000048     drivers_cc23x0r5.a : TemperatureLPF3.c.obj (.text.degreesToCode)
                  00022230    00000048     StackWrapper.a : StackWrapper_Host_gapbondmgr.obj (.text.gapBondStateStartNextGATTDisc)
                  00022278    00000048     OneLib.a : OneLib_Host_GAP_gap_linkmgr.obj (.text.gapFreeAuthLink)
                  000222c0    00000048              : OneLib_Host_GATT_gatt_server.obj (.text.gattProcessReadByGrpTypeReq)
                  00022308    00000048              : OneLib_Host_L2CAP_l2cap_util.obj (.text.l2capGetCoChannelInfo)
[...]
20007ae4  deviceFeatureSet                                 
20007af6  buildInfo                                        
20007af8  cryptoKey                                        
20007b08  eccParams                                        
20007b18  encParamsCCM                                     
20007b28  encParamsECB                                     
20007b38  extInitOutput                                    
20007b48  extScanOutput                                    
20007b58  localPrivateKey                                  
20007b68  localPublicKey                                   
20007b78  operationECB                                     
20007b88  operationGeneratePublicKey                       
20007b98  rankFLTable                                      
20007ba8  rclState                                         
20007bb8  remotePublicKey                                  
20007bc8  rxTestOut                                        
20007bd8  sharedSecret                                     
20007bf7  GATTServApp_TaskID                               
20007c04  cachedTRNGdata                                   
20007c10  displayUart2Object                               
20007c1c  llTaskList                                       
20007c28  swParamList                                      
20007c54  BLEAppUtil_theardEntity                          
20007c5c  POSIX_args                                       
20007c64  RNGLPF3RF_objects                                
20007c6c  gattReTxList                                     
20007c74  llConnEvtNotice                                  
20007c7c  llConns                                          
20007c84  llRfCmdPreemption                                
20007c8c  pBleEvtMask                                      
20007c94  pHciEvtMask                                      
20007c9c  pHciEvtMask2                                     
20007ca4  peripheralUpdateReq                              
20007cac  privInfo                                         
20007cb4  scanDataQueue                                    
20007cbc  workerThreadEntity                               
20007cc4  gapCurrentRandomAddr                             
20007cca  connInitialMaxTxOctets                           
20007ccc  ownPublicAddr                                    
20007cd2  connInitialMaxTxTime                             
20007cd4  ownRandomAddr                                    
20007cda  connInitialMaxTxTimeCoded                        
20007cdc  ownSavedPublicAddr                               
20007ce2  verInfo                                          
20007ce8  defaultChannelMap                                
20007ced  secondaryAdvChannelMap                           
20007cf2  connInitialMaxTxTimeUncoded                      
20007d10  BDAddrPerConnHandle                              
20007d14  RemoteTask                                       
20007d18  SysBootMsg                                       
20007d1c  activeConns                                      
20007d20  alTable                                          
20007d24  alTableScan                                      
20007d28  appInitDoneHandler                               
20007d2c  clientInfoTbl                                    
20007d30  drbgHandle                                       
20007d34  dtmInfo                                          
20007d38  ecdhHandle                                       
20007d3c  encHandleCCM                                     
20007d40  encHandleECB                                     
20007d44  errorHandlerCb                                   
20007d48  extStackSettings                                 
20007d4c  gapScanUarg                                      
20007d50  handle_left                                      
20007d54  handle_right                                     
20007d58  l2capChannels                                    
20007d5c  l2capPsm                                         
20007d60  linkCmd                                          
20007d64  linkDB                                           
20007d68  linkParam                                        
20007d6c  operationResult                                  
20007d70  osal_last_timestamp                              
20007d74  osal_max_msecs                                   
20007d78  osal_qHead                                       
20007d7c  osal_syncHandle                                  
20007d80  osal_tickperiod                                  
20007d84  pNextAdvSet                                      
20007d88  pRfPathComp                                      
20007d8c  prepareWritesTbl                                 
20007d90  resolvingList                                    
20007d94  rfHandle                                         
20007d98  serverInfoTbl                                    
20007d9c  taskEndAction                                    
20007da0  tasksEvents                                      
20007da4  timerHead                                        
20007da8  trngHandle                                       
20007dac  txDataQ                                          
20007db0  maximumPduSize                                   
20007db2  numHostBufs                                      
20007db4  postRfOperations                                 
20007db6  pwrmgr_attribute                                 
20007db8  supportedMaxRxOctets                             
20007dba  supportedMaxRxTime                               
20007dbc  supportedMaxTxOctets                             
20007dbe  supportedMaxTxTime                               
20007dc0  LL_TaskID                                        
20007dc1  NVOCMP_size                                      
20007dc2  NVSLPF3_objects                                  
20007dc3  adcNoiseHandlerState                             
20007dc4  aeCurHandle                                      
20007dc5  alSize                                           
20007dc6  ctrlToHostEnable                                 
20007dc7  curTxPowerVal                                    
20007dc8  defaultPhy                                       
20007dc9  extInitIndex                                     
20007dca  extScanIndex                                     
20007dcb  fastTxRespTime                                   
20007dcc  fltPduTypeMask                                   
20007dcd  fltPduTypeWanted                                 
20007dce  gAction                                          
20007dcf  gapDeviceAddrMode                                
20007dd0  gapScanEndReason                                 
20007dd1  gapScanMaxNumReport                              
20007dd2  gapScanPackedAdvRptSize                          
20007dd3  gapTaskID                                        
20007dd4  gattNumConns                                     
20007dd5  gattTaskID                                       
20007dd6  hciGapTaskID                                     
20007dd7  hciL2capTaskID                                   
20007dd8  hciPTMenabled                                    
20007dd9  hciSmpTaskID                                     
20007dda  hciTaskID                                        
20007ddb  hciTestTaskID                                    
20007ddc  hciVsEvtMask                                     
20007ddd  icall_liteTaskId                                 
20007dde  l2capNumChannels                                 
20007ddf  l2capTaskID                                      
20007de0  l2cap_gattServAppTaskID                          
20007de1  linkDBNumConns                                   
20007de2  llState                                          
20007de3  maxNumConns                                      
20007de4  maxNumTxDataBufs                                 
20007de5  maxTxPwrForDTM                                   
20007de6  numActiveAdvSets                                 
20007de7  numComplPkts                                     
20007de8  numComplPktsFlush                                
20007de9  numComplPktsLimit                                
20007dea  numTxDataBufs                                    
20007deb  onePktPerEvt                                     
20007dec  osal_entity                                      
20007ded  rfFeModeBias                                     
20007dee  rlSize                                           
20007def  rxFifoFlowCtrl                                   
20007df0  scanReqRpt                                       
20007df1  secondaryAdvChannelMapPopCount                   
20007df2  slOverride                                       
20007df3  smGenerateDHKeyStatus                            
20007df4  smReadLocalP256PublicKeyStatus                   
20007df5  smTaskID                                         
20008194  gapAttrTbl                                       
200082d0  deviceCert                                       
20008359  signerCert                                       
200083e2  smExpectAppKeysInd                               
200083e3  SM_appTaskID                                     
2000846d  gapAppTaskID                                     
2000846e  gapEndAppTaskID                                  
200084f9  l2capNumDataPkts                                 
200084fa  flowCtrlTaskId                                   
200084fb  flowCtrlFwdTaskId                                
200084fc  l2capNumPSM                                      
200084fd  l2capNumCoChannels                               
200084fe  l2capUserConfig                                  
2000857a  pRandomAddress                                   
200085d0  HwiP_swiPIntNum                                  
20008740  gpioPinConfigs                                   
200087a8  gapBond_removeLRUBond                            
200087a9  gapBond_syncRL                                   
200087c4  gapBondStateNodeHead                             
200087c8  gapBond_lruBondList                              
200087d8  clientCbs                                        
200087ec  gapBond_remoteOobData                            
200088c8  GATTServApp_att_delayed_req                      
200088c9  GATTServApp_gatt_no_service_changed              
200088cc  pAttrValue                                       
200088d0  gattAttrTbl_gatt_no_service_changed              
200088e0  gattAttrTbl                                      
20008a4e  baseTaskID                                       
20008a90  sm_eccKeys_sc_host_debug                         
20008ad0  llUserConfig                                     
20008b0c  gapInitCreateConnCmdSize                         
20008b0d  gapInitPhyParamsSize                             
20008b10  pGapInitCreateConnCmd                            
20008b14  gapInitPhyParam                                  
20008b44  scanResToDiscard                                 
20008b45  gapScanSetParamsCmdSize                          
20008b46  gapScanPhyParamSize                              
20008b47  gapScanEnableCmdSize                             
20008b48  gapScanAdvRptFragSize                            
20008b49  gapScanEvtAdvRptSize                             
20008b4a  gapScanEvtEndSize                                
20008b4b  gapScanAdvRptSessionSize                         
20008b4c  gapScanSessionEndEventSize                       
20008b50  gapScanEvtMask                                   
20008b54  pGapScanSession                                  
20008b58  pGapScanSetParamsCmd                             
20008b5c  pGapScanSetEnableCmd                             
20008b60  pGapScanAdvRptList                               
20008b64  gapScan_appEvtProcess                            
20008b68  gapScanPhyParams                                 
20008b72  gapScanParams                                    
20008ba6  bleUserCfg_maxPduSize                            
20008ba8  appMainPeriCentParams                            
20008bb0  appMainParams                                    
20008bfc  dispHandle                                       
20008c20  centAddrRes                                      
20008c21  resolvablePrivateAddressOnly                     
20008c22  appearance                                       
20008c28  periConnParameters                               
20008c30  deviceName                                       
20008c46  disconnectImmedConnId                            
20008c48  connectionConnHandler                            
20008c54  connectionHciGAPHandler                          
20008c60  PairingecckeyHandler                             
20008c6c  dataGATTHandler                                  
20008c78  verifyHandler                                    
20008c84  challengeHandler                                 
20008c90  eccParams_NISTP256                               
20008cb4  rxDataQ                                          
20008cd8  gapProfileRole                                   
20008cd9  gapConfig_IRK                                    
20008ce9  gapConfig_SRK                                    
20008cf9  appTaskID                                        
20008cfa  l2capMtuSize                                     
20008cfc  enckey                                           
20008d1c  gapParameters                                    
20008d3a  llUserConfig_maxPduSize                          
20008d3c  centralConnHandler                               
20008d48  centralScanHandler                               
20008d54  pairingPasscodeHandler                           
20008d60  PairingPairStateHandler                          
20008d84  attDeviceName                                    
20008d99  DisplayUart2Ansi_escInitial                      
20008e12  smRspWaitingConnHandle                           
20008e24  maxSupportedAdvSets                              
20008e25  aePeripheralSCA                                  
20008e28  advSetList                                       
20008e2c  extScanInfo                                      
20008e30  extInitInfo                                      
20008e38  osal_eventloop_hook                              
20008e3c  osal_icallMsg_hook                               
20008e44  BLEAppUtilLocal_GeneralParams                    
20008e48  BLEAppUtilLocal_PeriCentParams                   
20008e4c  BLEAppUtil_bondMgrCBs                            
20008e78  smInitiatorCBs                                   
20008e97  gapBondParams                                    
20008ea6  appearanceCharProps                              
20008ea7  att_sendRspOnly                                  
20008ea8  pPairingParams                                   
20008eac  pfnResponderCBs                                  
20008eb0  pfnInitiatorCBs                                  
20008ec0  halSchedFsmCb                                    
20008ec4  halDispatchFsmCb                                 
20008ec8  halCommandFsmCb                                  
20008ecc  bleAppServiceInfoTable                           
20008ed8  user0Cfg                                         
20008eed  centAddrResCharProps                             
20008eef  channel2usage                                    
20008ef0  terminateReason                                  
20008ef2  peripheralConnHandle                             
20008ef4  pAuthLink                                        
20008ef8  indTaskId                                        
20008efc  pClientSecCBs                                    
20008f00  nextHandle                                       
20008f04  pServiceList                                     
20008f08  pfnServerProcessMsgCB                            
20008f0c  pfnClientProcessMsgCB                            
20008f10  assertSubcause                                   
20008f11  legacyMode                                       
20008f14  halAssertCback                                   
20008f18  bm_preReleaseBuffCB                              
20008f20  OSAL_timeSeconds                                 
20008f28  fXtalInv                                         
20008f30  DisplayUart2Ansi_escClearScreen                  
20008f35  defaultTxPowerDbm                                
20008f38  BLEAppUtilEventHandlersHead                      
20008f3c  ICall_dispatcher                                 
20008f40  ICall_enterCriticalSection                       
20008f44  ICall_leaveCriticalSection                       
20008f48  RNGLPF3RF_noiseConditioningKeyWord0              
20008f4c  RNGLPF3RF_noiseConditioningKeyWord1              
20008f50  RNGLPF3RF_noiseConditioningKeyWord2              
20008f54  RNGLPF3RF_noiseConditioningKeyWord3              
20008f58  appAssertCback                                   
20008f5c  attClientNotifyTxCB                              
20008f60  attServerNotifyTxCB                              
20008f68  ggs_AppCBs                                       
20008f6c  initDataQueue                                    
20008f70  pGapCentralConnCBs                               
20008f74  pRXWindowTask                                    
20008f78  pfnBMAlloc                                       
20008f7c  pfnBMFree                                        
20008f80  pfnBondMgrCBs                                    
20008f84  pfnCentralConnCBs                                
20008f88  pfnPeripheralConnCBs                             
20008f8c  pxCurrentTCB                                     
20008f94  serviceCBsList                                   
20008fa7  deviceNameCharProps                              
20008fa8  extScanChanMap                                   
20008fa9  gapState                                         
20008faa  gapUnwantedTaskID                                
20008fab  gattAppTaskID                                    
20008fb3  l2capFlowCtrlMode                                
20008fb4  l2capId                                          
20008fb6  linkDB_secureConnectionOnlyMode                  
20008fb7  maxNumPrepareWrites                              
20008fb8  periConnParamCharProps                           
20008fb9  pwrmgr_initialized                               
20008fba  qosDefaultPriorityConnParameter                  
20008fbb  qosDefaultPriorityInitParameter                  
20008fbc  qosDefaultPriorityScnParameter                   
20008fbd  randomAddressConfigured                          
20008fbe  reqTaskId                                        
20008fbf  resolvablePrivateAddressOnlyCharProps            
20008fc1  scanState                                        
20008fc9  smAllowDebugKeysMode                             
20008fca  smAppProcessLTKRequest                           
20008fcb  smAuthenPairingOnlyMode                          
4e020000  ccfg                                             
4e020000  ti_utils_build_GenMap_sym_CRC_CCFG_BOOT_CFG_begin
4e02000b  ti_utils_build_GenMap_sym_CRC_CCFG_BOOT_CFG_end  
4e020010  ti_utils_build_GenMap_sym_CRC_CCFG_begin         
4e02074b  ti_utils_build_GenMap_sym_CRC_CCFG_end           
4e0207d0  ti_utils_build_GenMap_sym_CRC_CCFG_DEBUG_begin   
4e0207fb  ti_utils_build_GenMap_sym_CRC_CCFG_DEBUG_end     
ffffffff  __TI_pprof_out_hndl                              
ffffffff  __TI_prof_data_size                              
ffffffff  __TI_prof_data_start                             
ffffffff  __binit__                                        
ffffffff  binit                                            
UNDEFED   RCL_Debug_assertProxy                            
UNDEFED   RCL_Profiling_eventHook                          
UNDEFED   __mpu_init                                       
UNDEFED   _system_post_cinit                               

[2319 symbols]
